Archive member included to satisfy reference by file (symbol)

bin_dsp\libCMSISDSP.a(arm_mat_add_f32.c.obj)
                              CMakeFiles/Engineer_Chassis_2025.elf.dir/Component/Drivers/Peripherals/IMU/QuaternionEKF.c.obj (arm_mat_add_f32)
bin_dsp\libCMSISDSP.a(arm_mat_init_f32.c.obj)
                              CMakeFiles/Engineer_Chassis_2025.elf.dir/Component/Drivers/Peripherals/IMU/QuaternionEKF.c.obj (arm_mat_init_f32)
bin_dsp\libCMSISDSP.a(arm_mat_inverse_f32.c.obj)
                              CMakeFiles/Engineer_Chassis_2025.elf.dir/Component/Drivers/Peripherals/IMU/QuaternionEKF.c.obj (arm_mat_inverse_f32)
bin_dsp\libCMSISDSP.a(arm_mat_mult_f32.c.obj)
                              CMakeFiles/Engineer_Chassis_2025.elf.dir/Component/Drivers/Peripherals/IMU/QuaternionEKF.c.obj (arm_mat_mult_f32)
bin_dsp\libCMSISDSP.a(arm_mat_sub_f32.c.obj)
                              CMakeFiles/Engineer_Chassis_2025.elf.dir/Component/Drivers/Peripherals/IMU/QuaternionEKF.c.obj (arm_mat_sub_f32)
bin_dsp\libCMSISDSP.a(arm_mat_trans_f32.c.obj)
                              CMakeFiles/Engineer_Chassis_2025.elf.dir/Component/Drivers/Peripherals/IMU/QuaternionEKF.c.obj (arm_mat_trans_f32)
E:/gcc-arm-none-eabi-10.3-2021.10/bin/../lib/gcc/arm-none-eabi/13.3.1/thumb/v7e-m+fp/hard\libgcc.a(_arm_muldf3.o)
                              CMakeFiles/Engineer_Chassis_2025.elf.dir/Component/Algorithm/Src/PID.c.obj (__aeabi_dmul)
E:/gcc-arm-none-eabi-10.3-2021.10/bin/../lib/gcc/arm-none-eabi/13.3.1/thumb/v7e-m+fp/hard\libgcc.a(_arm_addsubdf3.o)
                              CMakeFiles/Engineer_Chassis_2025.elf.dir/Component/Algorithm/Src/PID.c.obj (__aeabi_dsub)
E:/gcc-arm-none-eabi-10.3-2021.10/bin/../lib/gcc/arm-none-eabi/13.3.1/thumb/v7e-m+fp/hard\libgcc.a(_arm_muldivdf3.o)
                              CMakeFiles/Engineer_Chassis_2025.elf.dir/BSP/Src/BSP_DWT.c.obj (__aeabi_ddiv)
E:/gcc-arm-none-eabi-10.3-2021.10/bin/../lib/gcc/arm-none-eabi/13.3.1/thumb/v7e-m+fp/hard\libgcc.a(_arm_cmpdf2.o)
                              CMakeFiles/Engineer_Chassis_2025.elf.dir/Component/Drivers/Peripherals/Src/Drv_IMU.c.obj (__aeabi_dcmpge)
E:/gcc-arm-none-eabi-10.3-2021.10/bin/../lib/gcc/arm-none-eabi/13.3.1/thumb/v7e-m+fp/hard\libgcc.a(_arm_truncdfsf2.o)
                              CMakeFiles/Engineer_Chassis_2025.elf.dir/Component/Algorithm/Src/PID.c.obj (__aeabi_d2f)
E:/gcc-arm-none-eabi-10.3-2021.10/bin/../lib/gcc/arm-none-eabi/13.3.1/thumb/v7e-m+fp/hard\libgcc.a(_aeabi_uldivmod.o)
                              CMakeFiles/Engineer_Chassis_2025.elf.dir/BSP/Src/BSP_DWT.c.obj (__aeabi_uldivmod)
E:/gcc-arm-none-eabi-10.3-2021.10/bin/../lib/gcc/arm-none-eabi/13.3.1/thumb/v7e-m+fp/hard\libgcc.a(_udivmoddi4.o)
                              E:/gcc-arm-none-eabi-10.3-2021.10/bin/../lib/gcc/arm-none-eabi/13.3.1/thumb/v7e-m+fp/hard\libgcc.a(_aeabi_uldivmod.o) (__udivmoddi4)
E:/gcc-arm-none-eabi-10.3-2021.10/bin/../lib/gcc/arm-none-eabi/13.3.1/thumb/v7e-m+fp/hard\libgcc.a(_dvmd_tls.o)
                              E:/gcc-arm-none-eabi-10.3-2021.10/bin/../lib/gcc/arm-none-eabi/13.3.1/thumb/v7e-m+fp/hard\libgcc.a(_aeabi_uldivmod.o) (__aeabi_ldiv0)
E:/gcc-arm-none-eabi-10.3-2021.10/bin/../lib/gcc/arm-none-eabi/13.3.1/thumb/v7e-m+fp/hard\libg.a(libc_a-exit.o)
                              E:/gcc-arm-none-eabi-10.3-2021.10/bin/../lib/gcc/arm-none-eabi/13.3.1/thumb/v7e-m+fp/hard/crt0.o (exit)
E:/gcc-arm-none-eabi-10.3-2021.10/bin/../lib/gcc/arm-none-eabi/13.3.1/thumb/v7e-m+fp/hard\libg.a(libc_a-malloc.o)
                              CMakeFiles/Engineer_Chassis_2025.elf.dir/Component/Drivers/Peripherals/IMU/kalman_filter_whx.c.obj (malloc)
E:/gcc-arm-none-eabi-10.3-2021.10/bin/../lib/gcc/arm-none-eabi/13.3.1/thumb/v7e-m+fp/hard\libg.a(libc_a-mallocr.o)
                              E:/gcc-arm-none-eabi-10.3-2021.10/bin/../lib/gcc/arm-none-eabi/13.3.1/thumb/v7e-m+fp/hard\libg.a(libc_a-malloc.o) (_malloc_r)
E:/gcc-arm-none-eabi-10.3-2021.10/bin/../lib/gcc/arm-none-eabi/13.3.1/thumb/v7e-m+fp/hard\libg.a(libc_a-mlock.o)
                              E:/gcc-arm-none-eabi-10.3-2021.10/bin/../lib/gcc/arm-none-eabi/13.3.1/thumb/v7e-m+fp/hard\libg.a(libc_a-mallocr.o) (__malloc_lock)
E:/gcc-arm-none-eabi-10.3-2021.10/bin/../lib/gcc/arm-none-eabi/13.3.1/thumb/v7e-m+fp/hard\libg.a(libc_a-findfp.o)
                              CMakeFiles/Engineer_Chassis_2025.elf.dir/Middlewares/Third_Party/FreeRTOS/Source/tasks.c.obj (__sf)
E:/gcc-arm-none-eabi-10.3-2021.10/bin/../lib/gcc/arm-none-eabi/13.3.1/thumb/v7e-m+fp/hard\libg.a(libc_a-fwalk.o)
                              E:/gcc-arm-none-eabi-10.3-2021.10/bin/../lib/gcc/arm-none-eabi/13.3.1/thumb/v7e-m+fp/hard\libg.a(libc_a-findfp.o) (_fwalk_sglue)
E:/gcc-arm-none-eabi-10.3-2021.10/bin/../lib/gcc/arm-none-eabi/13.3.1/thumb/v7e-m+fp/hard\libg.a(libc_a-stdio.o)
                              E:/gcc-arm-none-eabi-10.3-2021.10/bin/../lib/gcc/arm-none-eabi/13.3.1/thumb/v7e-m+fp/hard\libg.a(libc_a-findfp.o) (__sread)
[...]
Memory Configuration

Name             Origin             Length             Attributes
CCMRAM           0x10000000         0x00010000         xrw
RAM              0x20000000         0x00030000         xrw
FLASH            0x08000000         0x00200000         xr
*default*        0x00000000         0xffffffff

Linker script and memory map

LOAD E:/gcc-arm-none-eabi-10.3-2021.10/bin/../lib/gcc/arm-none-eabi/13.3.1/thumb/v7e-m+fp/hard/crti.o
LOAD E:/gcc-arm-none-eabi-10.3-2021.10/bin/../lib/gcc/arm-none-eabi/13.3.1/thumb/v7e-m+fp/hard/crtbegin.o
LOAD E:/gcc-arm-none-eabi-10.3-2021.10/bin/../lib/gcc/arm-none-eabi/13.3.1/thumb/v7e-m+fp/hard/crt0.o
LOAD CMakeFiles/Engineer_Chassis_2025.elf.dir/BSP/Src/BSP_Buzzer.c.obj
LOAD CMakeFiles/Engineer_Chassis_2025.elf.dir/BSP/Src/BSP_Can.c.obj
LOAD CMakeFiles/Engineer_Chassis_2025.elf.dir/BSP/Src/BSP_DWT.c.obj
LOAD CMakeFiles/Engineer_Chassis_2025.elf.dir/BSP/Src/BSP_IIC.c.obj
LOAD CMakeFiles/Engineer_Chassis_2025.elf.dir/BSP/Src/BSP_LED.c.obj
LOAD CMakeFiles/Engineer_Chassis_2025.elf.dir/BSP/Src/BSP_Usart.c.obj
LOAD CMakeFiles/Engineer_Chassis_2025.elf.dir/Component/Algorithm/Src/CRC.c.obj
LOAD CMakeFiles/Engineer_Chassis_2025.elf.dir/Component/Algorithm/Src/PID.c.obj
LOAD CMakeFiles/Engineer_Chassis_2025.elf.dir/Component/Algorithm/Src/SPD_Plan.c.obj
LOAD CMakeFiles/Engineer_Chassis_2025.elf.dir/Component/Drivers/Function/Src/Drv_Chassis.c.obj
LOAD CMakeFiles/Engineer_Chassis_2025.elf.dir/Component/Drivers/Peripherals/IMU/QuaternionEKF.c.obj
LOAD CMakeFiles/Engineer_Chassis_2025.elf.dir/Component/Drivers/Peripherals/IMU/kalman_filter_whx.c.obj
LOAD CMakeFiles/Engineer_Chassis_2025.elf.dir/Component/Drivers/Peripherals/Src/Drv_DJI_Motor.c.obj
LOAD CMakeFiles/Engineer_Chassis_2025.elf.dir/Component/Drivers/Peripherals/Src/Drv_HI229UM.c.obj
LOAD CMakeFiles/Engineer_Chassis_2025.elf.dir/Component/Drivers/Peripherals/Src/Drv_IMU.c.obj
LOAD CMakeFiles/Engineer_Chassis_2025.elf.dir/Component/Drivers/Peripherals/Src/Drv_RemoteCtrl.c.obj
LOAD CMakeFiles/Engineer_Chassis_2025.elf.dir/Component/Tasks/Function/Src/Chassis_Task.c.obj
LOAD CMakeFiles/Engineer_Chassis_2025.elf.dir/Component/Tasks/Peripherals/Src/CAN1_Task.c.obj
LOAD CMakeFiles/Engineer_Chassis_2025.elf.dir/Component/Tasks/Peripherals/Src/CAN2_Task.c.obj
LOAD CMakeFiles/Engineer_Chassis_2025.elf.dir/Component/Tasks/Peripherals/Src/HI299UM_Task.c.obj
LOAD CMakeFiles/Engineer_Chassis_2025.elf.dir/Component/Tasks/Peripherals/Src/IMU_Task.c.obj
LOAD CMakeFiles/Engineer_Chassis_2025.elf.dir/Component/Tasks/Peripherals/Src/RemoteCtrl_Task.c.obj
LOAD CMakeFiles/Engineer_Chassis_2025.elf.dir/Core/Src/can.c.obj
LOAD CMakeFiles/Engineer_Chassis_2025.elf.dir/Core/Src/dma.c.obj
LOAD CMakeFiles/Engineer_Chassis_2025.elf.dir/Core/Src/freertos.c.obj
LOAD CMakeFiles/Engineer_Chassis_2025.elf.dir/Core/Src/gpio.c.obj
LOAD CMakeFiles/Engineer_Chassis_2025.elf.dir/Core/Src/main.c.obj
LOAD CMakeFiles/Engineer_Chassis_2025.elf.dir/Core/Src/spi.c.obj
LOAD CMakeFiles/Engineer_Chassis_2025.elf.dir/Core/Src/stm32f4xx_hal_msp.c.obj
LOAD CMakeFiles/Engineer_Chassis_2025.elf.dir/Core/Src/stm32f4xx_hal_timebase_tim.c.obj
LOAD CMakeFiles/Engineer_Chassis_2025.elf.dir/Core/Src/stm32f4xx_it.c.obj
LOAD CMakeFiles/Engineer_Chassis_2025.elf.dir/Core/Src/syscalls.c.obj
LOAD CMakeFiles/Engineer_Chassis_2025.elf.dir/Core/Src/sysmem.c.obj
LOAD CMakeFiles/Engineer_Chassis_2025.elf.dir/Core/Src/system_stm32f4xx.c.obj
LOAD CMakeFiles/Engineer_Chassis_2025.elf.dir/Core/Src/tim.c.obj
LOAD CMakeFiles/Engineer_Chassis_2025.elf.dir/Core/Src/usart.c.obj
LOAD CMakeFiles/Engineer_Chassis_2025.elf.dir/Core/Startup/startup_stm32f427iihx.s.obj
LOAD CMakeFiles/Engineer_Chassis_2025.elf.dir/Drivers/STM32F4xx_HAL_Driver/Src/stm32f4xx_hal.c.obj
LOAD CMakeFiles/Engineer_Chassis_2025.elf.dir/Drivers/STM32F4xx_HAL_Driver/Src/stm32f4xx_hal_can.c.obj
LOAD CMakeFiles/Engineer_Chassis_2025.elf.dir/Drivers/STM32F4xx_HAL_Driver/Src/stm32f4xx_hal_cortex.c.obj
LOAD CMakeFiles/Engineer_Chassis_2025.elf.dir/Drivers/STM32F4xx_HAL_Driver/Src/stm32f4xx_hal_dma.c.obj
LOAD CMakeFiles/Engineer_Chassis_2025.elf.dir/Drivers/STM32F4xx_HAL_Driver/Src/stm32f4xx_hal_dma_ex.c.obj
LOAD CMakeFiles/Engineer_Chassis_2025.elf.dir/Drivers/STM32F4xx_HAL_Driver/Src/stm32f4xx_hal_exti.c.obj
LOAD CMakeFiles/Engineer_Chassis_2025.elf.dir/Drivers/STM32F4xx_HAL_Driver/Src/stm32f4xx_hal_flash.c.obj
LOAD CMakeFiles/Engineer_Chassis_2025.elf.dir/Drivers/STM32F4xx_HAL_Driver/Src/stm32f4xx_hal_flash_ex.c.obj
LOAD CMakeFiles/Engineer_Chassis_2025.elf.dir/Drivers/STM32F4xx_HAL_Driver/Src/stm32f4xx_hal_flash_ramfunc.c.obj
LOAD CMakeFiles/Engineer_Chassis_2025.elf.dir/Drivers/STM32F4xx_HAL_Driver/Src/stm32f4xx_hal_gpio.c.obj
LOAD CMakeFiles/Engineer_Chassis_2025.elf.dir/Drivers/STM32F4xx_HAL_Driver/Src/stm32f4xx_hal_pcd.c.obj
LOAD CMakeFiles/Engineer_Chassis_2025.elf.dir/Drivers/STM32F4xx_HAL_Driver/Src/stm32f4xx_hal_pcd_ex.c.obj
LOAD CMakeFiles/Engineer_Chassis_2025.elf.dir/Drivers/STM32F4xx_HAL_Driver/Src/stm32f4xx_hal_pwr.c.obj
LOAD CMakeFiles/Engineer_Chassis_2025.elf.dir/Drivers/STM32F4xx_HAL_Driver/Src/stm32f4xx_hal_pwr_ex.c.obj
LOAD CMakeFiles/Engineer_Chassis_2025.elf.dir/Drivers/STM32F4xx_HAL_Driver/Src/stm32f4xx_hal_rcc.c.obj
LOAD CMakeFiles/Engineer_Chassis_2025.elf.dir/Drivers/STM32F4xx_HAL_Driver/Src/stm32f4xx_hal_rcc_ex.c.obj
LOAD CMakeFiles/Engineer_Chassis_2025.elf.dir/Drivers/STM32F4xx_HAL_Driver/Src/stm32f4xx_hal_spi.c.obj
LOAD CMakeFiles/Engineer_Chassis_2025.elf.dir/Drivers/STM32F4xx_HAL_Driver/Src/stm32f4xx_hal_tim.c.obj
LOAD CMakeFiles/Engineer_Chassis_2025.elf.dir/Drivers/STM32F4xx_HAL_Driver/Src/stm32f4xx_hal_tim_ex.c.obj
LOAD CMakeFiles/Engineer_Chassis_2025.elf.dir/Drivers/STM32F4xx_HAL_Driver/Src/stm32f4xx_hal_uart.c.obj
LOAD CMakeFiles/Engineer_Chassis_2025.elf.dir/Drivers/STM32F4xx_HAL_Driver/Src/stm32f4xx_ll_usb.c.obj
LOAD CMakeFiles/Engineer_Chassis_2025.elf.dir/Middlewares/ST/STM32_USB_Device_Library/Class/CDC/Src/usbd_cdc.c.obj
LOAD CMakeFiles/Engineer_Chassis_2025.elf.dir/Middlewares/ST/STM32_USB_Device_Library/Core/Src/usbd_core.c.obj
LOAD CMakeFiles/Engineer_Chassis_2025.elf.dir/Middlewares/ST/STM32_USB_Device_Library/Core/Src/usbd_ctlreq.c.obj
LOAD CMakeFiles/Engineer_Chassis_2025.elf.dir/Middlewares/ST/STM32_USB_Device_Library/Core/Src/usbd_ioreq.c.obj
LOAD CMakeFiles/Engineer_Chassis_2025.elf.dir/Middlewares/Third_Party/FreeRTOS/Source/CMSIS_RTOS_V2/cmsis_os2.c.obj
LOAD CMakeFiles/Engineer_Chassis_2025.elf.dir/Middlewares/Third_Party/FreeRTOS/Source/croutine.c.obj
LOAD CMakeFiles/Engineer_Chassis_2025.elf.dir/Middlewares/Third_Party/FreeRTOS/Source/event_groups.c.obj
LOAD CMakeFiles/Engineer_Chassis_2025.elf.dir/Middlewares/Third_Party/FreeRTOS/Source/list.c.obj
LOAD CMakeFiles/Engineer_Chassis_2025.elf.dir/Middlewares/Third_Party/FreeRTOS/Source/portable/GCC/ARM_CM4F/port.c.obj
LOAD CMakeFiles/Engineer_Chassis_2025.elf.dir/Middlewares/Third_Party/FreeRTOS/Source/portable/MemMang/heap_4.c.obj
LOAD CMakeFiles/Engineer_Chassis_2025.elf.dir/Middlewares/Third_Party/FreeRTOS/Source/queue.c.obj
LOAD CMakeFiles/Engineer_Chassis_2025.elf.dir/Middlewares/Third_Party/FreeRTOS/Source/stream_buffer.c.obj
LOAD CMakeFiles/Engineer_Chassis_2025.elf.dir/Middlewares/Third_Party/FreeRTOS/Source/tasks.c.obj
LOAD CMakeFiles/Engineer_Chassis_2025.elf.dir/Middlewares/Third_Party/FreeRTOS/Source/timers.c.obj
LOAD CMakeFiles/Engineer_Chassis_2025.elf.dir/USB_DEVICE/App/usb_device.c.obj
LOAD CMakeFiles/Engineer_Chassis_2025.elf.dir/USB_DEVICE/App/usbd_cdc_if.c.obj
LOAD CMakeFiles/Engineer_Chassis_2025.elf.dir/USB_DEVICE/App/usbd_desc.c.obj
LOAD CMakeFiles/Engineer_Chassis_2025.elf.dir/USB_DEVICE/Target/usbd_conf.c.obj
LOAD CMakeFiles/Engineer_Chassis_2025.elf.dir/User/Src/RTOS.c.obj
LOAD CMakeFiles/Engineer_Chassis_2025.elf.dir/User/Src/User_Lib.c.obj
LOAD bin_dsp\libCMSISDSP.a
START GROUP
LOAD E:/gcc-arm-none-eabi-10.3-2021.10/bin/../lib/gcc/arm-none-eabi/13.3.1/thumb/v7e-m+fp/hard\libgcc.a
LOAD E:/gcc-arm-none-eabi-10.3-2021.10/bin/../lib/gcc/arm-none-eabi/13.3.1/thumb/v7e-m+fp/hard\libg.a
LOAD E:/gcc-arm-none-eabi-10.3-2021.10/bin/../lib/gcc/arm-none-eabi/13.3.1/thumb/v7e-m+fp/hard\libc.a
END GROUP
LOAD E:/gcc-arm-none-eabi-10.3-2021.10/bin/../lib/gcc/arm-none-eabi/13.3.1/thumb/v7e-m+fp/hard/crtend.o
LOAD E:/gcc-arm-none-eabi-10.3-2021.10/bin/../lib/gcc/arm-none-eabi/13.3.1/thumb/v7e-m+fp/hard/crtn.o
                0x20030000                        _estack = (ORIGIN (RAM) + LENGTH (RAM))
                0x00001000                        _Min_Heap_Size = 0x1000
                0x00001000                        _Min_Stack_Size = 0x1000

.isr_vector     0x08000000      0x1ac
                0x08000000                        . = ALIGN (0x4)
 *(.isr_vector)
 .isr_vector    0x08000000      0x1ac CMakeFiles/Engineer_Chassis_2025.elf.dir/Core/Startup/startup_stm32f427iihx.s.obj
                0x08000000                g_pfnVectors
                0x080001ac                        . = ALIGN (0x4)

.text           0x080001b0     0xe808
                0x080001b0                        . = ALIGN (0x4)
 *(.text)
 .text          0x080001b0      0x378 E:/gcc-arm-none-eabi-10.3-2021.10/bin/../lib/gcc/arm-none-eabi/13.3.1/thumb/v7e-m+fp/hard\libgcc.a(_arm_addsubdf3.o)
                0x080001b0                __aeabi_drsub
                0x080001b8                __aeabi_dsub
                0x080001b8                __subdf3
                0x080001bc                __aeabi_dadd
                0x080001bc                __adddf3
                0x08000434                __floatunsidf
                0x08000434                __aeabi_ui2d
                0x08000454                __floatsidf
                0x08000454                __aeabi_i2d
                0x08000478                __aeabi_f2d
                0x08000478                __extendsfdf2
                0x080004bc                __floatundidf
                0x080004bc                __aeabi_ul2d
                0x080004cc                __floatdidf
                0x080004cc                __aeabi_l2d
 .text          0x08000528      0x424 E:/gcc-arm-none-eabi-10.3-2021.10/bin/../lib/gcc/arm-none-eabi/13.3.1/thumb/v7e-m+fp/hard\libgcc.a(_arm_muldivdf3.o)
                0x08000528                __aeabi_dmul
                0x08000528                __muldf3
                0x0800077c                __divdf3
                0x0800077c                __aeabi_ddiv
 .text          0x0800094c      0x110 E:/gcc-arm-none-eabi-10.3-2021.10/bin/../lib/gcc/arm-none-eabi/13.3.1/thumb/v7e-m+fp/hard\libgcc.a(_arm_cmpdf2.o)
                0x0800094c                __gtdf2
                0x0800094c                __gedf2
                0x08000954                __ltdf2
                0x08000954                __ledf2
                0x0800095c                __nedf2
                0x0800095c                __eqdf2
                0x0800095c                __cmpdf2
                0x080009d8                __aeabi_cdrcmple
                0x080009e8                __aeabi_cdcmpeq
                0x080009e8                __aeabi_cdcmple
                0x080009f8                __aeabi_dcmpeq
                0x08000a0c                __aeabi_dcmplt
                0x08000a20                __aeabi_dcmple
                0x08000a34                __aeabi_dcmpge
                0x08000a48                __aeabi_dcmpgt
 .text          0x08000a5c       0xa0 E:/gcc-arm-none-eabi-10.3-2021.10/bin/../lib/gcc/arm-none-eabi/13.3.1/thumb/v7e-m+fp/hard\libgcc.a(_arm_truncdfsf2.o)
                0x08000a5c                __truncdfsf2
                0x08000a5c                __aeabi_d2f
 .text          0x08000afc       0x30 E:/gcc-arm-none-eabi-10.3-2021.10/bin/../lib/gcc/arm-none-eabi/13.3.1/thumb/v7e-m+fp/hard\libgcc.a(_aeabi_uldivmod.o)
                0x08000afc                __aeabi_uldivmod
 .text          0x08000b2c        0x4 E:/gcc-arm-none-eabi-10.3-2021.10/bin/../lib/gcc/arm-none-eabi/13.3.1/thumb/v7e-m+fp/hard\libgcc.a(_dvmd_tls.o)
                0x08000b2c                __aeabi_idiv0
                0x08000b2c                __aeabi_ldiv0
 .text          0x08000b30      0x134 E:/gcc-arm-none-eabi-10.3-2021.10/bin/../lib/gcc/arm-none-eabi/13.3.1/thumb/v7e-m+fp/hard\libg.a(libc_a-memcpy.o)
                0x08000b30                memcpy
 .text          0x08000c64       0x2c E:/gcc-arm-none-eabi-10.3-2021.10/bin/../lib/gcc/arm-none-eabi/13.3.1/thumb/v7e-m+fp/hard\libgcc.a(_arm_unorddf2.o)
                0x08000c64                __unorddf2
                0x08000c64                __aeabi_dcmpun
 .text          0x08000c90       0x50 E:/gcc-arm-none-eabi-10.3-2021.10/bin/../lib/gcc/arm-none-eabi/13.3.1/thumb/v7e-m+fp/hard\libgcc.a(_arm_fixdfsi.o)
                0x08000c90                __aeabi_d2iz
                0x08000c90                __fixdfsi
 *(.text*)
 .text.deregister_tm_clones
                0x08000ce0       0x1c E:/gcc-arm-none-eabi-10.3-2021.10/bin/../lib/gcc/arm-none-eabi/13.3.1/thumb/v7e-m+fp/hard/crtbegin.o
 .text.register_tm_clones
                0x08000cfc       0x24 E:/gcc-arm-none-eabi-10.3-2021.10/bin/../lib/gcc/arm-none-eabi/13.3.1/thumb/v7e-m+fp/hard/crtbegin.o
 .text.__do_global_dtors_aux
                0x08000d20       0x28 E:/gcc-arm-none-eabi-10.3-2021.10/bin/../lib/gcc/arm-none-eabi/13.3.1/thumb/v7e-m+fp/hard/crtbegin.o
 .text.frame_dummy
                0x08000d48       0x24 E:/gcc-arm-none-eabi-10.3-2021.10/bin/../lib/gcc/arm-none-eabi/13.3.1/thumb/v7e-m+fp/hard/crtbegin.o
 .text.CAN1_Init
                0x08000d6c       0x18 CMakeFiles/Engineer_Chassis_2025.elf.dir/BSP/Src/BSP_Can.c.obj
                0x08000d6c                CAN1_Init
 .text.CAN2_Init
                0x08000d84       0x18 CMakeFiles/Engineer_Chassis_2025.elf.dir/BSP/Src/BSP_Can.c.obj
                0x08000d84                CAN2_Init
 .text.CAN1_Tx_Init
                0x08000d9c       0x14 CMakeFiles/Engineer_Chassis_2025.elf.dir/BSP/Src/BSP_Can.c.obj
                0x08000d9c                CAN1_Tx_Init
 .text.CAN2_Tx_Init
                0x08000db0       0x14 CMakeFiles/Engineer_Chassis_2025.elf.dir/BSP/Src/BSP_Can.c.obj
                0x08000db0                CAN2_Tx_Init
 .text.CAN1_Filter_Init
                0x08000dc4       0x20 CMakeFiles/Engineer_Chassis_2025.elf.dir/BSP/Src/BSP_Can.c.obj
                0x08000dc4                CAN1_Filter_Init
 .text.CAN2_Filter_Init
                0x08000de4       0x20 CMakeFiles/Engineer_Chassis_2025.elf.dir/BSP/Src/BSP_Can.c.obj
                0x08000de4                CAN2_Filter_Init
 .text.CAN1_Filter_ID_Init
                0x08000e04       0x7c CMakeFiles/Engineer_Chassis_2025.elf.dir/BSP/Src/BSP_Can.c.obj
                0x08000e04                CAN1_Filter_ID_Init
 .text.CAN_Complete_Callback
                0x08000e80       0x28 CMakeFiles/Engineer_Chassis_2025.elf.dir/BSP/Src/BSP_Can.c.obj
                0x08000e80                CAN_Complete_Callback
 .text.HAL_CAN_TxMailbox0CompleteCallback
                0x08000ea8        0x8 CMakeFiles/Engineer_Chassis_2025.elf.dir/BSP/Src/BSP_Can.c.obj
                0x08000ea8                HAL_CAN_TxMailbox0CompleteCallback
 .text.HAL_CAN_TxMailbox1CompleteCallback
                0x08000eb0        0x8 CMakeFiles/Engineer_Chassis_2025.elf.dir/BSP/Src/BSP_Can.c.obj
                0x08000eb0                HAL_CAN_TxMailbox1CompleteCallback
 .text.HAL_CAN_TxMailbox2CompleteCallback
                0x08000eb8        0x8 CMakeFiles/Engineer_Chassis_2025.elf.dir/BSP/Src/BSP_Can.c.obj
                0x08000eb8                HAL_CAN_TxMailbox2CompleteCallback
 .text.HAL_CAN_RxFifo0MsgPendingCallback
                0x08000ec0       0x30 CMakeFiles/Engineer_Chassis_2025.elf.dir/BSP/Src/BSP_Can.c.obj
                0x08000ec0                HAL_CAN_RxFifo0MsgPendingCallback
 .text.HAL_CAN_RxFifo1MsgPendingCallback
                0x08000ef0       0x30 CMakeFiles/Engineer_Chassis_2025.elf.dir/BSP/Src/BSP_Can.c.obj
                0x08000ef0                HAL_CAN_RxFifo1MsgPendingCallback
 .text.DWT_Init
                0x08000f20       0x68 CMakeFiles/Engineer_Chassis_2025.elf.dir/BSP/Src/BSP_DWT.c.obj
                0x08000f20                DWT_Init
 .text.DWT_Delay
                0x08000f88       0x34 CMakeFiles/Engineer_Chassis_2025.elf.dir/BSP/Src/BSP_DWT.c.obj
                0x08000f88                DWT_Delay
 .text.Usart_Send_Buf
                0x08000fbc       0x10 CMakeFiles/Engineer_Chassis_2025.elf.dir/BSP/Src/BSP_Usart.c.obj
                0x08000fbc                Usart_Send_Buf
 .text.Usart_Send_Buf_DMA
                0x08000fcc        0xe CMakeFiles/Engineer_Chassis_2025.elf.dir/BSP/Src/BSP_Usart.c.obj
                0x08000fcc                Usart_Send_Buf_DMA
 .text.Usart_Start_Receive_Dma
                0x08000fda       0x16 CMakeFiles/Engineer_Chassis_2025.elf.dir/BSP/Src/BSP_Usart.c.obj
                0x08000fda                Usart_Start_Receive_Dma
 .text.CRC16_Update
                0x08000ff0       0x46 CMakeFiles/Engineer_Chassis_2025.elf.dir/Component/Algorithm/Src/CRC.c.obj
                0x08000ff0                CRC16_Update
 .text.PID_Init
                0x08001036       0x1a CMakeFiles/Engineer_Chassis_2025.elf.dir/Component/Algorithm/Src/PID.c.obj
                0x08001036                PID_Init
 .text.PID_Error_Calculate_N_Loc
                0x08001050        0xa CMakeFiles/Engineer_Chassis_2025.elf.dir/Component/Algorithm/Src/PID.c.obj
                0x08001050                PID_Error_Calculate_N_Loc
 *fill*         0x0800105a        0x2 
 .text.Chassis_Init
                0x0800105c      0x1dc CMakeFiles/Engineer_Chassis_2025.elf.dir/Component/Drivers/Function/Src/Drv_Chassis.c.obj
                0x0800105c                Chassis_Init
 .text.DJI_Motor_Zero_Offset
                0x08001238       0x2a CMakeFiles/Engineer_Chassis_2025.elf.dir/Component/Drivers/Peripherals/Src/Drv_DJI_Motor.c.obj
                0x08001238                DJI_Motor_Zero_Offset
 .text.Check_DJI_Motor_Loss
                0x08001262       0x2e CMakeFiles/Engineer_Chassis_2025.elf.dir/Component/Drivers/Peripherals/Src/Drv_DJI_Motor.c.obj
                0x08001262                Check_DJI_Motor_Loss
 .text.Check_DJI_Motor_Ready
                0x08001290       0x1c CMakeFiles/Engineer_Chassis_2025.elf.dir/Component/Drivers/Peripherals/Src/Drv_DJI_Motor.c.obj
                0x08001290                Check_DJI_Motor_Ready
 .text.DJI_Motor_Init
                0x080012ac       0xd8 CMakeFiles/Engineer_Chassis_2025.elf.dir/Component/Drivers/Peripherals/Src/Drv_DJI_Motor.c.obj
                0x080012ac                DJI_Motor_Init
 .text.U2       0x08001384        0x4 CMakeFiles/Engineer_Chassis_2025.elf.dir/Component/Drivers/Peripherals/Src/Drv_HI229UM.c.obj
 .text.HI229UM_Init
                0x08001388       0x2c CMakeFiles/Engineer_Chassis_2025.elf.dir/Component/Drivers/Peripherals/Src/Drv_HI229UM.c.obj
                0x08001388                HI229UM_Init
 .text.HI229UM_Update_Euler
                0x080013b4      0x1ac CMakeFiles/Engineer_Chassis_2025.elf.dir/Component/Drivers/Peripherals/Src/Drv_HI229UM.c.obj
                0x080013b4                HI229UM_Update_Euler
 .text.HI229UM_Update_Data
                0x08001560      0x1f8 CMakeFiles/Engineer_Chassis_2025.elf.dir/Component/Drivers/Peripherals/Src/Drv_HI229UM.c.obj
                0x08001560                HI229UM_Update_Data
 .text.HI229UM_Update_Ready
                0x08001758       0x28 CMakeFiles/Engineer_Chassis_2025.elf.dir/Component/Drivers/Peripherals/Src/Drv_HI229UM.c.obj
                0x08001758                HI229UM_Update_Ready
 .text.HI229UM_Receive_DMA
                0x08001780       0x14 CMakeFiles/Engineer_Chassis_2025.elf.dir/Component/Drivers/Peripherals/Src/Drv_HI229UM.c.obj
                0x08001780                HI229UM_Receive_DMA
 .text.HI229UM_Check_CRC_Passing
                0x08001794       0x3c CMakeFiles/Engineer_Chassis_2025.elf.dir/Component/Drivers/Peripherals/Src/Drv_HI229UM.c.obj
                0x08001794                HI229UM_Check_CRC_Passing
 .text.HI229UM_Check_Legal
                0x080017d0       0x24 CMakeFiles/Engineer_Chassis_2025.elf.dir/Component/Drivers/Peripherals/Src/Drv_HI229UM.c.obj
                0x080017d0                HI229UM_Check_Legal
 .text.HI229UM_Set_Lost
                0x080017f4       0x18 CMakeFiles/Engineer_Chassis_2025.elf.dir/Component/Drivers/Peripherals/Src/Drv_HI229UM.c.obj
                0x080017f4                HI229UM_Set_Lost
 .text.HI229UM_Set_Connect
                0x0800180c       0x10 CMakeFiles/Engineer_Chassis_2025.elf.dir/Component/Drivers/Peripherals/Src/Drv_HI229UM.c.obj
                0x0800180c                HI229UM_Set_Connect
 .text.HI229UM_Set_Nine_Axis_Mode
                0x0800181c       0x28 CMakeFiles/Engineer_Chassis_2025.elf.dir/Component/Drivers/Peripherals/Src/Drv_HI229UM.c.obj
                0x0800181c                HI229UM_Set_Nine_Axis_Mode
 .text.Inv_Sqrt
                0x08001844       0x30 CMakeFiles/Engineer_Chassis_2025.elf.dir/Component/Drivers/Peripherals/Src/Drv_IMU.c.obj
                0x08001844                Inv_Sqrt
 .text.Mpu_Write_Byte
                0x08001874       0x6c CMakeFiles/Engineer_Chassis_2025.elf.dir/Component/Drivers/Peripherals/Src/Drv_IMU.c.obj
                0x08001874                Mpu_Write_Byte
 .text.Ist_Reg_Write_By_MPU
                0x080018e0       0x40 CMakeFiles/Engineer_Chassis_2025.elf.dir/Component/Drivers/Peripherals/Src/Drv_IMU.c.obj
 .text.Mpu_Master_I2C_Auto_Read_Config
                0x08001920       0x8c CMakeFiles/Engineer_Chassis_2025.elf.dir/Component/Drivers/Peripherals/Src/Drv_IMU.c.obj
 .text.Mpu_Read_Byte
                0x080019ac       0x68 CMakeFiles/Engineer_Chassis_2025.elf.dir/Component/Drivers/Peripherals/Src/Drv_IMU.c.obj
                0x080019ac                Mpu_Read_Byte
 .text.Ist_Reg_Read_By_MPU
                0x08001a14       0x38 CMakeFiles/Engineer_Chassis_2025.elf.dir/Component/Drivers/Peripherals/Src/Drv_IMU.c.obj
 .text.Mpu_Read_Bytes
                0x08001a4c       0x74 CMakeFiles/Engineer_Chassis_2025.elf.dir/Component/Drivers/Peripherals/Src/Drv_IMU.c.obj
                0x08001a4c                Mpu_Read_Bytes
 .text.Mpu_Read_Bytes_DMA
                0x08001ac0       0x58 CMakeFiles/Engineer_Chassis_2025.elf.dir/Component/Drivers/Peripherals/Src/Drv_IMU.c.obj
                0x08001ac0                Mpu_Read_Bytes_DMA
 .text.Ist8310_Init
                0x08001b18      0x104 CMakeFiles/Engineer_Chassis_2025.elf.dir/Component/Drivers/Peripherals/Src/Drv_IMU.c.obj
                0x08001b18                Ist8310_Init
 .text.Ist8310_Get_Data
                0x08001c1c       0x14 CMakeFiles/Engineer_Chassis_2025.elf.dir/Component/Drivers/Peripherals/Src/Drv_IMU.c.obj
                0x08001c1c                Ist8310_Get_Data
 .text.MPU6500_Get_Data
                0x08001c30       0x14 CMakeFiles/Engineer_Chassis_2025.elf.dir/Component/Drivers/Peripherals/Src/Drv_IMU.c.obj
                0x08001c30                MPU6500_Get_Data
 *fill*         0x08001c44        0x4 
 .text.Mpu_Get_Data
                0x08001c48      0x17c CMakeFiles/Engineer_Chassis_2025.elf.dir/Component/Drivers/Peripherals/Src/Drv_IMU.c.obj
                0x08001c48                Mpu_Get_Data
 .text.MPU_Set_Gyro_Fsr
                0x08001dc4       0x10 CMakeFiles/Engineer_Chassis_2025.elf.dir/Component/Drivers/Peripherals/Src/Drv_IMU.c.obj
                0x08001dc4                MPU_Set_Gyro_Fsr
 .text.MPU_Set_Accel_Fsr
                0x08001dd4       0x10 CMakeFiles/Engineer_Chassis_2025.elf.dir/Component/Drivers/Peripherals/Src/Drv_IMU.c.obj
                0x08001dd4                MPU_Set_Accel_Fsr
 .text.MPU_Device_Init
                0x08001de4       0x9c CMakeFiles/Engineer_Chassis_2025.elf.dir/Component/Drivers/Peripherals/Src/Drv_IMU.c.obj
                0x08001de4                MPU_Device_Init
 .text.MPU_Get_Offset
                0x08001e80      0x424 CMakeFiles/Engineer_Chassis_2025.elf.dir/Component/Drivers/Peripherals/Src/Drv_IMU.c.obj
                0x08001e80                MPU_Get_Offset
 .text.Init_Quaternion
                0x080022a4      0x1b4 CMakeFiles/Engineer_Chassis_2025.elf.dir/Component/Drivers/Peripherals/Src/Drv_IMU.c.obj
                0x080022a4                Init_Quaternion
 .text.IMU_Ahrs_Update
                0x08002458      0x560 CMakeFiles/Engineer_Chassis_2025.elf.dir/Component/Drivers/Peripherals/Src/Drv_IMU.c.obj
                0x08002458                IMU_Ahrs_Update
 .text.IMU_Attitude_Update
                0x080029b8      0x198 CMakeFiles/Engineer_Chassis_2025.elf.dir/Component/Drivers/Peripherals/Src/Drv_IMU.c.obj
                0x080029b8                IMU_Attitude_Update
 .text.IMU_Init
                0x08002b50       0xa4 CMakeFiles/Engineer_Chassis_2025.elf.dir/Component/Drivers/Peripherals/Src/Drv_IMU.c.obj
                0x08002b50                IMU_Init
 .text.IMU_Update_Euler
                0x08002bf4      0x120 CMakeFiles/Engineer_Chassis_2025.elf.dir/Component/Drivers/Peripherals/Src/Drv_IMU.c.obj
                0x08002bf4                IMU_Update_Euler
 .text.IMU_Update_Data
                0x08002d14       0xa0 CMakeFiles/Engineer_Chassis_2025.elf.dir/Component/Drivers/Peripherals/Src/Drv_IMU.c.obj
                0x08002d14                IMU_Update_Data
 .text.IMU_Update_Temperature_Control
                0x08002db4       0x3c CMakeFiles/Engineer_Chassis_2025.elf.dir/Component/Drivers/Peripherals/Src/Drv_IMU.c.obj
                0x08002db4                IMU_Update_Temperature_Control
 .text.IMU_Update_Ready
                0x08002df0       0x20 CMakeFiles/Engineer_Chassis_2025.elf.dir/Component/Drivers/Peripherals/Src/Drv_IMU.c.obj
                0x08002df0                IMU_Update_Ready
 .text.IMU_Get_Data
                0x08002e10       0x10 CMakeFiles/Engineer_Chassis_2025.elf.dir/Component/Drivers/Peripherals/Src/Drv_IMU.c.obj
                0x08002e10                IMU_Get_Data
 .text.IMU_Set_Lost
                0x08002e20        0xc CMakeFiles/Engineer_Chassis_2025.elf.dir/Component/Drivers/Peripherals/Src/Drv_IMU.c.obj
                0x08002e20                IMU_Set_Lost
 .text.IMU_Set_Connected
                0x08002e2c        0xc CMakeFiles/Engineer_Chassis_2025.elf.dir/Component/Drivers/Peripherals/Src/Drv_IMU.c.obj
                0x08002e2c                IMU_Set_Connected
 .text.RC_Set_Connect
                0x08002e38        0xc CMakeFiles/Engineer_Chassis_2025.elf.dir/Component/Drivers/Peripherals/Src/Drv_RemoteCtrl.c.obj
                0x08002e38                RC_Set_Connect
 .text.RC_Lost_CntDown
                0x08002e44       0x14 CMakeFiles/Engineer_Chassis_2025.elf.dir/Component/Drivers/Peripherals/Src/Drv_RemoteCtrl.c.obj
                0x08002e44                RC_Lost_CntDown
 .text.RC_CheckConnection
                0x08002e58       0x1c CMakeFiles/Engineer_Chassis_2025.elf.dir/Component/Drivers/Peripherals/Src/Drv_RemoteCtrl.c.obj
                0x08002e58                RC_CheckConnection
 .text.RemoteDataProcess
                0x08002e74       0xa0 CMakeFiles/Engineer_Chassis_2025.elf.dir/Component/Drivers/Peripherals/Src/Drv_RemoteCtrl.c.obj
                0x08002e74                RemoteDataProcess
 .text.RC_UpdateData
                0x08002f14      0x260 CMakeFiles/Engineer_Chassis_2025.elf.dir/Component/Drivers/Peripherals/Src/Drv_RemoteCtrl.c.obj
                0x08002f14                RC_UpdateData
 .text.RC_UpdateEvent
                0x08003174      0x1ec CMakeFiles/Engineer_Chassis_2025.elf.dir/Component/Drivers/Peripherals/Src/Drv_RemoteCtrl.c.obj
                0x08003174                RC_UpdateEvent
 .text.Chassis_Task_Init
                0x08003360        0x8 CMakeFiles/Engineer_Chassis_2025.elf.dir/Component/Tasks/Function/Src/Chassis_Task.c.obj
                0x08003360                Chassis_Task_Init
 .text.Chassis_Task
                0x08003368        0xe CMakeFiles/Engineer_Chassis_2025.elf.dir/Component/Tasks/Function/Src/Chassis_Task.c.obj
                0x08003368                Chassis_Task
 .text.CAN1_Task_Init
                0x08003376       0x10 CMakeFiles/Engineer_Chassis_2025.elf.dir/Component/Tasks/Peripherals/Src/CAN1_Task.c.obj
                0x08003376                CAN1_Task_Init
 *fill*         0x08003386        0x2 
 .text.CAN1_Task
                0x08003388       0x4c CMakeFiles/Engineer_Chassis_2025.elf.dir/Component/Tasks/Peripherals/Src/CAN1_Task.c.obj
                0x08003388                CAN1_Task
 .text.CAN2_Task_Init
                0x080033d4       0x10 CMakeFiles/Engineer_Chassis_2025.elf.dir/Component/Tasks/Peripherals/Src/CAN2_Task.c.obj
                0x080033d4                CAN2_Task_Init
 .text.CAN2_Task
                0x080033e4       0x4c CMakeFiles/Engineer_Chassis_2025.elf.dir/Component/Tasks/Peripherals/Src/CAN2_Task.c.obj
                0x080033e4                CAN2_Task
 .text.HI229UM_RxCallBack
                0x08003430       0x10 CMakeFiles/Engineer_Chassis_2025.elf.dir/Component/Tasks/Peripherals/Src/HI299UM_Task.c.obj
                0x08003430                HI229UM_RxCallBack
 .text.HI229UM_Task_Init
                0x08003440       0x30 CMakeFiles/Engineer_Chassis_2025.elf.dir/Component/Tasks/Peripherals/Src/HI299UM_Task.c.obj
                0x08003440                HI229UM_Task_Init
 .text.HI229UM_Task
                0x08003470       0x48 CMakeFiles/Engineer_Chassis_2025.elf.dir/Component/Tasks/Peripherals/Src/HI299UM_Task.c.obj
                0x08003470                HI229UM_Task
 .text.IMURxCallBack
                0x080034b8       0x20 CMakeFiles/Engineer_Chassis_2025.elf.dir/Component/Tasks/Peripherals/Src/IMU_Task.c.obj
                0x080034b8                IMURxCallBack
 .text.IMU_Task
                0x080034d8       0xb0 CMakeFiles/Engineer_Chassis_2025.elf.dir/Component/Tasks/Peripherals/Src/IMU_Task.c.obj
                0x080034d8                IMU_Task
 .text.RC_RxCallBack
                0x08003588       0x1c CMakeFiles/Engineer_Chassis_2025.elf.dir/Component/Tasks/Peripherals/Src/RemoteCtrl_Task.c.obj
                0x08003588                RC_RxCallBack
 .text.RemoteCtrl_Task_Init
                0x080035a4       0x38 CMakeFiles/Engineer_Chassis_2025.elf.dir/Component/Tasks/Peripherals/Src/RemoteCtrl_Task.c.obj
                0x080035a4                RemoteCtrl_Task_Init
 .text.RemoteCtrl_Task
                0x080035dc       0x5c CMakeFiles/Engineer_Chassis_2025.elf.dir/Component/Tasks/Peripherals/Src/RemoteCtrl_Task.c.obj
                0x080035dc                RemoteCtrl_Task
 .text.MX_CAN1_Init
                0x08003638       0x44 CMakeFiles/Engineer_Chassis_2025.elf.dir/Core/Src/can.c.obj
                0x08003638                MX_CAN1_Init
 .text.MX_CAN2_Init
                0x0800367c       0x44 CMakeFiles/Engineer_Chassis_2025.elf.dir/Core/Src/can.c.obj
                0x0800367c                MX_CAN2_Init
 .text.HAL_CAN_MspInit
                0x080036c0      0x144 CMakeFiles/Engineer_Chassis_2025.elf.dir/Core/Src/can.c.obj
                0x080036c0                HAL_CAN_MspInit
 .text.MX_DMA_Init
                0x08003804       0xd8 CMakeFiles/Engineer_Chassis_2025.elf.dir/Core/Src/dma.c.obj
                0x08003804                MX_DMA_Init
 .text.StartDefaultTask
                0x080038dc        0xe CMakeFiles/Engineer_Chassis_2025.elf.dir/Core/Src/freertos.c.obj
                0x080038dc                StartDefaultTask
 .text.IIC_Task
                0x080038ea        0xa CMakeFiles/Engineer_Chassis_2025.elf.dir/Core/Src/freertos.c.obj
                0x080038ea                IIC_Task
 .text.MX_FREERTOS_Init
                0x080038f4      0x1c8 CMakeFiles/Engineer_Chassis_2025.elf.dir/Core/Src/freertos.c.obj
                0x080038f4                MX_FREERTOS_Init
 .text.MX_GPIO_Init
                0x08003abc      0x1b4 CMakeFiles/Engineer_Chassis_2025.elf.dir/Core/Src/gpio.c.obj
                0x08003abc                MX_GPIO_Init
 .text.HAL_TIM_PeriodElapsedCallback
                0x08003c70       0x18 CMakeFiles/Engineer_Chassis_2025.elf.dir/Core/Src/main.c.obj
                0x08003c70                HAL_TIM_PeriodElapsedCallback
 .text.Error_Handler
                0x08003c88        0x4 CMakeFiles/Engineer_Chassis_2025.elf.dir/Core/Src/main.c.obj
                0x08003c88                Error_Handler
 .text.SystemClock_Config
                0x08003c8c       0xa8 CMakeFiles/Engineer_Chassis_2025.elf.dir/Core/Src/main.c.obj
                0x08003c8c                SystemClock_Config
 .text.main     0x08003d34       0x74 CMakeFiles/Engineer_Chassis_2025.elf.dir/Core/Src/main.c.obj
                0x08003d34                main
 .text.MX_SPI5_Init
                0x08003da8       0x44 CMakeFiles/Engineer_Chassis_2025.elf.dir/Core/Src/spi.c.obj
                0x08003da8                MX_SPI5_Init
 .text.HAL_SPI_MspInit
                0x08003dec      0x100 CMakeFiles/Engineer_Chassis_2025.elf.dir/Core/Src/spi.c.obj
                0x08003dec                HAL_SPI_MspInit
 .text.HAL_MspInit
                0x08003eec       0x44 CMakeFiles/Engineer_Chassis_2025.elf.dir/Core/Src/stm32f4xx_hal_msp.c.obj
                0x08003eec                HAL_MspInit
 .text.HAL_InitTick
                0x08003f30       0xa4 CMakeFiles/Engineer_Chassis_2025.elf.dir/Core/Src/stm32f4xx_hal_timebase_tim.c.obj
                0x08003f30                HAL_InitTick
 .text.NMI_Handler
                0x08003fd4        0x2 CMakeFiles/Engineer_Chassis_2025.elf.dir/Core/Src/stm32f4xx_it.c.obj
                0x08003fd4                NMI_Handler
 .text.HardFault_Handler
                0x08003fd6        0x2 CMakeFiles/Engineer_Chassis_2025.elf.dir/Core/Src/stm32f4xx_it.c.obj
                0x08003fd6                HardFault_Handler
 .text.MemManage_Handler
                0x08003fd8        0x2 CMakeFiles/Engineer_Chassis_2025.elf.dir/Core/Src/stm32f4xx_it.c.obj
                0x08003fd8                MemManage_Handler
 .text.BusFault_Handler
                0x08003fda        0x2 CMakeFiles/Engineer_Chassis_2025.elf.dir/Core/Src/stm32f4xx_it.c.obj
                0x08003fda                BusFault_Handler
 .text.UsageFault_Handler
                0x08003fdc        0x2 CMakeFiles/Engineer_Chassis_2025.elf.dir/Core/Src/stm32f4xx_it.c.obj
                0x08003fdc                UsageFault_Handler
 .text.DebugMon_Handler
                0x08003fde        0x2 CMakeFiles/Engineer_Chassis_2025.elf.dir/Core/Src/stm32f4xx_it.c.obj
                0x08003fde                DebugMon_Handler
 .text.DMA1_Stream0_IRQHandler
                0x08003fe0       0x10 CMakeFiles/Engineer_Chassis_2025.elf.dir/Core/Src/stm32f4xx_it.c.obj
                0x08003fe0                DMA1_Stream0_IRQHandler
 .text.DMA1_Stream1_IRQHandler
                0x08003ff0       0x10 CMakeFiles/Engineer_Chassis_2025.elf.dir/Core/Src/stm32f4xx_it.c.obj
                0x08003ff0                DMA1_Stream1_IRQHandler
 .text.DMA1_Stream3_IRQHandler
                0x08004000       0x10 CMakeFiles/Engineer_Chassis_2025.elf.dir/Core/Src/stm32f4xx_it.c.obj
                0x08004000                DMA1_Stream3_IRQHandler
 .text.DMA1_Stream4_IRQHandler
                0x08004010       0x10 CMakeFiles/Engineer_Chassis_2025.elf.dir/Core/Src/stm32f4xx_it.c.obj
                0x08004010                DMA1_Stream4_IRQHandler
 .text.DMA1_Stream6_IRQHandler
                0x08004020       0x10 CMakeFiles/Engineer_Chassis_2025.elf.dir/Core/Src/stm32f4xx_it.c.obj
                0x08004020                DMA1_Stream6_IRQHandler
 .text.CAN1_TX_IRQHandler
                0x08004030       0x10 CMakeFiles/Engineer_Chassis_2025.elf.dir/Core/Src/stm32f4xx_it.c.obj
                0x08004030                CAN1_TX_IRQHandler
 .text.CAN1_RX0_IRQHandler
                0x08004040       0x10 CMakeFiles/Engineer_Chassis_2025.elf.dir/Core/Src/stm32f4xx_it.c.obj
                0x08004040                CAN1_RX0_IRQHandler
 .text.USART1_IRQHandler
                0x08004050       0x10 CMakeFiles/Engineer_Chassis_2025.elf.dir/Core/Src/stm32f4xx_it.c.obj
                0x08004050                USART1_IRQHandler
 .text.USART3_IRQHandler
                0x08004060       0x10 CMakeFiles/Engineer_Chassis_2025.elf.dir/Core/Src/stm32f4xx_it.c.obj
                0x08004060                USART3_IRQHandler
 .text.TIM7_IRQHandler
                0x08004070       0x10 CMakeFiles/Engineer_Chassis_2025.elf.dir/Core/Src/stm32f4xx_it.c.obj
                0x08004070                TIM7_IRQHandler
 .text.DMA2_Stream1_IRQHandler
                0x08004080       0x10 CMakeFiles/Engineer_Chassis_2025.elf.dir/Core/Src/stm32f4xx_it.c.obj
                0x08004080                DMA2_Stream1_IRQHandler
 .text.DMA2_Stream2_IRQHandler
                0x08004090       0x10 CMakeFiles/Engineer_Chassis_2025.elf.dir/Core/Src/stm32f4xx_it.c.obj
                0x08004090                DMA2_Stream2_IRQHandler
 .text.DMA2_Stream3_IRQHandler
                0x080040a0       0x10 CMakeFiles/Engineer_Chassis_2025.elf.dir/Core/Src/stm32f4xx_it.c.obj
                0x080040a0                DMA2_Stream3_IRQHandler
 .text.DMA2_Stream4_IRQHandler
                0x080040b0       0x10 CMakeFiles/Engineer_Chassis_2025.elf.dir/Core/Src/stm32f4xx_it.c.obj
                0x080040b0                DMA2_Stream4_IRQHandler
 .text.CAN2_TX_IRQHandler
                0x080040c0       0x10 CMakeFiles/Engineer_Chassis_2025.elf.dir/Core/Src/stm32f4xx_it.c.obj
                0x080040c0                CAN2_TX_IRQHandler
 .text.CAN2_RX1_IRQHandler
                0x080040d0       0x10 CMakeFiles/Engineer_Chassis_2025.elf.dir/Core/Src/stm32f4xx_it.c.obj
                0x080040d0                CAN2_RX1_IRQHandler
 .text.OTG_FS_IRQHandler
                0x080040e0       0x10 CMakeFiles/Engineer_Chassis_2025.elf.dir/Core/Src/stm32f4xx_it.c.obj
                0x080040e0                OTG_FS_IRQHandler
 .text.DMA2_Stream6_IRQHandler
                0x080040f0       0x10 CMakeFiles/Engineer_Chassis_2025.elf.dir/Core/Src/stm32f4xx_it.c.obj
                0x080040f0                DMA2_Stream6_IRQHandler
 .text.USART6_IRQHandler
                0x08004100       0x10 CMakeFiles/Engineer_Chassis_2025.elf.dir/Core/Src/stm32f4xx_it.c.obj
                0x08004100                USART6_IRQHandler
 .text.UART7_IRQHandler
                0x08004110       0x10 CMakeFiles/Engineer_Chassis_2025.elf.dir/Core/Src/stm32f4xx_it.c.obj
                0x08004110                UART7_IRQHandler
 .text.UART8_IRQHandler
                0x08004120       0x10 CMakeFiles/Engineer_Chassis_2025.elf.dir/Core/Src/stm32f4xx_it.c.obj
                0x08004120                UART8_IRQHandler
 .text.SPI5_IRQHandler
                0x08004130       0x10 CMakeFiles/Engineer_Chassis_2025.elf.dir/Core/Src/stm32f4xx_it.c.obj
                0x08004130                SPI5_IRQHandler
 .text._sbrk    0x08004140       0x48 CMakeFiles/Engineer_Chassis_2025.elf.dir/Core/Src/sysmem.c.obj
                0x08004140                _sbrk
 .text.SystemInit
                0x08004188       0x14 CMakeFiles/Engineer_Chassis_2025.elf.dir/Core/Src/system_stm32f4xx.c.obj
                0x08004188                SystemInit
 .text.HAL_TIM_PWM_MspInit
                0x0800419c       0x30 CMakeFiles/Engineer_Chassis_2025.elf.dir/Core/Src/tim.c.obj
                0x0800419c                HAL_TIM_PWM_MspInit
 .text.HAL_TIM_Base_MspInit
                0x080041cc       0x30 CMakeFiles/Engineer_Chassis_2025.elf.dir/Core/Src/tim.c.obj
                0x080041cc                HAL_TIM_Base_MspInit
 .text.HAL_TIM_MspPostInit
                0x080041fc       0x98 CMakeFiles/Engineer_Chassis_2025.elf.dir/Core/Src/tim.c.obj
                0x080041fc                HAL_TIM_MspPostInit
 .text.MX_TIM3_Init
                0x08004294       0x84 CMakeFiles/Engineer_Chassis_2025.elf.dir/Core/Src/tim.c.obj
                0x08004294                MX_TIM3_Init
 .text.MX_TIM12_Init
                0x08004318       0x94 CMakeFiles/Engineer_Chassis_2025.elf.dir/Core/Src/tim.c.obj
                0x08004318                MX_TIM12_Init
 .text.MX_UART7_Init
                0x080043ac       0x34 CMakeFiles/Engineer_Chassis_2025.elf.dir/Core/Src/usart.c.obj
                0x080043ac                MX_UART7_Init
 .text.MX_UART8_Init
                0x080043e0       0x34 CMakeFiles/Engineer_Chassis_2025.elf.dir/Core/Src/usart.c.obj
                0x080043e0                MX_UART8_Init
 .text.MX_USART1_UART_Init
                0x08004414       0x40 CMakeFiles/Engineer_Chassis_2025.elf.dir/Core/Src/usart.c.obj
                0x08004414                MX_USART1_UART_Init
 .text.MX_USART3_UART_Init
                0x08004454       0x34 CMakeFiles/Engineer_Chassis_2025.elf.dir/Core/Src/usart.c.obj
                0x08004454                MX_USART3_UART_Init
 .text.MX_USART6_UART_Init
                0x08004488       0x34 CMakeFiles/Engineer_Chassis_2025.elf.dir/Core/Src/usart.c.obj
                0x08004488                MX_USART6_UART_Init
 .text.HAL_UART_MspInit
                0x080044bc      0x420 CMakeFiles/Engineer_Chassis_2025.elf.dir/Core/Src/usart.c.obj
                0x080044bc                HAL_UART_MspInit
 .text.Reset_Handler
                0x080048dc       0x50 CMakeFiles/Engineer_Chassis_2025.elf.dir/Core/Startup/startup_stm32f427iihx.s.obj
                0x080048dc                Reset_Handler
 .text.Default_Handler
                0x0800492c        0x2 CMakeFiles/Engineer_Chassis_2025.elf.dir/Core/Startup/startup_stm32f427iihx.s.obj
                0x0800492c                RTC_Alarm_IRQHandler
                0x0800492c                HASH_RNG_IRQHandler
                0x0800492c                EXTI2_IRQHandler
                0x0800492c                TIM8_CC_IRQHandler
                0x0800492c                SPI4_IRQHandler
                0x0800492c                TIM1_CC_IRQHandler
                0x0800492c                DMA2_Stream5_IRQHandler
                0x0800492c                DMA1_Stream5_IRQHandler
                0x0800492c                PVD_IRQHandler
                0x0800492c                SDIO_IRQHandler
                0x0800492c                TAMP_STAMP_IRQHandler
                0x0800492c                EXTI3_IRQHandler
                0x0800492c                TIM8_TRG_COM_TIM14_IRQHandler
                0x0800492c                TIM1_UP_TIM10_IRQHandler
                0x0800492c                TIM8_UP_TIM13_IRQHandler
                0x0800492c                I2C3_ER_IRQHandler
                0x0800492c                EXTI0_IRQHandler
                0x0800492c                I2C2_EV_IRQHandler
                0x0800492c                DMA1_Stream2_IRQHandler
                0x0800492c                FPU_IRQHandler
                0x0800492c                OTG_HS_WKUP_IRQHandler
                0x0800492c                CAN2_SCE_IRQHandler
                0x0800492c                SPI1_IRQHandler
                0x0800492c                TIM6_DAC_IRQHandler
                0x0800492c                TIM1_BRK_TIM9_IRQHandler
                0x0800492c                DCMI_IRQHandler
                0x0800492c                CAN2_RX0_IRQHandler
                0x0800492c                CAN1_RX1_IRQHandler
                0x0800492c                UART5_IRQHandler
                0x0800492c                DMA2_Stream0_IRQHandler
                0x0800492c                TIM4_IRQHandler
                0x0800492c                I2C1_EV_IRQHandler
                0x0800492c                UART4_IRQHandler
                0x0800492c                TIM3_IRQHandler
                0x0800492c                RCC_IRQHandler
                0x0800492c                TIM8_BRK_TIM12_IRQHandler
                0x0800492c                Default_Handler
                0x0800492c                EXTI15_10_IRQHandler
                0x0800492c                ADC_IRQHandler
                0x0800492c                DMA1_Stream7_IRQHandler
                0x0800492c                TIM5_IRQHandler
                0x0800492c                DMA2_Stream7_IRQHandler
                0x0800492c                I2C3_EV_IRQHandler
                0x0800492c                EXTI9_5_IRQHandler
                0x0800492c                RTC_WKUP_IRQHandler
                0x0800492c                ETH_WKUP_IRQHandler
                0x0800492c                SPI2_IRQHandler
                0x0800492c                OTG_HS_EP1_IN_IRQHandler
                0x0800492c                EXTI4_IRQHandler
                0x0800492c                ETH_IRQHandler
                0x0800492c                OTG_HS_EP1_OUT_IRQHandler
                0x0800492c                WWDG_IRQHandler
                0x0800492c                SPI6_IRQHandler
                0x0800492c                TIM2_IRQHandler
                0x0800492c                OTG_FS_WKUP_IRQHandler
                0x0800492c                TIM1_TRG_COM_TIM11_IRQHandler
                0x0800492c                OTG_HS_IRQHandler
                0x0800492c                DMA2D_IRQHandler
                0x0800492c                EXTI1_IRQHandler
                0x0800492c                USART2_IRQHandler
                0x0800492c                I2C2_ER_IRQHandler
                0x0800492c                CAN1_SCE_IRQHandler
                0x0800492c                FLASH_IRQHandler
                0x0800492c                SPI3_IRQHandler
                0x0800492c                I2C1_ER_IRQHandler
                0x0800492c                FMC_IRQHandler
                0x0800492c                SAI1_IRQHandler
 *fill*         0x0800492e        0x2 
 .text.HAL_Init
                0x08004930       0x34 CMakeFiles/Engineer_Chassis_2025.elf.dir/Drivers/STM32F4xx_HAL_Driver/Src/stm32f4xx_hal.c.obj
                0x08004930                HAL_Init
 .text.HAL_IncTick
                0x08004964       0x18 CMakeFiles/Engineer_Chassis_2025.elf.dir/Drivers/STM32F4xx_HAL_Driver/Src/stm32f4xx_hal.c.obj
                0x08004964                HAL_IncTick
 .text.HAL_GetTick
                0x0800497c        0xc CMakeFiles/Engineer_Chassis_2025.elf.dir/Drivers/STM32F4xx_HAL_Driver/Src/stm32f4xx_hal.c.obj
                0x0800497c                HAL_GetTick
 .text.HAL_Delay
                0x08004988       0x28 CMakeFiles/Engineer_Chassis_2025.elf.dir/Drivers/STM32F4xx_HAL_Driver/Src/stm32f4xx_hal.c.obj
                0x08004988                HAL_Delay
 .text.HAL_CAN_Init
                0x080049b0      0x14c CMakeFiles/Engineer_Chassis_2025.elf.dir/Drivers/STM32F4xx_HAL_Driver/Src/stm32f4xx_hal_can.c.obj
                0x080049b0                HAL_CAN_Init
 .text.HAL_CAN_ConfigFilter
                0x08004afc      0x138 CMakeFiles/Engineer_Chassis_2025.elf.dir/Drivers/STM32F4xx_HAL_Driver/Src/stm32f4xx_hal_can.c.obj
                0x08004afc                HAL_CAN_ConfigFilter
 .text.HAL_CAN_Start
                0x08004c34       0x5c CMakeFiles/Engineer_Chassis_2025.elf.dir/Drivers/STM32F4xx_HAL_Driver/Src/stm32f4xx_hal_can.c.obj
                0x08004c34                HAL_CAN_Start
 .text.HAL_CAN_AddTxMessage
                0x08004c90       0xea CMakeFiles/Engineer_Chassis_2025.elf.dir/Drivers/STM32F4xx_HAL_Driver/Src/stm32f4xx_hal_can.c.obj
                0x08004c90                HAL_CAN_AddTxMessage
 .text.HAL_CAN_GetRxMessage
                0x08004d7a      0x16a CMakeFiles/Engineer_Chassis_2025.elf.dir/Drivers/STM32F4xx_HAL_Driver/Src/stm32f4xx_hal_can.c.obj
                0x08004d7a                HAL_CAN_GetRxMessage
 .text.HAL_CAN_ActivateNotification
                0x08004ee4       0x24 CMakeFiles/Engineer_Chassis_2025.elf.dir/Drivers/STM32F4xx_HAL_Driver/Src/stm32f4xx_hal_can.c.obj
                0x08004ee4                HAL_CAN_ActivateNotification
 .text.HAL_CAN_TxMailbox0AbortCallback
                0x08004f08        0x2 CMakeFiles/Engineer_Chassis_2025.elf.dir/Drivers/STM32F4xx_HAL_Driver/Src/stm32f4xx_hal_can.c.obj
                0x08004f08                HAL_CAN_TxMailbox0AbortCallback
 .text.HAL_CAN_TxMailbox1AbortCallback
                0x08004f0a        0x2 CMakeFiles/Engineer_Chassis_2025.elf.dir/Drivers/STM32F4xx_HAL_Driver/Src/stm32f4xx_hal_can.c.obj
                0x08004f0a                HAL_CAN_TxMailbox1AbortCallback
 .text.HAL_CAN_TxMailbox2AbortCallback
                0x08004f0c        0x2 CMakeFiles/Engineer_Chassis_2025.elf.dir/Drivers/STM32F4xx_HAL_Driver/Src/stm32f4xx_hal_can.c.obj
                0x08004f0c                HAL_CAN_TxMailbox2AbortCallback
 .text.HAL_CAN_RxFifo0FullCallback
                0x08004f0e        0x2 CMakeFiles/Engineer_Chassis_2025.elf.dir/Drivers/STM32F4xx_HAL_Driver/Src/stm32f4xx_hal_can.c.obj
                0x08004f0e                HAL_CAN_RxFifo0FullCallback
 .text.HAL_CAN_RxFifo1FullCallback
                0x08004f10        0x2 CMakeFiles/Engineer_Chassis_2025.elf.dir/Drivers/STM32F4xx_HAL_Driver/Src/stm32f4xx_hal_can.c.obj
                0x08004f10                HAL_CAN_RxFifo1FullCallback
 .text.HAL_CAN_SleepCallback
                0x08004f12        0x2 CMakeFiles/Engineer_Chassis_2025.elf.dir/Drivers/STM32F4xx_HAL_Driver/Src/stm32f4xx_hal_can.c.obj
                0x08004f12                HAL_CAN_SleepCallback
 .text.HAL_CAN_WakeUpFromRxMsgCallback
                0x08004f14        0x2 CMakeFiles/Engineer_Chassis_2025.elf.dir/Drivers/STM32F4xx_HAL_Driver/Src/stm32f4xx_hal_can.c.obj
                0x08004f14                HAL_CAN_WakeUpFromRxMsgCallback
 .text.HAL_CAN_ErrorCallback
                0x08004f16        0x2 CMakeFiles/Engineer_Chassis_2025.elf.dir/Drivers/STM32F4xx_HAL_Driver/Src/stm32f4xx_hal_can.c.obj
                0x08004f16                HAL_CAN_ErrorCallback
 .text.HAL_CAN_IRQHandler
                0x08004f18      0x250 CMakeFiles/Engineer_Chassis_2025.elf.dir/Drivers/STM32F4xx_HAL_Driver/Src/stm32f4xx_hal_can.c.obj
                0x08004f18                HAL_CAN_IRQHandler
 .text.__NVIC_EnableIRQ
                0x08005168       0x1c CMakeFiles/Engineer_Chassis_2025.elf.dir/Drivers/STM32F4xx_HAL_Driver/Src/stm32f4xx_hal_cortex.c.obj
 .text.__NVIC_SetPriority
                0x08005184       0x28 CMakeFiles/Engineer_Chassis_2025.elf.dir/Drivers/STM32F4xx_HAL_Driver/Src/stm32f4xx_hal_cortex.c.obj
 .text.NVIC_EncodePriority
                0x080051ac       0x3e CMakeFiles/Engineer_Chassis_2025.elf.dir/Drivers/STM32F4xx_HAL_Driver/Src/stm32f4xx_hal_cortex.c.obj
 *fill*         0x080051ea        0x2 
 .text.HAL_NVIC_SetPriorityGrouping
                0x080051ec       0x24 CMakeFiles/Engineer_Chassis_2025.elf.dir/Drivers/STM32F4xx_HAL_Driver/Src/stm32f4xx_hal_cortex.c.obj
                0x080051ec                HAL_NVIC_SetPriorityGrouping
 .text.HAL_NVIC_SetPriority
                0x08005210       0x20 CMakeFiles/Engineer_Chassis_2025.elf.dir/Drivers/STM32F4xx_HAL_Driver/Src/stm32f4xx_hal_cortex.c.obj
                0x08005210                HAL_NVIC_SetPriority
 .text.HAL_NVIC_EnableIRQ
                0x08005230        0x8 CMakeFiles/Engineer_Chassis_2025.elf.dir/Drivers/STM32F4xx_HAL_Driver/Src/stm32f4xx_hal_cortex.c.obj
                0x08005230                HAL_NVIC_EnableIRQ
 .text.DMA_SetConfig
                0x08005238       0x2c CMakeFiles/Engineer_Chassis_2025.elf.dir/Drivers/STM32F4xx_HAL_Driver/Src/stm32f4xx_hal_dma.c.obj
 .text.DMA_CalcBaseAndBitshift
                0x08005264       0x3c CMakeFiles/Engineer_Chassis_2025.elf.dir/Drivers/STM32F4xx_HAL_Driver/Src/stm32f4xx_hal_dma.c.obj
 .text.DMA_CheckFifoParam
                0x080052a0       0x8e CMakeFiles/Engineer_Chassis_2025.elf.dir/Drivers/STM32F4xx_HAL_Driver/Src/stm32f4xx_hal_dma.c.obj
 *fill*         0x0800532e        0x2 
 .text.HAL_DMA_Init
                0x08005330       0xcc CMakeFiles/Engineer_Chassis_2025.elf.dir/Drivers/STM32F4xx_HAL_Driver/Src/stm32f4xx_hal_dma.c.obj
                0x08005330                HAL_DMA_Init
 .text.HAL_DMA_Start_IT
                0x080053fc       0x6a CMakeFiles/Engineer_Chassis_2025.elf.dir/Drivers/STM32F4xx_HAL_Driver/Src/stm32f4xx_hal_dma.c.obj
                0x080053fc                HAL_DMA_Start_IT
 .text.HAL_DMA_Abort
                0x08005466       0x94 CMakeFiles/Engineer_Chassis_2025.elf.dir/Drivers/STM32F4xx_HAL_Driver/Src/stm32f4xx_hal_dma.c.obj
                0x08005466                HAL_DMA_Abort
 .text.HAL_DMA_Abort_IT
                0x080054fa       0x26 CMakeFiles/Engineer_Chassis_2025.elf.dir/Drivers/STM32F4xx_HAL_Driver/Src/stm32f4xx_hal_dma.c.obj
                0x080054fa                HAL_DMA_Abort_IT
 .text.HAL_DMA_IRQHandler
                0x08005520      0x1dc CMakeFiles/Engineer_Chassis_2025.elf.dir/Drivers/STM32F4xx_HAL_Driver/Src/stm32f4xx_hal_dma.c.obj
                0x08005520                HAL_DMA_IRQHandler
 .text.HAL_GPIO_Init
                0x080056fc      0x208 CMakeFiles/Engineer_Chassis_2025.elf.dir/Drivers/STM32F4xx_HAL_Driver/Src/stm32f4xx_hal_gpio.c.obj
                0x080056fc                HAL_GPIO_Init
 .text.HAL_GPIO_WritePin
                0x08005904        0xc CMakeFiles/Engineer_Chassis_2025.elf.dir/Drivers/STM32F4xx_HAL_Driver/Src/stm32f4xx_hal_gpio.c.obj
                0x08005904                HAL_GPIO_WritePin
 .text.PCD_WriteEmptyTxFifo
                0x08005910       0xd0 CMakeFiles/Engineer_Chassis_2025.elf.dir/Drivers/STM32F4xx_HAL_Driver/Src/stm32f4xx_hal_pcd.c.obj
 .text.HAL_PCD_Init
                0x080059e0      0x102 CMakeFiles/Engineer_Chassis_2025.elf.dir/Drivers/STM32F4xx_HAL_Driver/Src/stm32f4xx_hal_pcd.c.obj
                0x080059e0                HAL_PCD_Init
 .text.HAL_PCD_Start
                0x08005ae2       0x44 CMakeFiles/Engineer_Chassis_2025.elf.dir/Drivers/STM32F4xx_HAL_Driver/Src/stm32f4xx_hal_pcd.c.obj
                0x08005ae2                HAL_PCD_Start
 *fill*         0x08005b26        0x2 
 .text.PCD_EP_OutXfrComplete_int
                0x08005b28      0x104 CMakeFiles/Engineer_Chassis_2025.elf.dir/Drivers/STM32F4xx_HAL_Driver/Src/stm32f4xx_hal_pcd.c.obj
 .text.PCD_EP_OutSetupPacket_int
                0x08005c2c       0x50 CMakeFiles/Engineer_Chassis_2025.elf.dir/Drivers/STM32F4xx_HAL_Driver/Src/stm32f4xx_hal_pcd.c.obj
 .text.HAL_PCD_SetAddress
                0x08005c7c       0x26 CMakeFiles/Engineer_Chassis_2025.elf.dir/Drivers/STM32F4xx_HAL_Driver/Src/stm32f4xx_hal_pcd.c.obj
                0x08005c7c                HAL_PCD_SetAddress
 .text.HAL_PCD_EP_Open
                0x08005ca2       0x8c CMakeFiles/Engineer_Chassis_2025.elf.dir/Drivers/STM32F4xx_HAL_Driver/Src/stm32f4xx_hal_pcd.c.obj
                0x08005ca2                HAL_PCD_EP_Open
 .text.HAL_PCD_EP_Close
                0x08005d2e       0x70 CMakeFiles/Engineer_Chassis_2025.elf.dir/Drivers/STM32F4xx_HAL_Driver/Src/stm32f4xx_hal_pcd.c.obj
                0x08005d2e                HAL_PCD_EP_Close
 .text.HAL_PCD_EP_Receive
                0x08005d9e       0x4a CMakeFiles/Engineer_Chassis_2025.elf.dir/Drivers/STM32F4xx_HAL_Driver/Src/stm32f4xx_hal_pcd.c.obj
                0x08005d9e                HAL_PCD_EP_Receive
 .text.HAL_PCD_EP_GetRxCount
                0x08005de8       0x12 CMakeFiles/Engineer_Chassis_2025.elf.dir/Drivers/STM32F4xx_HAL_Driver/Src/stm32f4xx_hal_pcd.c.obj
                0x08005de8                HAL_PCD_EP_GetRxCount
 .text.HAL_PCD_EP_Transmit
                0x08005dfa       0x4a CMakeFiles/Engineer_Chassis_2025.elf.dir/Drivers/STM32F4xx_HAL_Driver/Src/stm32f4xx_hal_pcd.c.obj
                0x08005dfa                HAL_PCD_EP_Transmit
 .text.HAL_PCD_EP_SetStall
                0x08005e44       0x86 CMakeFiles/Engineer_Chassis_2025.elf.dir/Drivers/STM32F4xx_HAL_Driver/Src/stm32f4xx_hal_pcd.c.obj
                0x08005e44                HAL_PCD_EP_SetStall
 .text.HAL_PCD_EP_ClrStall
                0x08005eca       0x74 CMakeFiles/Engineer_Chassis_2025.elf.dir/Drivers/STM32F4xx_HAL_Driver/Src/stm32f4xx_hal_pcd.c.obj
                0x08005eca                HAL_PCD_EP_ClrStall
 .text.HAL_PCD_EP_Abort
                0x08005f3e       0x34 CMakeFiles/Engineer_Chassis_2025.elf.dir/Drivers/STM32F4xx_HAL_Driver/Src/stm32f4xx_hal_pcd.c.obj
                0x08005f3e                HAL_PCD_EP_Abort
 .text.HAL_PCD_IRQHandler
                0x08005f72      0x5c0 CMakeFiles/Engineer_Chassis_2025.elf.dir/Drivers/STM32F4xx_HAL_Driver/Src/stm32f4xx_hal_pcd.c.obj
                0x08005f72                HAL_PCD_IRQHandler
 .text.HAL_PCDEx_SetTxFiFo
                0x08006532       0x4c CMakeFiles/Engineer_Chassis_2025.elf.dir/Drivers/STM32F4xx_HAL_Driver/Src/stm32f4xx_hal_pcd_ex.c.obj
                0x08006532                HAL_PCDEx_SetTxFiFo
 .text.HAL_PCDEx_SetRxFiFo
                0x0800657e        0x8 CMakeFiles/Engineer_Chassis_2025.elf.dir/Drivers/STM32F4xx_HAL_Driver/Src/stm32f4xx_hal_pcd_ex.c.obj
                0x0800657e                HAL_PCDEx_SetRxFiFo
 .text.HAL_PCDEx_LPM_Callback
                0x08006586        0x2 CMakeFiles/Engineer_Chassis_2025.elf.dir/Drivers/STM32F4xx_HAL_Driver/Src/stm32f4xx_hal_pcd_ex.c.obj
                0x08006586                HAL_PCDEx_LPM_Callback
 .text.HAL_RCC_OscConfig
                0x08006588      0x3f8 CMakeFiles/Engineer_Chassis_2025.elf.dir/Drivers/STM32F4xx_HAL_Driver/Src/stm32f4xx_hal_rcc.c.obj
                0x08006588                HAL_RCC_OscConfig
 .text.HAL_RCC_GetSysClockFreq
                0x08006980       0xa8 CMakeFiles/Engineer_Chassis_2025.elf.dir/Drivers/STM32F4xx_HAL_Driver/Src/stm32f4xx_hal_rcc.c.obj
                0x08006980                HAL_RCC_GetSysClockFreq
 .text.HAL_RCC_ClockConfig
                0x08006a28      0x160 CMakeFiles/Engineer_Chassis_2025.elf.dir/Drivers/STM32F4xx_HAL_Driver/Src/stm32f4xx_hal_rcc.c.obj
                0x08006a28                HAL_RCC_ClockConfig
 .text.HAL_RCC_GetHCLKFreq
                0x08006b88        0xc CMakeFiles/Engineer_Chassis_2025.elf.dir/Drivers/STM32F4xx_HAL_Driver/Src/stm32f4xx_hal_rcc.c.obj
                0x08006b88                HAL_RCC_GetHCLKFreq
 .text.HAL_RCC_GetPCLK1Freq
                0x08006b94       0x20 CMakeFiles/Engineer_Chassis_2025.elf.dir/Drivers/STM32F4xx_HAL_Driver/Src/stm32f4xx_hal_rcc.c.obj
                0x08006b94                HAL_RCC_GetPCLK1Freq
 .text.HAL_RCC_GetPCLK2Freq
                0x08006bb4       0x20 CMakeFiles/Engineer_Chassis_2025.elf.dir/Drivers/STM32F4xx_HAL_Driver/Src/stm32f4xx_hal_rcc.c.obj
                0x08006bb4                HAL_RCC_GetPCLK2Freq
 .text.HAL_RCC_GetClockConfig
                0x08006bd4       0x3c CMakeFiles/Engineer_Chassis_2025.elf.dir/Drivers/STM32F4xx_HAL_Driver/Src/stm32f4xx_hal_rcc.c.obj
                0x08006bd4                HAL_RCC_GetClockConfig
 .text.HAL_SPI_TxCpltCallback
                0x08006c10        0x2 CMakeFiles/Engineer_Chassis_2025.elf.dir/Drivers/STM32F4xx_HAL_Driver/Src/stm32f4xx_hal_spi.c.obj
                0x08006c10                HAL_SPI_TxCpltCallback
 .text.HAL_SPI_RxCpltCallback
                0x08006c12        0x2 CMakeFiles/Engineer_Chassis_2025.elf.dir/Drivers/STM32F4xx_HAL_Driver/Src/stm32f4xx_hal_spi.c.obj
                0x08006c12                HAL_SPI_RxCpltCallback
 .text.HAL_SPI_TxRxCpltCallback
                0x08006c14        0x2 CMakeFiles/Engineer_Chassis_2025.elf.dir/Drivers/STM32F4xx_HAL_Driver/Src/stm32f4xx_hal_spi.c.obj
                0x08006c14                HAL_SPI_TxRxCpltCallback
 .text.HAL_SPI_TxHalfCpltCallback
                0x08006c16        0x2 CMakeFiles/Engineer_Chassis_2025.elf.dir/Drivers/STM32F4xx_HAL_Driver/Src/stm32f4xx_hal_spi.c.obj
                0x08006c16                HAL_SPI_TxHalfCpltCallback
 .text.HAL_SPI_RxHalfCpltCallback
                0x08006c18        0x2 CMakeFiles/Engineer_Chassis_2025.elf.dir/Drivers/STM32F4xx_HAL_Driver/Src/stm32f4xx_hal_spi.c.obj
                0x08006c18                HAL_SPI_RxHalfCpltCallback
 .text.HAL_SPI_TxRxHalfCpltCallback
                0x08006c1a        0x2 CMakeFiles/Engineer_Chassis_2025.elf.dir/Drivers/STM32F4xx_HAL_Driver/Src/stm32f4xx_hal_spi.c.obj
                0x08006c1a                HAL_SPI_TxRxHalfCpltCallback
 .text.HAL_SPI_ErrorCallback
                0x08006c1c        0x2 CMakeFiles/Engineer_Chassis_2025.elf.dir/Drivers/STM32F4xx_HAL_Driver/Src/stm32f4xx_hal_spi.c.obj
                0x08006c1c                HAL_SPI_ErrorCallback
 .text.HAL_SPI_AbortCpltCallback
                0x08006c1e        0x2 CMakeFiles/Engineer_Chassis_2025.elf.dir/Drivers/STM32F4xx_HAL_Driver/Src/stm32f4xx_hal_spi.c.obj
                0x08006c1e                HAL_SPI_AbortCpltCallback
 .text.SPI_DMAHalfReceiveCplt
                0x08006c20        0xa CMakeFiles/Engineer_Chassis_2025.elf.dir/Drivers/STM32F4xx_HAL_Driver/Src/stm32f4xx_hal_spi.c.obj
 .text.SPI_DMAHalfTransmitReceiveCplt
                0x08006c2a        0xa CMakeFiles/Engineer_Chassis_2025.elf.dir/Drivers/STM32F4xx_HAL_Driver/Src/stm32f4xx_hal_spi.c.obj
 .text.SPI_DMAError
                0x08006c34       0x22 CMakeFiles/Engineer_Chassis_2025.elf.dir/Drivers/STM32F4xx_HAL_Driver/Src/stm32f4xx_hal_spi.c.obj
 .text.SPI_DMAAbortOnError
                0x08006c56       0x10 CMakeFiles/Engineer_Chassis_2025.elf.dir/Drivers/STM32F4xx_HAL_Driver/Src/stm32f4xx_hal_spi.c.obj
 *fill*         0x08006c66        0x2 
 .text.SPI_WaitFlagStateUntilTimeout
                0x08006c68       0xc8 CMakeFiles/Engineer_Chassis_2025.elf.dir/Drivers/STM32F4xx_HAL_Driver/Src/stm32f4xx_hal_spi.c.obj
 .text.SPI_EndRxTxTransaction
                0x08006d30       0x80 CMakeFiles/Engineer_Chassis_2025.elf.dir/Drivers/STM32F4xx_HAL_Driver/Src/stm32f4xx_hal_spi.c.obj
 .text.SPI_EndRxTransaction
                0x08006db0       0x8c CMakeFiles/Engineer_Chassis_2025.elf.dir/Drivers/STM32F4xx_HAL_Driver/Src/stm32f4xx_hal_spi.c.obj
 .text.SPI_DMAReceiveCplt
                0x08006e3c       0x6e CMakeFiles/Engineer_Chassis_2025.elf.dir/Drivers/STM32F4xx_HAL_Driver/Src/stm32f4xx_hal_spi.c.obj
 .text.SPI_DMATransmitReceiveCplt
                0x08006eaa       0x5e CMakeFiles/Engineer_Chassis_2025.elf.dir/Drivers/STM32F4xx_HAL_Driver/Src/stm32f4xx_hal_spi.c.obj
 .text.HAL_SPI_Init
                0x08006f08      0x10c CMakeFiles/Engineer_Chassis_2025.elf.dir/Drivers/STM32F4xx_HAL_Driver/Src/stm32f4xx_hal_spi.c.obj
                0x08006f08                HAL_SPI_Init
 .text.HAL_SPI_RegisterCallback
                0x08007014       0xc6 CMakeFiles/Engineer_Chassis_2025.elf.dir/Drivers/STM32F4xx_HAL_Driver/Src/stm32f4xx_hal_spi.c.obj
                0x08007014                HAL_SPI_RegisterCallback
 .text.HAL_SPI_TransmitReceive
                0x080070da      0x254 CMakeFiles/Engineer_Chassis_2025.elf.dir/Drivers/STM32F4xx_HAL_Driver/Src/stm32f4xx_hal_spi.c.obj
                0x080070da                HAL_SPI_TransmitReceive
 *fill*         0x0800732e        0x2 
 .text.HAL_SPI_TransmitReceive_DMA
                0x08007330      0x160 CMakeFiles/Engineer_Chassis_2025.elf.dir/Drivers/STM32F4xx_HAL_Driver/Src/stm32f4xx_hal_spi.c.obj
                0x08007330                HAL_SPI_TransmitReceive_DMA
 .text.HAL_SPI_IRQHandler
                0x08007490      0x124 CMakeFiles/Engineer_Chassis_2025.elf.dir/Drivers/STM32F4xx_HAL_Driver/Src/stm32f4xx_hal_spi.c.obj
                0x08007490                HAL_SPI_IRQHandler
 .text.TIM_OC1_SetConfig
                0x080075b4       0x70 CMakeFiles/Engineer_Chassis_2025.elf.dir/Drivers/STM32F4xx_HAL_Driver/Src/stm32f4xx_hal_tim.c.obj
 .text.TIM_OC3_SetConfig
                0x08007624       0x70 CMakeFiles/Engineer_Chassis_2025.elf.dir/Drivers/STM32F4xx_HAL_Driver/Src/stm32f4xx_hal_tim.c.obj
 .text.TIM_OC4_SetConfig
                0x08007694       0x50 CMakeFiles/Engineer_Chassis_2025.elf.dir/Drivers/STM32F4xx_HAL_Driver/Src/stm32f4xx_hal_tim.c.obj
 .text.TIM_TI1_ConfigInputStage
                0x080076e4       0x26 CMakeFiles/Engineer_Chassis_2025.elf.dir/Drivers/STM32F4xx_HAL_Driver/Src/stm32f4xx_hal_tim.c.obj
 .text.TIM_TI2_ConfigInputStage
                0x0800770a       0x28 CMakeFiles/Engineer_Chassis_2025.elf.dir/Drivers/STM32F4xx_HAL_Driver/Src/stm32f4xx_hal_tim.c.obj
 .text.TIM_ITRx_SetConfig
                0x08007732       0x10 CMakeFiles/Engineer_Chassis_2025.elf.dir/Drivers/STM32F4xx_HAL_Driver/Src/stm32f4xx_hal_tim.c.obj
 *fill*         0x08007742        0x2 
 .text.HAL_TIM_Base_Start_IT
                0x08007744       0x88 CMakeFiles/Engineer_Chassis_2025.elf.dir/Drivers/STM32F4xx_HAL_Driver/Src/stm32f4xx_hal_tim.c.obj
                0x08007744                HAL_TIM_Base_Start_IT
 .text.HAL_TIM_OC_DelayElapsedCallback
                0x080077cc        0x2 CMakeFiles/Engineer_Chassis_2025.elf.dir/Drivers/STM32F4xx_HAL_Driver/Src/stm32f4xx_hal_tim.c.obj
                0x080077cc                HAL_TIM_OC_DelayElapsedCallback
 .text.HAL_TIM_IC_CaptureCallback
                0x080077ce        0x2 CMakeFiles/Engineer_Chassis_2025.elf.dir/Drivers/STM32F4xx_HAL_Driver/Src/stm32f4xx_hal_tim.c.obj
                0x080077ce                HAL_TIM_IC_CaptureCallback
 .text.HAL_TIM_PWM_PulseFinishedCallback
                0x080077d0        0x2 CMakeFiles/Engineer_Chassis_2025.elf.dir/Drivers/STM32F4xx_HAL_Driver/Src/stm32f4xx_hal_tim.c.obj
                0x080077d0                HAL_TIM_PWM_PulseFinishedCallback
 .text.HAL_TIM_TriggerCallback
                0x080077d2        0x2 CMakeFiles/Engineer_Chassis_2025.elf.dir/Drivers/STM32F4xx_HAL_Driver/Src/stm32f4xx_hal_tim.c.obj
                0x080077d2                HAL_TIM_TriggerCallback
 .text.HAL_TIM_IRQHandler
                0x080077d4      0x15e CMakeFiles/Engineer_Chassis_2025.elf.dir/Drivers/STM32F4xx_HAL_Driver/Src/stm32f4xx_hal_tim.c.obj
                0x080077d4                HAL_TIM_IRQHandler
 *fill*         0x08007932        0x2 
 .text.TIM_Base_SetConfig
                0x08007934       0xd8 CMakeFiles/Engineer_Chassis_2025.elf.dir/Drivers/STM32F4xx_HAL_Driver/Src/stm32f4xx_hal_tim.c.obj
                0x08007934                TIM_Base_SetConfig
 .text.HAL_TIM_Base_Init
                0x08007a0c       0x58 CMakeFiles/Engineer_Chassis_2025.elf.dir/Drivers/STM32F4xx_HAL_Driver/Src/stm32f4xx_hal_tim.c.obj
                0x08007a0c                HAL_TIM_Base_Init
 .text.HAL_TIM_PWM_Init
                0x08007a64       0x58 CMakeFiles/Engineer_Chassis_2025.elf.dir/Drivers/STM32F4xx_HAL_Driver/Src/stm32f4xx_hal_tim.c.obj
                0x08007a64                HAL_TIM_PWM_Init
 .text.TIM_OC2_SetConfig
                0x08007abc       0x70 CMakeFiles/Engineer_Chassis_2025.elf.dir/Drivers/STM32F4xx_HAL_Driver/Src/stm32f4xx_hal_tim.c.obj
                0x08007abc                TIM_OC2_SetConfig
 .text.HAL_TIM_PWM_ConfigChannel
                0x08007b2c       0xdc CMakeFiles/Engineer_Chassis_2025.elf.dir/Drivers/STM32F4xx_HAL_Driver/Src/stm32f4xx_hal_tim.c.obj
                0x08007b2c                HAL_TIM_PWM_ConfigChannel
 .text.TIM_ETR_SetConfig
                0x08007c08       0x1a CMakeFiles/Engineer_Chassis_2025.elf.dir/Drivers/STM32F4xx_HAL_Driver/Src/stm32f4xx_hal_tim.c.obj
                0x08007c08                TIM_ETR_SetConfig
 .text.HAL_TIM_ConfigClockSource
                0x08007c22       0xfe CMakeFiles/Engineer_Chassis_2025.elf.dir/Drivers/STM32F4xx_HAL_Driver/Src/stm32f4xx_hal_tim.c.obj
                0x08007c22                HAL_TIM_ConfigClockSource
 .text.TIM_CCxChannelCmd
                0x08007d20       0x1e CMakeFiles/Engineer_Chassis_2025.elf.dir/Drivers/STM32F4xx_HAL_Driver/Src/stm32f4xx_hal_tim.c.obj
                0x08007d20                TIM_CCxChannelCmd
 *fill*         0x08007d3e        0x2 
 .text.HAL_TIM_PWM_Start
                0x08007d40      0x104 CMakeFiles/Engineer_Chassis_2025.elf.dir/Drivers/STM32F4xx_HAL_Driver/Src/stm32f4xx_hal_tim.c.obj
                0x08007d40                HAL_TIM_PWM_Start
 .text.HAL_TIMEx_MasterConfigSynchronization
                0x08007e44       0x8c CMakeFiles/Engineer_Chassis_2025.elf.dir/Drivers/STM32F4xx_HAL_Driver/Src/stm32f4xx_hal_tim_ex.c.obj
                0x08007e44                HAL_TIMEx_MasterConfigSynchronization
 .text.HAL_TIMEx_CommutCallback
                0x08007ed0        0x2 CMakeFiles/Engineer_Chassis_2025.elf.dir/Drivers/STM32F4xx_HAL_Driver/Src/stm32f4xx_hal_tim_ex.c.obj
                0x08007ed0                HAL_TIMEx_CommutCallback
 .text.HAL_TIMEx_BreakCallback
                0x08007ed2        0x2 CMakeFiles/Engineer_Chassis_2025.elf.dir/Drivers/STM32F4xx_HAL_Driver/Src/stm32f4xx_hal_tim_ex.c.obj
                0x08007ed2                HAL_TIMEx_BreakCallback
 .text.HAL_UART_TxCpltCallback
                0x08007ed4        0x2 CMakeFiles/Engineer_Chassis_2025.elf.dir/Drivers/STM32F4xx_HAL_Driver/Src/stm32f4xx_hal_uart.c.obj
                0x08007ed4                HAL_UART_TxCpltCallback
 .text.HAL_UART_TxHalfCpltCallback
                0x08007ed6        0x2 CMakeFiles/Engineer_Chassis_2025.elf.dir/Drivers/STM32F4xx_HAL_Driver/Src/stm32f4xx_hal_uart.c.obj
                0x08007ed6                HAL_UART_TxHalfCpltCallback
 .text.HAL_UART_RxCpltCallback
                0x08007ed8        0x2 CMakeFiles/Engineer_Chassis_2025.elf.dir/Drivers/STM32F4xx_HAL_Driver/Src/stm32f4xx_hal_uart.c.obj
                0x08007ed8                HAL_UART_RxCpltCallback
 .text.HAL_UART_RxHalfCpltCallback
                0x08007eda        0x2 CMakeFiles/Engineer_Chassis_2025.elf.dir/Drivers/STM32F4xx_HAL_Driver/Src/stm32f4xx_hal_uart.c.obj
                0x08007eda                HAL_UART_RxHalfCpltCallback
 .text.HAL_UART_ErrorCallback
                0x08007edc        0x2 CMakeFiles/Engineer_Chassis_2025.elf.dir/Drivers/STM32F4xx_HAL_Driver/Src/stm32f4xx_hal_uart.c.obj
                0x08007edc                HAL_UART_ErrorCallback
 .text.HAL_UART_AbortCpltCallback
                0x08007ede        0x2 CMakeFiles/Engineer_Chassis_2025.elf.dir/Drivers/STM32F4xx_HAL_Driver/Src/stm32f4xx_hal_uart.c.obj
                0x08007ede                HAL_UART_AbortCpltCallback
 .text.HAL_UART_AbortTransmitCpltCallback
                0x08007ee0        0x2 CMakeFiles/Engineer_Chassis_2025.elf.dir/Drivers/STM32F4xx_HAL_Driver/Src/stm32f4xx_hal_uart.c.obj
                0x08007ee0                HAL_UART_AbortTransmitCpltCallback
 .text.HAL_UART_AbortReceiveCpltCallback
                0x08007ee2        0x2 CMakeFiles/Engineer_Chassis_2025.elf.dir/Drivers/STM32F4xx_HAL_Driver/Src/stm32f4xx_hal_uart.c.obj
                0x08007ee2                HAL_UART_AbortReceiveCpltCallback
 .text.HAL_UARTEx_RxEventCallback
                0x08007ee4        0x2 CMakeFiles/Engineer_Chassis_2025.elf.dir/Drivers/STM32F4xx_HAL_Driver/Src/stm32f4xx_hal_uart.c.obj
                0x08007ee4                HAL_UARTEx_RxEventCallback
 .text.UART_DMATransmitCplt
                0x08007ee6       0x4c CMakeFiles/Engineer_Chassis_2025.elf.dir/Drivers/STM32F4xx_HAL_Driver/Src/stm32f4xx_hal_uart.c.obj
 .text.UART_DMATxHalfCplt
                0x08007f32        0xa CMakeFiles/Engineer_Chassis_2025.elf.dir/Drivers/STM32F4xx_HAL_Driver/Src/stm32f4xx_hal_uart.c.obj
 .text.UART_DMAReceiveCplt
                0x08007f3c       0x9a CMakeFiles/Engineer_Chassis_2025.elf.dir/Drivers/STM32F4xx_HAL_Driver/Src/stm32f4xx_hal_uart.c.obj
 .text.UART_DMARxHalfCplt
                0x08007fd6       0x1e CMakeFiles/Engineer_Chassis_2025.elf.dir/Drivers/STM32F4xx_HAL_Driver/Src/stm32f4xx_hal_uart.c.obj
 .text.UART_EndTxTransfer
                0x08007ff4       0x20 CMakeFiles/Engineer_Chassis_2025.elf.dir/Drivers/STM32F4xx_HAL_Driver/Src/stm32f4xx_hal_uart.c.obj
 .text.UART_EndRxTransfer
                0x08008014       0x5c CMakeFiles/Engineer_Chassis_2025.elf.dir/Drivers/STM32F4xx_HAL_Driver/Src/stm32f4xx_hal_uart.c.obj
 .text.UART_DMAError
                0x08008070       0x58 CMakeFiles/Engineer_Chassis_2025.elf.dir/Drivers/STM32F4xx_HAL_Driver/Src/stm32f4xx_hal_uart.c.obj
 .text.UART_DMAAbortOnError
                0x080080c8       0x10 CMakeFiles/Engineer_Chassis_2025.elf.dir/Drivers/STM32F4xx_HAL_Driver/Src/stm32f4xx_hal_uart.c.obj
 .text.UART_Transmit_IT
                0x080080d8       0x60 CMakeFiles/Engineer_Chassis_2025.elf.dir/Drivers/STM32F4xx_HAL_Driver/Src/stm32f4xx_hal_uart.c.obj
 .text.UART_EndTransmit_IT
                0x08008138       0x1a CMakeFiles/Engineer_Chassis_2025.elf.dir/Drivers/STM32F4xx_HAL_Driver/Src/stm32f4xx_hal_uart.c.obj
 .text.UART_Receive_IT
                0x08008152       0xe6 CMakeFiles/Engineer_Chassis_2025.elf.dir/Drivers/STM32F4xx_HAL_Driver/Src/stm32f4xx_hal_uart.c.obj
 .text.UART_SetConfig
                0x08008238      0x110 CMakeFiles/Engineer_Chassis_2025.elf.dir/Drivers/STM32F4xx_HAL_Driver/Src/stm32f4xx_hal_uart.c.obj
 .text.UART_WaitOnFlagUntilTimeout
                0x08008348       0x86 CMakeFiles/Engineer_Chassis_2025.elf.dir/Drivers/STM32F4xx_HAL_Driver/Src/stm32f4xx_hal_uart.c.obj
 .text.HAL_UART_RegisterRxEventCallback
                0x080083ce       0x44 CMakeFiles/Engineer_Chassis_2025.elf.dir/Drivers/STM32F4xx_HAL_Driver/Src/stm32f4xx_hal_uart.c.obj
                0x080083ce                HAL_UART_RegisterRxEventCallback
 .text.HAL_UART_Transmit
                0x08008412       0xcc CMakeFiles/Engineer_Chassis_2025.elf.dir/Drivers/STM32F4xx_HAL_Driver/Src/stm32f4xx_hal_uart.c.obj
                0x08008412                HAL_UART_Transmit
 *fill*         0x080084de        0x2 
 .text.HAL_UART_Transmit_DMA
                0x080084e0       0x84 CMakeFiles/Engineer_Chassis_2025.elf.dir/Drivers/STM32F4xx_HAL_Driver/Src/stm32f4xx_hal_uart.c.obj
                0x080084e0                HAL_UART_Transmit_DMA
 .text.HAL_UART_IRQHandler
                0x08008564      0x284 CMakeFiles/Engineer_Chassis_2025.elf.dir/Drivers/STM32F4xx_HAL_Driver/Src/stm32f4xx_hal_uart.c.obj
                0x08008564                HAL_UART_IRQHandler
 .text.UART_InitCallbacksToDefault
                0x080087e8       0x4c CMakeFiles/Engineer_Chassis_2025.elf.dir/Drivers/STM32F4xx_HAL_Driver/Src/stm32f4xx_hal_uart.c.obj
                0x080087e8                UART_InitCallbacksToDefault
 .text.HAL_UART_Init
                0x08008834       0x78 CMakeFiles/Engineer_Chassis_2025.elf.dir/Drivers/STM32F4xx_HAL_Driver/Src/stm32f4xx_hal_uart.c.obj
                0x08008834                HAL_UART_Init
 .text.UART_Start_Receive_DMA
                0x080088ac       0xa4 CMakeFiles/Engineer_Chassis_2025.elf.dir/Drivers/STM32F4xx_HAL_Driver/Src/stm32f4xx_hal_uart.c.obj
                0x080088ac                UART_Start_Receive_DMA
 .text.HAL_UARTEx_ReceiveToIdle_DMA
                0x08008950       0x66 CMakeFiles/Engineer_Chassis_2025.elf.dir/Drivers/STM32F4xx_HAL_Driver/Src/stm32f4xx_hal_uart.c.obj
                0x08008950                HAL_UARTEx_ReceiveToIdle_DMA
 .text.USB_CoreReset
                0x080089b6       0x4a CMakeFiles/Engineer_Chassis_2025.elf.dir/Drivers/STM32F4xx_HAL_Driver/Src/stm32f4xx_ll_usb.c.obj
 .text.USB_CoreInit
                0x08008a00       0x92 CMakeFiles/Engineer_Chassis_2025.elf.dir/Drivers/STM32F4xx_HAL_Driver/Src/stm32f4xx_ll_usb.c.obj
                0x08008a00                USB_CoreInit
 *fill*         0x08008a92        0x2 
 .text.USB_SetTurnaroundTime
                0x08008a94       0xe4 CMakeFiles/Engineer_Chassis_2025.elf.dir/Drivers/STM32F4xx_HAL_Driver/Src/stm32f4xx_ll_usb.c.obj
                0x08008a94                USB_SetTurnaroundTime
 .text.USB_EnableGlobalInt
                0x08008b78        0xc CMakeFiles/Engineer_Chassis_2025.elf.dir/Drivers/STM32F4xx_HAL_Driver/Src/stm32f4xx_ll_usb.c.obj
                0x08008b78                USB_EnableGlobalInt
 .text.USB_DisableGlobalInt
                0x08008b84        0xc CMakeFiles/Engineer_Chassis_2025.elf.dir/Drivers/STM32F4xx_HAL_Driver/Src/stm32f4xx_ll_usb.c.obj
                0x08008b84                USB_DisableGlobalInt
 .text.USB_FlushTxFifo
                0x08008b90       0x4a CMakeFiles/Engineer_Chassis_2025.elf.dir/Drivers/STM32F4xx_HAL_Driver/Src/stm32f4xx_ll_usb.c.obj
                0x08008b90                USB_FlushTxFifo
 .text.USB_FlushRxFifo
                0x08008bda       0x46 CMakeFiles/Engineer_Chassis_2025.elf.dir/Drivers/STM32F4xx_HAL_Driver/Src/stm32f4xx_ll_usb.c.obj
                0x08008bda                USB_FlushRxFifo
 .text.USB_SetDevSpeed
                0x08008c20        0xe CMakeFiles/Engineer_Chassis_2025.elf.dir/Drivers/STM32F4xx_HAL_Driver/Src/stm32f4xx_ll_usb.c.obj
                0x08008c20                USB_SetDevSpeed
 *fill*         0x08008c2e        0x2 
 .text.USB_DevInit
                0x08008c30      0x194 CMakeFiles/Engineer_Chassis_2025.elf.dir/Drivers/STM32F4xx_HAL_Driver/Src/stm32f4xx_ll_usb.c.obj
                0x08008c30                USB_DevInit
 .text.USB_GetDevSpeed
                0x08008dc4       0x22 CMakeFiles/Engineer_Chassis_2025.elf.dir/Drivers/STM32F4xx_HAL_Driver/Src/stm32f4xx_ll_usb.c.obj
                0x08008dc4                USB_GetDevSpeed
 .text.USB_ActivateEndpoint
                0x08008de6       0x9a CMakeFiles/Engineer_Chassis_2025.elf.dir/Drivers/STM32F4xx_HAL_Driver/Src/stm32f4xx_ll_usb.c.obj
                0x08008de6                USB_ActivateEndpoint
 .text.USB_DeactivateEndpoint
                0x08008e80       0xe0 CMakeFiles/Engineer_Chassis_2025.elf.dir/Drivers/STM32F4xx_HAL_Driver/Src/stm32f4xx_ll_usb.c.obj
                0x08008e80                USB_DeactivateEndpoint
 .text.USB_EPStopXfer
                0x08008f60       0xbe CMakeFiles/Engineer_Chassis_2025.elf.dir/Drivers/STM32F4xx_HAL_Driver/Src/stm32f4xx_ll_usb.c.obj
                0x08008f60                USB_EPStopXfer
 .text.USB_WritePacket
                0x0800901e       0x2e CMakeFiles/Engineer_Chassis_2025.elf.dir/Drivers/STM32F4xx_HAL_Driver/Src/stm32f4xx_ll_usb.c.obj
                0x0800901e                USB_WritePacket
 .text.USB_EPStartXfer
                0x0800904c      0x244 CMakeFiles/Engineer_Chassis_2025.elf.dir/Drivers/STM32F4xx_HAL_Driver/Src/stm32f4xx_ll_usb.c.obj
                0x0800904c                USB_EPStartXfer
 .text.USB_ReadPacket
                0x08009290       0x46 CMakeFiles/Engineer_Chassis_2025.elf.dir/Drivers/STM32F4xx_HAL_Driver/Src/stm32f4xx_ll_usb.c.obj
                0x08009290                USB_ReadPacket
 .text.USB_EPSetStall
                0x080092d6       0x5a CMakeFiles/Engineer_Chassis_2025.elf.dir/Drivers/STM32F4xx_HAL_Driver/Src/stm32f4xx_ll_usb.c.obj
                0x080092d6                USB_EPSetStall
 .text.USB_EPClearStall
                0x08009330       0x5c CMakeFiles/Engineer_Chassis_2025.elf.dir/Drivers/STM32F4xx_HAL_Driver/Src/stm32f4xx_ll_usb.c.obj
                0x08009330                USB_EPClearStall
 .text.USB_SetDevAddress
                0x0800938c       0x20 CMakeFiles/Engineer_Chassis_2025.elf.dir/Drivers/STM32F4xx_HAL_Driver/Src/stm32f4xx_ll_usb.c.obj
                0x0800938c                USB_SetDevAddress
 .text.USB_DevConnect
                0x080093ac       0x1c CMakeFiles/Engineer_Chassis_2025.elf.dir/Drivers/STM32F4xx_HAL_Driver/Src/stm32f4xx_ll_usb.c.obj
                0x080093ac                USB_DevConnect
 .text.USB_DevDisconnect
                0x080093c8       0x1c CMakeFiles/Engineer_Chassis_2025.elf.dir/Drivers/STM32F4xx_HAL_Driver/Src/stm32f4xx_ll_usb.c.obj
                0x080093c8                USB_DevDisconnect
 .text.USB_ReadInterrupts
                0x080093e4        0x8 CMakeFiles/Engineer_Chassis_2025.elf.dir/Drivers/STM32F4xx_HAL_Driver/Src/stm32f4xx_ll_usb.c.obj
                0x080093e4                USB_ReadInterrupts
 .text.USB_ReadDevAllOutEpInterrupt
                0x080093ec       0x10 CMakeFiles/Engineer_Chassis_2025.elf.dir/Drivers/STM32F4xx_HAL_Driver/Src/stm32f4xx_ll_usb.c.obj
                0x080093ec                USB_ReadDevAllOutEpInterrupt
 .text.USB_ReadDevAllInEpInterrupt
                0x080093fc       0x10 CMakeFiles/Engineer_Chassis_2025.elf.dir/Drivers/STM32F4xx_HAL_Driver/Src/stm32f4xx_ll_usb.c.obj
                0x080093fc                USB_ReadDevAllInEpInterrupt
 .text.USB_ReadDevOutEPInterrupt
                0x0800940c       0x12 CMakeFiles/Engineer_Chassis_2025.elf.dir/Drivers/STM32F4xx_HAL_Driver/Src/stm32f4xx_ll_usb.c.obj
                0x0800940c                USB_ReadDevOutEPInterrupt
 .text.USB_ReadDevInEPInterrupt
                0x0800941e       0x24 CMakeFiles/Engineer_Chassis_2025.elf.dir/Drivers/STM32F4xx_HAL_Driver/Src/stm32f4xx_ll_usb.c.obj
                0x0800941e                USB_ReadDevInEPInterrupt
 .text.USB_GetMode
                0x08009442        0x8 CMakeFiles/Engineer_Chassis_2025.elf.dir/Drivers/STM32F4xx_HAL_Driver/Src/stm32f4xx_ll_usb.c.obj
                0x08009442                USB_GetMode
 .text.USB_SetCurrentMode
                0x0800944a       0x62 CMakeFiles/Engineer_Chassis_2025.elf.dir/Drivers/STM32F4xx_HAL_Driver/Src/stm32f4xx_ll_usb.c.obj
                0x0800944a                USB_SetCurrentMode
 .text.USB_ActivateSetup
                0x080094ac       0x1c CMakeFiles/Engineer_Chassis_2025.elf.dir/Drivers/STM32F4xx_HAL_Driver/Src/stm32f4xx_ll_usb.c.obj
                0x080094ac                USB_ActivateSetup
 .text.USB_EP0_OutStart
                0x080094c8       0x60 CMakeFiles/Engineer_Chassis_2025.elf.dir/Drivers/STM32F4xx_HAL_Driver/Src/stm32f4xx_ll_usb.c.obj
                0x080094c8                USB_EP0_OutStart
 .text.USBD_CDC_EP0_RxReady
                0x08009528       0x40 CMakeFiles/Engineer_Chassis_2025.elf.dir/Middlewares/ST/STM32_USB_Device_Library/Class/CDC/Src/usbd_cdc.c.obj
 .text.USBD_CDC_GetDeviceQualifierDescriptor
                0x08009568        0xc CMakeFiles/Engineer_Chassis_2025.elf.dir/Middlewares/ST/STM32_USB_Device_Library/Class/CDC/Src/usbd_cdc.c.obj
                0x08009568                USBD_CDC_GetDeviceQualifierDescriptor
 .text.USBD_CDC_GetOtherSpeedCfgDesc
                0x08009574       0x48 CMakeFiles/Engineer_Chassis_2025.elf.dir/Middlewares/ST/STM32_USB_Device_Library/Class/CDC/Src/usbd_cdc.c.obj
 .text.USBD_CDC_GetFSCfgDesc
                0x080095bc       0x48 CMakeFiles/Engineer_Chassis_2025.elf.dir/Middlewares/ST/STM32_USB_Device_Library/Class/CDC/Src/usbd_cdc.c.obj
 .text.USBD_CDC_GetHSCfgDesc
                0x08009604       0x48 CMakeFiles/Engineer_Chassis_2025.elf.dir/Middlewares/ST/STM32_USB_Device_Library/Class/CDC/Src/usbd_cdc.c.obj
 .text.USBD_CDC_DataOut
                0x0800964c       0x38 CMakeFiles/Engineer_Chassis_2025.elf.dir/Middlewares/ST/STM32_USB_Device_Library/Class/CDC/Src/usbd_cdc.c.obj
 .text.USBD_CDC_DataIn
                0x08009684       0x7c CMakeFiles/Engineer_Chassis_2025.elf.dir/Middlewares/ST/STM32_USB_Device_Library/Class/CDC/Src/usbd_cdc.c.obj
 .text.USBD_CDC_Setup
                0x08009700      0x11a CMakeFiles/Engineer_Chassis_2025.elf.dir/Middlewares/ST/STM32_USB_Device_Library/Class/CDC/Src/usbd_cdc.c.obj
 .text.USBD_CDC_DeInit
                0x0800981a       0x64 CMakeFiles/Engineer_Chassis_2025.elf.dir/Middlewares/ST/STM32_USB_Device_Library/Class/CDC/Src/usbd_cdc.c.obj
 .text.USBD_CDC_Init
                0x0800987e       0xee CMakeFiles/Engineer_Chassis_2025.elf.dir/Middlewares/ST/STM32_USB_Device_Library/Class/CDC/Src/usbd_cdc.c.obj
 .text.USBD_CDC_RegisterInterface
                0x0800996c       0x16 CMakeFiles/Engineer_Chassis_2025.elf.dir/Middlewares/ST/STM32_USB_Device_Library/Class/CDC/Src/usbd_cdc.c.obj
                0x0800996c                USBD_CDC_RegisterInterface
 .text.USBD_CDC_SetTxBuffer
                0x08009982       0x1c CMakeFiles/Engineer_Chassis_2025.elf.dir/Middlewares/ST/STM32_USB_Device_Library/Class/CDC/Src/usbd_cdc.c.obj
                0x08009982                USBD_CDC_SetTxBuffer
 .text.USBD_CDC_SetRxBuffer
                0x0800999e       0x18 CMakeFiles/Engineer_Chassis_2025.elf.dir/Middlewares/ST/STM32_USB_Device_Library/Class/CDC/Src/usbd_cdc.c.obj
                0x0800999e                USBD_CDC_SetRxBuffer
 .text.USBD_CDC_ReceivePacket
                0x080099b6       0x38 CMakeFiles/Engineer_Chassis_2025.elf.dir/Middlewares/ST/STM32_USB_Device_Library/Class/CDC/Src/usbd_cdc.c.obj
                0x080099b6                USBD_CDC_ReceivePacket
 .text.USBD_Init
                0x080099ee       0x2e CMakeFiles/Engineer_Chassis_2025.elf.dir/Middlewares/ST/STM32_USB_Device_Library/Core/Src/usbd_core.c.obj
                0x080099ee                USBD_Init
 .text.USBD_RegisterClass
                0x08009a1c       0x40 CMakeFiles/Engineer_Chassis_2025.elf.dir/Middlewares/ST/STM32_USB_Device_Library/Core/Src/usbd_core.c.obj
                0x08009a1c                USBD_RegisterClass
 .text.USBD_Start
                0x08009a5c        0x8 CMakeFiles/Engineer_Chassis_2025.elf.dir/Middlewares/ST/STM32_USB_Device_Library/Core/Src/usbd_core.c.obj
                0x08009a5c                USBD_Start
 .text.USBD_SetClassConfig
                0x08009a64       0x12 CMakeFiles/Engineer_Chassis_2025.elf.dir/Middlewares/ST/STM32_USB_Device_Library/Core/Src/usbd_core.c.obj
                0x08009a64                USBD_SetClassConfig
 .text.USBD_ClrClassConfig
                0x08009a76       0x12 CMakeFiles/Engineer_Chassis_2025.elf.dir/Middlewares/ST/STM32_USB_Device_Library/Core/Src/usbd_core.c.obj
                0x08009a76                USBD_ClrClassConfig
 .text.USBD_LL_SetupStage
                0x08009a88       0x58 CMakeFiles/Engineer_Chassis_2025.elf.dir/Middlewares/ST/STM32_USB_Device_Library/Core/Src/usbd_core.c.obj
                0x08009a88                USBD_LL_SetupStage
 .text.USBD_LL_Reset
                0x08009ae0       0x64 CMakeFiles/Engineer_Chassis_2025.elf.dir/Middlewares/ST/STM32_USB_Device_Library/Core/Src/usbd_core.c.obj
                0x08009ae0                USBD_LL_Reset
 .text.USBD_LL_SetSpeed
                0x08009b44        0x6 CMakeFiles/Engineer_Chassis_2025.elf.dir/Middlewares/ST/STM32_USB_Device_Library/Core/Src/usbd_core.c.obj
                0x08009b44                USBD_LL_SetSpeed
 .text.USBD_LL_Suspend
                0x08009b4a       0x1e CMakeFiles/Engineer_Chassis_2025.elf.dir/Middlewares/ST/STM32_USB_Device_Library/Core/Src/usbd_core.c.obj
                0x08009b4a                USBD_LL_Suspend
 .text.USBD_LL_Resume
                0x08009b68       0x1a CMakeFiles/Engineer_Chassis_2025.elf.dir/Middlewares/ST/STM32_USB_Device_Library/Core/Src/usbd_core.c.obj
                0x08009b68                USBD_LL_Resume
 .text.USBD_LL_SOF
                0x08009b82       0x22 CMakeFiles/Engineer_Chassis_2025.elf.dir/Middlewares/ST/STM32_USB_Device_Library/Core/Src/usbd_core.c.obj
                0x08009b82                USBD_LL_SOF
 .text.USBD_LL_IsoINIncomplete
                0x08009ba4       0x2e CMakeFiles/Engineer_Chassis_2025.elf.dir/Middlewares/ST/STM32_USB_Device_Library/Core/Src/usbd_core.c.obj
                0x08009ba4                USBD_LL_IsoINIncomplete
 .text.USBD_LL_IsoOUTIncomplete
                0x08009bd2       0x2e CMakeFiles/Engineer_Chassis_2025.elf.dir/Middlewares/ST/STM32_USB_Device_Library/Core/Src/usbd_core.c.obj
                0x08009bd2                USBD_LL_IsoOUTIncomplete
 .text.USBD_LL_DevConnected
                0x08009c00        0x4 CMakeFiles/Engineer_Chassis_2025.elf.dir/Middlewares/ST/STM32_USB_Device_Library/Core/Src/usbd_core.c.obj
                0x08009c00                USBD_LL_DevConnected
 .text.USBD_LL_DevDisconnected
                0x08009c04       0x20 CMakeFiles/Engineer_Chassis_2025.elf.dir/Middlewares/ST/STM32_USB_Device_Library/Core/Src/usbd_core.c.obj
                0x08009c04                USBD_LL_DevDisconnected
 .text.USBD_CoreFindIF
                0x08009c24        0x4 CMakeFiles/Engineer_Chassis_2025.elf.dir/Middlewares/ST/STM32_USB_Device_Library/Core/Src/usbd_core.c.obj
                0x08009c24                USBD_CoreFindIF
 .text.USBD_CoreFindEP
                0x08009c28        0x4 CMakeFiles/Engineer_Chassis_2025.elf.dir/Middlewares/ST/STM32_USB_Device_Library/Core/Src/usbd_core.c.obj
                0x08009c28                USBD_CoreFindEP
 .text.USBD_LL_DataOutStage
                0x08009c2c       0xc4 CMakeFiles/Engineer_Chassis_2025.elf.dir/Middlewares/ST/STM32_USB_Device_Library/Core/Src/usbd_core.c.obj
                0x08009c2c                USBD_LL_DataOutStage
 .text.USBD_LL_DataInStage
                0x08009cf0       0xd6 CMakeFiles/Engineer_Chassis_2025.elf.dir/Middlewares/ST/STM32_USB_Device_Library/Core/Src/usbd_core.c.obj
                0x08009cf0                USBD_LL_DataInStage
 .text.USBD_GetNextDesc
                0x08009dc6        0xe CMakeFiles/Engineer_Chassis_2025.elf.dir/Middlewares/ST/STM32_USB_Device_Library/Core/Src/usbd_core.c.obj
                0x08009dc6                USBD_GetNextDesc
 .text.USBD_GetEpDesc
                0x08009dd4       0x3e CMakeFiles/Engineer_Chassis_2025.elf.dir/Middlewares/ST/STM32_USB_Device_Library/Core/Src/usbd_core.c.obj
                0x08009dd4                USBD_GetEpDesc
 .text.USBD_GetLen
                0x08009e12       0x14 CMakeFiles/Engineer_Chassis_2025.elf.dir/Middlewares/ST/STM32_USB_Device_Library/Core/Src/usbd_ctlreq.c.obj
 .text.USBD_ParseSetupRequest
                0x08009e26       0x28 CMakeFiles/Engineer_Chassis_2025.elf.dir/Middlewares/ST/STM32_USB_Device_Library/Core/Src/usbd_ctlreq.c.obj
                0x08009e26                USBD_ParseSetupRequest
 .text.USBD_CtlError
                0x08009e4e       0x14 CMakeFiles/Engineer_Chassis_2025.elf.dir/Middlewares/ST/STM32_USB_Device_Library/Core/Src/usbd_ctlreq.c.obj
                0x08009e4e                USBD_CtlError
 .text.USBD_GetDescriptor
                0x08009e62      0x18a CMakeFiles/Engineer_Chassis_2025.elf.dir/Middlewares/ST/STM32_USB_Device_Library/Core/Src/usbd_ctlreq.c.obj
 .text.USBD_SetAddress
                0x08009fec       0x50 CMakeFiles/Engineer_Chassis_2025.elf.dir/Middlewares/ST/STM32_USB_Device_Library/Core/Src/usbd_ctlreq.c.obj
 .text.USBD_SetConfig
                0x0800a03c       0xcc CMakeFiles/Engineer_Chassis_2025.elf.dir/Middlewares/ST/STM32_USB_Device_Library/Core/Src/usbd_ctlreq.c.obj
 .text.USBD_GetConfig
                0x0800a108       0x40 CMakeFiles/Engineer_Chassis_2025.elf.dir/Middlewares/ST/STM32_USB_Device_Library/Core/Src/usbd_ctlreq.c.obj
 .text.USBD_GetStatus
                0x0800a148       0x38 CMakeFiles/Engineer_Chassis_2025.elf.dir/Middlewares/ST/STM32_USB_Device_Library/Core/Src/usbd_ctlreq.c.obj
 .text.USBD_SetFeature
                0x0800a180       0x2a CMakeFiles/Engineer_Chassis_2025.elf.dir/Middlewares/ST/STM32_USB_Device_Library/Core/Src/usbd_ctlreq.c.obj
 .text.USBD_ClrFeature
                0x0800a1aa       0x26 CMakeFiles/Engineer_Chassis_2025.elf.dir/Middlewares/ST/STM32_USB_Device_Library/Core/Src/usbd_ctlreq.c.obj
 .text.USBD_StdDevReq
                0x0800a1d0       0x76 CMakeFiles/Engineer_Chassis_2025.elf.dir/Middlewares/ST/STM32_USB_Device_Library/Core/Src/usbd_ctlreq.c.obj
                0x0800a1d0                USBD_StdDevReq
 .text.USBD_StdItfReq
                0x0800a246       0x84 CMakeFiles/Engineer_Chassis_2025.elf.dir/Middlewares/ST/STM32_USB_Device_Library/Core/Src/usbd_ctlreq.c.obj
                0x0800a246                USBD_StdItfReq
 .text.USBD_StdEPReq
                0x0800a2ca      0x230 CMakeFiles/Engineer_Chassis_2025.elf.dir/Middlewares/ST/STM32_USB_Device_Library/Core/Src/usbd_ctlreq.c.obj
                0x0800a2ca                USBD_StdEPReq
 .text.USBD_GetString
                0x0800a4fa       0x46 CMakeFiles/Engineer_Chassis_2025.elf.dir/Middlewares/ST/STM32_USB_Device_Library/Core/Src/usbd_ctlreq.c.obj
                0x0800a4fa                USBD_GetString
 .text.USBD_CtlSendData
                0x0800a540       0x1a CMakeFiles/Engineer_Chassis_2025.elf.dir/Middlewares/ST/STM32_USB_Device_Library/Core/Src/usbd_ioreq.c.obj
                0x0800a540                USBD_CtlSendData
 .text.USBD_CtlContinueSendData
                0x0800a55a       0x10 CMakeFiles/Engineer_Chassis_2025.elf.dir/Middlewares/ST/STM32_USB_Device_Library/Core/Src/usbd_ioreq.c.obj
                0x0800a55a                USBD_CtlContinueSendData
 .text.USBD_CtlPrepareRx
                0x0800a56a       0x1e CMakeFiles/Engineer_Chassis_2025.elf.dir/Middlewares/ST/STM32_USB_Device_Library/Core/Src/usbd_ioreq.c.obj
                0x0800a56a                USBD_CtlPrepareRx
 .text.USBD_CtlContinueRx
                0x0800a588       0x10 CMakeFiles/Engineer_Chassis_2025.elf.dir/Middlewares/ST/STM32_USB_Device_Library/Core/Src/usbd_ioreq.c.obj
                0x0800a588                USBD_CtlContinueRx
 .text.USBD_CtlSendStatus
                0x0800a598       0x16 CMakeFiles/Engineer_Chassis_2025.elf.dir/Middlewares/ST/STM32_USB_Device_Library/Core/Src/usbd_ioreq.c.obj
                0x0800a598                USBD_CtlSendStatus
 .text.USBD_CtlReceiveStatus
                0x0800a5ae       0x16 CMakeFiles/Engineer_Chassis_2025.elf.dir/Middlewares/ST/STM32_USB_Device_Library/Core/Src/usbd_ioreq.c.obj
                0x0800a5ae                USBD_CtlReceiveStatus
 .text.SysTick_Handler
                0x0800a5c4       0x18 CMakeFiles/Engineer_Chassis_2025.elf.dir/Middlewares/Third_Party/FreeRTOS/Source/CMSIS_RTOS_V2/cmsis_os2.c.obj
                0x0800a5c4                SysTick_Handler
 .text.osKernelInitialize
                0x0800a5dc       0x24 CMakeFiles/Engineer_Chassis_2025.elf.dir/Middlewares/Third_Party/FreeRTOS/Source/CMSIS_RTOS_V2/cmsis_os2.c.obj
                0x0800a5dc                osKernelInitialize
 .text.osKernelStart
                0x0800a600       0x38 CMakeFiles/Engineer_Chassis_2025.elf.dir/Middlewares/Third_Party/FreeRTOS/Source/CMSIS_RTOS_V2/cmsis_os2.c.obj
                0x0800a600                osKernelStart
 .text.osThreadNew
                0x0800a638       0xbe CMakeFiles/Engineer_Chassis_2025.elf.dir/Middlewares/Third_Party/FreeRTOS/Source/CMSIS_RTOS_V2/cmsis_os2.c.obj
                0x0800a638                osThreadNew
 .text.osDelay  0x0800a6f6       0x1c CMakeFiles/Engineer_Chassis_2025.elf.dir/Middlewares/Third_Party/FreeRTOS/Source/CMSIS_RTOS_V2/cmsis_os2.c.obj
                0x0800a6f6                osDelay
 .text.osSemaphoreNew
                0x0800a712       0xb2 CMakeFiles/Engineer_Chassis_2025.elf.dir/Middlewares/Third_Party/FreeRTOS/Source/CMSIS_RTOS_V2/cmsis_os2.c.obj
                0x0800a712                osSemaphoreNew
 .text.osSemaphoreAcquire
                0x0800a7c4       0x68 CMakeFiles/Engineer_Chassis_2025.elf.dir/Middlewares/Third_Party/FreeRTOS/Source/CMSIS_RTOS_V2/cmsis_os2.c.obj