Archive member included to satisfy reference by file (symbol)

bin_dsp\libCMSISDSP.a(arm_cos_f32.c.obj)
                              CMakeFiles/Engineer_Chassis_2025.elf.dir/Component/Algorithm/Src/rotation_matrix.cpp.obj (arm_cos_f32)
bin_dsp\libCMSISDSP.a(arm_sin_f32.c.obj)
                              CMakeFiles/Engineer_Chassis_2025.elf.dir/Component/Algorithm/Src/rotation_matrix.cpp.obj (arm_sin_f32)
bin_dsp\libCMSISDSP.a(arm_atan2_f32.c.obj)
                              CMakeFiles/Engineer_Chassis_2025.elf.dir/Component/Algorithm/Src/rotation_matrix.cpp.obj (arm_atan2_f32)
bin_dsp\libCMSISDSP.a(arm_mat_add_f32.c.obj)
                              CMakeFiles/Engineer_Chassis_2025.elf.dir/Component/Drivers/Peripherals/IMU/QuaternionEKF.c.obj (arm_mat_add_f32)
bin_dsp\libCMSISDSP.a(arm_mat_init_f32.c.obj)
                              CMakeFiles/Engineer_Chassis_2025.elf.dir/Component/Algorithm/Src/rotation_matrix.cpp.obj (arm_mat_init_f32)
bin_dsp\libCMSISDSP.a(arm_mat_inverse_f32.c.obj)
                              CMakeFiles/Engineer_Chassis_2025.elf.dir/Component/Drivers/Peripherals/IMU/QuaternionEKF.c.obj (arm_mat_inverse_f32)
bin_dsp\libCMSISDSP.a(arm_mat_mult_f32.c.obj)
                              CMakeFiles/Engineer_Chassis_2025.elf.dir/Component/Algorithm/Src/rotation_matrix.cpp.obj (arm_mat_mult_f32)
bin_dsp\libCMSISDSP.a(arm_mat_sub_f32.c.obj)
                              CMakeFiles/Engineer_Chassis_2025.elf.dir/Component/Drivers/Peripherals/IMU/QuaternionEKF.c.obj (arm_mat_sub_f32)
bin_dsp\libCMSISDSP.a(arm_mat_trans_f32.c.obj)
                              CMakeFiles/Engineer_Chassis_2025.elf.dir/Component/Drivers/Peripherals/IMU/QuaternionEKF.c.obj (arm_mat_trans_f32)
bin_dsp\libCMSISDSP.a(arm_common_tables.c.obj)
                              bin_dsp\libCMSISDSP.a(arm_cos_f32.c.obj) (sinTable_f32)
E:/gcc-arm-none-eabi-10.3-2021.10/bin/../lib/gcc/arm-none-eabi/13.3.1/thumb/v7e-m+fp/hard\libstdc++.a(eh_arm.o)
                              CMakeFiles/Engineer_Chassis_2025.elf.dir/Component/Algorithm/Src/rotation_matrix.cpp.obj (__cxa_end_cleanup)
E:/gcc-arm-none-eabi-10.3-2021.10/bin/../lib/gcc/arm-none-eabi/13.3.1/thumb/v7e-m+fp/hard\libstdc++.a(eh_exception.o)
                              E:/gcc-arm-none-eabi-10.3-2021.10/bin/../lib/gcc/arm-none-eabi/13.3.1/thumb/v7e-m+fp/hard\libstdc++.a(eh_arm.o) (typeinfo for __cxxabiv1::__forced_unwind)
E:/gcc-arm-none-eabi-10.3-2021.10/bin/../lib/gcc/arm-none-eabi/13.3.1/thumb/v7e-m+fp/hard\libstdc++.a(eh_globals.o)
                              E:/gcc-arm-none-eabi-10.3-2021.10/bin/../lib/gcc/arm-none-eabi/13.3.1/thumb/v7e-m+fp/hard\libstdc++.a(eh_arm.o) (__cxa_get_globals)
E:/gcc-arm-none-eabi-10.3-2021.10/bin/../lib/gcc/arm-none-eabi/13.3.1/thumb/v7e-m+fp/hard\libstdc++.a(eh_personality.o)
                              CMakeFiles/Engineer_Chassis_2025.elf.dir/Component/Algorithm/Src/rotation_matrix.cpp.obj (__gxx_personality_v0)
E:/gcc-arm-none-eabi-10.3-2021.10/bin/../lib/gcc/arm-none-eabi/13.3.1/thumb/v7e-m+fp/hard\libstdc++.a(eh_terminate.o)
                              E:/gcc-arm-none-eabi-10.3-2021.10/bin/../lib/gcc/arm-none-eabi/13.3.1/thumb/v7e-m+fp/hard\libstdc++.a(eh_arm.o) (std::terminate())
E:/gcc-arm-none-eabi-10.3-2021.10/bin/../lib/gcc/arm-none-eabi/13.3.1/thumb/v7e-m+fp/hard\libstdc++.a(eh_unex_handler.o)
                              E:/gcc-arm-none-eabi-10.3-2021.10/bin/../lib/gcc/arm-none-eabi/13.3.1/thumb/v7e-m+fp/hard\libstdc++.a(eh_terminate.o) (__cxxabiv1::__unexpected_handler)
E:/gcc-arm-none-eabi-10.3-2021.10/bin/../lib/gcc/arm-none-eabi/13.3.1/thumb/v7e-m+fp/hard\libstdc++.a(si_class_type_info.o)
                              E:/gcc-arm-none-eabi-10.3-2021.10/bin/../lib/gcc/arm-none-eabi/13.3.1/thumb/v7e-m+fp/hard\libstdc++.a(eh_exception.o) (vtable for __cxxabiv1::__si_class_type_info)
E:/gcc-arm-none-eabi-10.3-2021.10/bin/../lib/gcc/arm-none-eabi/13.3.1/thumb/v7e-m+fp/hard\libstdc++.a(tinfo.o)
                              E:/gcc-arm-none-eabi-10.3-2021.10/bin/../lib/gcc/arm-none-eabi/13.3.1/thumb/v7e-m+fp/hard\libstdc++.a(si_class_type_info.o) (std::type_info::__is_pointer_p() const)
E:/gcc-arm-none-eabi-10.3-2021.10/bin/../lib/gcc/arm-none-eabi/13.3.1/thumb/v7e-m+fp/hard\libstdc++.a(vterminate.o)
                              E:/gcc-arm-none-eabi-10.3-2021.10/bin/../lib/gcc/arm-none-eabi/13.3.1/thumb/v7e-m+fp/hard\libstdc++.a(eh_terminate.o) (__gnu_cxx::__verbose_terminate_handler())
E:/gcc-arm-none-eabi-10.3-2021.10/bin/../lib/gcc/arm-none-eabi/13.3.1/thumb/v7e-m+fp/hard\libstdc++.a(class_type_info.o)
                              E:/gcc-arm-none-eabi-10.3-2021.10/bin/../lib/gcc/arm-none-eabi/13.3.1/thumb/v7e-m+fp/hard\libstdc++.a(si_class_type_info.o) (__cxxabiv1::__class_type_info::__do_upcast(__cxxabiv1::__class_type_info const*, void**) const)
E:/gcc-arm-none-eabi-10.3-2021.10/bin/../lib/gcc/arm-none-eabi/13.3.1/thumb/v7e-m+fp/hard\libstdc++.a(cp-demangle.o)
[...]
Memory Configuration

Name             Origin             Length             Attributes
CCMRAM           0x10000000         0x00010000         xrw
RAM              0x20000000         0x00030000         xrw
FLASH            0x08000000         0x00200000         xr
*default*        0x00000000         0xffffffff

Linker script and memory map

LOAD E:/gcc-arm-none-eabi-10.3-2021.10/bin/../lib/gcc/arm-none-eabi/13.3.1/thumb/v7e-m+fp/hard/crti.o
LOAD E:/gcc-arm-none-eabi-10.3-2021.10/bin/../lib/gcc/arm-none-eabi/13.3.1/thumb/v7e-m+fp/hard/crtbegin.o
LOAD E:/gcc-arm-none-eabi-10.3-2021.10/bin/../lib/gcc/arm-none-eabi/13.3.1/thumb/v7e-m+fp/hard/crt0.o
LOAD CMakeFiles/Engineer_Chassis_2025.elf.dir/BSP/Src/BSP_Buzzer.c.obj
LOAD CMakeFiles/Engineer_Chassis_2025.elf.dir/BSP/Src/BSP_Can.c.obj
LOAD CMakeFiles/Engineer_Chassis_2025.elf.dir/BSP/Src/BSP_DWT.c.obj
LOAD CMakeFiles/Engineer_Chassis_2025.elf.dir/BSP/Src/BSP_IIC.c.obj
LOAD CMakeFiles/Engineer_Chassis_2025.elf.dir/BSP/Src/BSP_LED.c.obj
LOAD CMakeFiles/Engineer_Chassis_2025.elf.dir/BSP/Src/BSP_Usart.c.obj
LOAD CMakeFiles/Engineer_Chassis_2025.elf.dir/Component/Algorithm/Src/CRC.c.obj
LOAD CMakeFiles/Engineer_Chassis_2025.elf.dir/Component/Algorithm/Src/PID.c.obj
LOAD CMakeFiles/Engineer_Chassis_2025.elf.dir/Component/Algorithm/Src/SPD_Plan.c.obj
LOAD CMakeFiles/Engineer_Chassis_2025.elf.dir/Component/Algorithm/Src/rotation_matrix.cpp.obj
LOAD CMakeFiles/Engineer_Chassis_2025.elf.dir/Component/Drivers/Function/Src/Drv_Chassis.c.obj
LOAD CMakeFiles/Engineer_Chassis_2025.elf.dir/Component/Drivers/Peripherals/IMU/QuaternionEKF.c.obj
LOAD CMakeFiles/Engineer_Chassis_2025.elf.dir/Component/Drivers/Peripherals/IMU/kalman_filter_whx.c.obj
LOAD CMakeFiles/Engineer_Chassis_2025.elf.dir/Component/Drivers/Peripherals/Src/Drv_DJI_Motor.c.obj
LOAD CMakeFiles/Engineer_Chassis_2025.elf.dir/Component/Drivers/Peripherals/Src/Drv_HI229UM.c.obj
LOAD CMakeFiles/Engineer_Chassis_2025.elf.dir/Component/Drivers/Peripherals/Src/Drv_IMU.c.obj
LOAD CMakeFiles/Engineer_Chassis_2025.elf.dir/Component/Drivers/Peripherals/Src/Drv_INA226.c.obj
LOAD CMakeFiles/Engineer_Chassis_2025.elf.dir/Component/Drivers/Peripherals/Src/Drv_Ore.c.obj
LOAD CMakeFiles/Engineer_Chassis_2025.elf.dir/Component/Drivers/Peripherals/Src/Drv_RemoteCtrl.c.obj
LOAD CMakeFiles/Engineer_Chassis_2025.elf.dir/Component/Drivers/Peripherals/Src/Drv_SerialServo.c.obj
LOAD CMakeFiles/Engineer_Chassis_2025.elf.dir/Component/Drivers/Peripherals/Src/Drv_XGZP6847.c.obj
LOAD CMakeFiles/Engineer_Chassis_2025.elf.dir/Component/Tasks/Function/Src/Chassis_Task.c.obj
LOAD CMakeFiles/Engineer_Chassis_2025.elf.dir/Component/Tasks/Peripherals/Src/CAN1_Task.c.obj
LOAD CMakeFiles/Engineer_Chassis_2025.elf.dir/Component/Tasks/Peripherals/Src/CAN2_Task.c.obj
LOAD CMakeFiles/Engineer_Chassis_2025.elf.dir/Component/Tasks/Peripherals/Src/HI299UM_Task.c.obj
LOAD CMakeFiles/Engineer_Chassis_2025.elf.dir/Component/Tasks/Peripherals/Src/IMU_Task.c.obj
LOAD CMakeFiles/Engineer_Chassis_2025.elf.dir/Component/Tasks/Peripherals/Src/RemoteCtrl_Task.c.obj
LOAD CMakeFiles/Engineer_Chassis_2025.elf.dir/Core/Src/can.c.obj
LOAD CMakeFiles/Engineer_Chassis_2025.elf.dir/Core/Src/dma.c.obj
LOAD CMakeFiles/Engineer_Chassis_2025.elf.dir/Core/Src/freertos.c.obj
LOAD CMakeFiles/Engineer_Chassis_2025.elf.dir/Core/Src/gpio.c.obj
LOAD CMakeFiles/Engineer_Chassis_2025.elf.dir/Core/Src/main.c.obj
LOAD CMakeFiles/Engineer_Chassis_2025.elf.dir/Core/Src/spi.c.obj
LOAD CMakeFiles/Engineer_Chassis_2025.elf.dir/Core/Src/stm32f4xx_hal_msp.c.obj
LOAD CMakeFiles/Engineer_Chassis_2025.elf.dir/Core/Src/stm32f4xx_hal_timebase_tim.c.obj
LOAD CMakeFiles/Engineer_Chassis_2025.elf.dir/Core/Src/stm32f4xx_it.c.obj
LOAD CMakeFiles/Engineer_Chassis_2025.elf.dir/Core/Src/syscalls.c.obj
LOAD CMakeFiles/Engineer_Chassis_2025.elf.dir/Core/Src/sysmem.c.obj
LOAD CMakeFiles/Engineer_Chassis_2025.elf.dir/Core/Src/system_stm32f4xx.c.obj
LOAD CMakeFiles/Engineer_Chassis_2025.elf.dir/Core/Src/tim.c.obj
LOAD CMakeFiles/Engineer_Chassis_2025.elf.dir/Core/Src/usart.c.obj
LOAD CMakeFiles/Engineer_Chassis_2025.elf.dir/Core/Startup/startup_stm32f427iihx.s.obj
LOAD CMakeFiles/Engineer_Chassis_2025.elf.dir/Drivers/STM32F4xx_HAL_Driver/Src/stm32f4xx_hal.c.obj
LOAD CMakeFiles/Engineer_Chassis_2025.elf.dir/Drivers/STM32F4xx_HAL_Driver/Src/stm32f4xx_hal_can.c.obj
LOAD CMakeFiles/Engineer_Chassis_2025.elf.dir/Drivers/STM32F4xx_HAL_Driver/Src/stm32f4xx_hal_cortex.c.obj
LOAD CMakeFiles/Engineer_Chassis_2025.elf.dir/Drivers/STM32F4xx_HAL_Driver/Src/stm32f4xx_hal_dma.c.obj
LOAD CMakeFiles/Engineer_Chassis_2025.elf.dir/Drivers/STM32F4xx_HAL_Driver/Src/stm32f4xx_hal_dma_ex.c.obj
LOAD CMakeFiles/Engineer_Chassis_2025.elf.dir/Drivers/STM32F4xx_HAL_Driver/Src/stm32f4xx_hal_exti.c.obj
LOAD CMakeFiles/Engineer_Chassis_2025.elf.dir/Drivers/STM32F4xx_HAL_Driver/Src/stm32f4xx_hal_flash.c.obj
LOAD CMakeFiles/Engineer_Chassis_2025.elf.dir/Drivers/STM32F4xx_HAL_Driver/Src/stm32f4xx_hal_flash_ex.c.obj
LOAD CMakeFiles/Engineer_Chassis_2025.elf.dir/Drivers/STM32F4xx_HAL_Driver/Src/stm32f4xx_hal_flash_ramfunc.c.obj
LOAD CMakeFiles/Engineer_Chassis_2025.elf.dir/Drivers/STM32F4xx_HAL_Driver/Src/stm32f4xx_hal_gpio.c.obj
LOAD CMakeFiles/Engineer_Chassis_2025.elf.dir/Drivers/STM32F4xx_HAL_Driver/Src/stm32f4xx_hal_pcd.c.obj
LOAD CMakeFiles/Engineer_Chassis_2025.elf.dir/Drivers/STM32F4xx_HAL_Driver/Src/stm32f4xx_hal_pcd_ex.c.obj
LOAD CMakeFiles/Engineer_Chassis_2025.elf.dir/Drivers/STM32F4xx_HAL_Driver/Src/stm32f4xx_hal_pwr.c.obj
LOAD CMakeFiles/Engineer_Chassis_2025.elf.dir/Drivers/STM32F4xx_HAL_Driver/Src/stm32f4xx_hal_pwr_ex.c.obj
LOAD CMakeFiles/Engineer_Chassis_2025.elf.dir/Drivers/STM32F4xx_HAL_Driver/Src/stm32f4xx_hal_rcc.c.obj
LOAD CMakeFiles/Engineer_Chassis_2025.elf.dir/Drivers/STM32F4xx_HAL_Driver/Src/stm32f4xx_hal_rcc_ex.c.obj
LOAD CMakeFiles/Engineer_Chassis_2025.elf.dir/Drivers/STM32F4xx_HAL_Driver/Src/stm32f4xx_hal_spi.c.obj
LOAD CMakeFiles/Engineer_Chassis_2025.elf.dir/Drivers/STM32F4xx_HAL_Driver/Src/stm32f4xx_hal_tim.c.obj
LOAD CMakeFiles/Engineer_Chassis_2025.elf.dir/Drivers/STM32F4xx_HAL_Driver/Src/stm32f4xx_hal_tim_ex.c.obj
LOAD CMakeFiles/Engineer_Chassis_2025.elf.dir/Drivers/STM32F4xx_HAL_Driver/Src/stm32f4xx_hal_uart.c.obj
LOAD CMakeFiles/Engineer_Chassis_2025.elf.dir/Drivers/STM32F4xx_HAL_Driver/Src/stm32f4xx_ll_usb.c.obj
LOAD CMakeFiles/Engineer_Chassis_2025.elf.dir/Middlewares/ST/STM32_USB_Device_Library/Class/CDC/Src/usbd_cdc.c.obj
LOAD CMakeFiles/Engineer_Chassis_2025.elf.dir/Middlewares/ST/STM32_USB_Device_Library/Core/Src/usbd_core.c.obj
LOAD CMakeFiles/Engineer_Chassis_2025.elf.dir/Middlewares/ST/STM32_USB_Device_Library/Core/Src/usbd_ctlreq.c.obj
LOAD CMakeFiles/Engineer_Chassis_2025.elf.dir/Middlewares/ST/STM32_USB_Device_Library/Core/Src/usbd_ioreq.c.obj
LOAD CMakeFiles/Engineer_Chassis_2025.elf.dir/Middlewares/Third_Party/FreeRTOS/Source/CMSIS_RTOS_V2/cmsis_os2.c.obj
LOAD CMakeFiles/Engineer_Chassis_2025.elf.dir/Middlewares/Third_Party/FreeRTOS/Source/croutine.c.obj
LOAD CMakeFiles/Engineer_Chassis_2025.elf.dir/Middlewares/Third_Party/FreeRTOS/Source/event_groups.c.obj
LOAD CMakeFiles/Engineer_Chassis_2025.elf.dir/Middlewares/Third_Party/FreeRTOS/Source/list.c.obj
LOAD CMakeFiles/Engineer_Chassis_2025.elf.dir/Middlewares/Third_Party/FreeRTOS/Source/portable/GCC/ARM_CM4F/port.c.obj
LOAD CMakeFiles/Engineer_Chassis_2025.elf.dir/Middlewares/Third_Party/FreeRTOS/Source/portable/MemMang/heap_4.c.obj
LOAD CMakeFiles/Engineer_Chassis_2025.elf.dir/Middlewares/Third_Party/FreeRTOS/Source/queue.c.obj
LOAD CMakeFiles/Engineer_Chassis_2025.elf.dir/Middlewares/Third_Party/FreeRTOS/Source/stream_buffer.c.obj
LOAD CMakeFiles/Engineer_Chassis_2025.elf.dir/Middlewares/Third_Party/FreeRTOS/Source/tasks.c.obj
LOAD CMakeFiles/Engineer_Chassis_2025.elf.dir/Middlewares/Third_Party/FreeRTOS/Source/timers.c.obj
LOAD CMakeFiles/Engineer_Chassis_2025.elf.dir/USB_DEVICE/App/usb_device.c.obj
LOAD CMakeFiles/Engineer_Chassis_2025.elf.dir/USB_DEVICE/App/usbd_cdc_if.c.obj
LOAD CMakeFiles/Engineer_Chassis_2025.elf.dir/USB_DEVICE/App/usbd_desc.c.obj
LOAD CMakeFiles/Engineer_Chassis_2025.elf.dir/USB_DEVICE/Target/usbd_conf.c.obj
LOAD CMakeFiles/Engineer_Chassis_2025.elf.dir/User/Src/RTOS.c.obj
LOAD CMakeFiles/Engineer_Chassis_2025.elf.dir/User/Src/User_Lib.c.obj
LOAD bin_dsp\libCMSISDSP.a
LOAD E:/gcc-arm-none-eabi-10.3-2021.10/bin/../lib/gcc/arm-none-eabi/13.3.1/thumb/v7e-m+fp/hard\libstdc++.a
LOAD E:/gcc-arm-none-eabi-10.3-2021.10/bin/../lib/gcc/arm-none-eabi/13.3.1/thumb/v7e-m+fp/hard\libm.a
START GROUP
LOAD E:/gcc-arm-none-eabi-10.3-2021.10/bin/../lib/gcc/arm-none-eabi/13.3.1/thumb/v7e-m+fp/hard\libgcc.a
LOAD E:/gcc-arm-none-eabi-10.3-2021.10/bin/../lib/gcc/arm-none-eabi/13.3.1/thumb/v7e-m+fp/hard\libg.a
LOAD E:/gcc-arm-none-eabi-10.3-2021.10/bin/../lib/gcc/arm-none-eabi/13.3.1/thumb/v7e-m+fp/hard\libc.a
END GROUP
LOAD E:/gcc-arm-none-eabi-10.3-2021.10/bin/../lib/gcc/arm-none-eabi/13.3.1/thumb/v7e-m+fp/hard/crtend.o
LOAD E:/gcc-arm-none-eabi-10.3-2021.10/bin/../lib/gcc/arm-none-eabi/13.3.1/thumb/v7e-m+fp/hard/crtn.o
                0x20030000                        _estack = (ORIGIN (RAM) + LENGTH (RAM))
                0x00001000                        _Min_Heap_Size = 0x1000
                0x00001000                        _Min_Stack_Size = 0x1000

.isr_vector     0x08000000      0x1ac
                0x08000000                        . = ALIGN (0x4)
 *(.isr_vector)
 .isr_vector    0x08000000      0x1ac CMakeFiles/Engineer_Chassis_2025.elf.dir/Core/Startup/startup_stm32f427iihx.s.obj
                0x08000000                g_pfnVectors
                0x080001ac                        . = ALIGN (0x4)

.text           0x080001b0     0xf6f8
                0x080001b0                        . = ALIGN (0x4)
 *(.text)
 .text          0x080001b0      0x378 E:/gcc-arm-none-eabi-10.3-2021.10/bin/../lib/gcc/arm-none-eabi/13.3.1/thumb/v7e-m+fp/hard\libgcc.a(_arm_addsubdf3.o)
                0x080001b0                __aeabi_drsub
                0x080001b8                __aeabi_dsub
                0x080001b8                __subdf3
                0x080001bc                __aeabi_dadd
                0x080001bc                __adddf3
                0x08000434                __floatunsidf
                0x08000434                __aeabi_ui2d
                0x08000454                __floatsidf
                0x08000454                __aeabi_i2d
                0x08000478                __aeabi_f2d
                0x08000478                __extendsfdf2
                0x080004bc                __floatundidf
                0x080004bc                __aeabi_ul2d
                0x080004cc                __floatdidf
                0x080004cc                __aeabi_l2d
 .text          0x08000528      0x424 E:/gcc-arm-none-eabi-10.3-2021.10/bin/../lib/gcc/arm-none-eabi/13.3.1/thumb/v7e-m+fp/hard\libgcc.a(_arm_muldivdf3.o)
                0x08000528                __aeabi_dmul
                0x08000528                __muldf3
                0x0800077c                __divdf3
                0x0800077c                __aeabi_ddiv
 .text          0x0800094c      0x110 E:/gcc-arm-none-eabi-10.3-2021.10/bin/../lib/gcc/arm-none-eabi/13.3.1/thumb/v7e-m+fp/hard\libgcc.a(_arm_cmpdf2.o)
                0x0800094c                __gtdf2
                0x0800094c                __gedf2
                0x08000954                __ltdf2
                0x08000954                __ledf2
                0x0800095c                __nedf2
                0x0800095c                __eqdf2
                0x0800095c                __cmpdf2
                0x080009d8                __aeabi_cdrcmple
                0x080009e8                __aeabi_cdcmpeq
                0x080009e8                __aeabi_cdcmple
                0x080009f8                __aeabi_dcmpeq
                0x08000a0c                __aeabi_dcmplt
                0x08000a20                __aeabi_dcmple
                0x08000a34                __aeabi_dcmpge
                0x08000a48                __aeabi_dcmpgt
 .text          0x08000a5c       0x2c E:/gcc-arm-none-eabi-10.3-2021.10/bin/../lib/gcc/arm-none-eabi/13.3.1/thumb/v7e-m+fp/hard\libgcc.a(_arm_unorddf2.o)
                0x08000a5c                __unorddf2
                0x08000a5c                __aeabi_dcmpun
 .text          0x08000a88       0x50 E:/gcc-arm-none-eabi-10.3-2021.10/bin/../lib/gcc/arm-none-eabi/13.3.1/thumb/v7e-m+fp/hard\libgcc.a(_arm_fixdfsi.o)
                0x08000a88                __aeabi_d2iz
                0x08000a88                __fixdfsi
 .text          0x08000ad8       0xa0 E:/gcc-arm-none-eabi-10.3-2021.10/bin/../lib/gcc/arm-none-eabi/13.3.1/thumb/v7e-m+fp/hard\libgcc.a(_arm_truncdfsf2.o)
                0x08000ad8                __truncdfsf2
                0x08000ad8                __aeabi_d2f
 .text          0x08000b78       0x30 E:/gcc-arm-none-eabi-10.3-2021.10/bin/../lib/gcc/arm-none-eabi/13.3.1/thumb/v7e-m+fp/hard\libgcc.a(_aeabi_uldivmod.o)
                0x08000b78                __aeabi_uldivmod
 .text          0x08000ba8        0x4 E:/gcc-arm-none-eabi-10.3-2021.10/bin/../lib/gcc/arm-none-eabi/13.3.1/thumb/v7e-m+fp/hard\libgcc.a(_dvmd_tls.o)
                0x08000ba8                __aeabi_idiv0
                0x08000ba8                __aeabi_ldiv0
 .text          0x08000bac      0x134 E:/gcc-arm-none-eabi-10.3-2021.10/bin/../lib/gcc/arm-none-eabi/13.3.1/thumb/v7e-m+fp/hard\libg.a(libc_a-memcpy.o)
                0x08000bac                memcpy
 *(.text*)
 .text.deregister_tm_clones
                0x08000ce0       0x1c E:/gcc-arm-none-eabi-10.3-2021.10/bin/../lib/gcc/arm-none-eabi/13.3.1/thumb/v7e-m+fp/hard/crtbegin.o
 .text.register_tm_clones
                0x08000cfc       0x24 E:/gcc-arm-none-eabi-10.3-2021.10/bin/../lib/gcc/arm-none-eabi/13.3.1/thumb/v7e-m+fp/hard/crtbegin.o
 .text.__do_global_dtors_aux
                0x08000d20       0x28 E:/gcc-arm-none-eabi-10.3-2021.10/bin/../lib/gcc/arm-none-eabi/13.3.1/thumb/v7e-m+fp/hard/crtbegin.o
 .text.frame_dummy
                0x08000d48       0x24 E:/gcc-arm-none-eabi-10.3-2021.10/bin/../lib/gcc/arm-none-eabi/13.3.1/thumb/v7e-m+fp/hard/crtbegin.o
 .text.CAN1_Init
                0x08000d6c       0x18 CMakeFiles/Engineer_Chassis_2025.elf.dir/BSP/Src/BSP_Can.c.obj
                0x08000d6c                CAN1_Init
 .text.CAN2_Init
                0x08000d84       0x18 CMakeFiles/Engineer_Chassis_2025.elf.dir/BSP/Src/BSP_Can.c.obj
                0x08000d84                CAN2_Init
 .text.CAN1_Tx_Init
                0x08000d9c       0x14 CMakeFiles/Engineer_Chassis_2025.elf.dir/BSP/Src/BSP_Can.c.obj
                0x08000d9c                CAN1_Tx_Init
 .text.CAN2_Tx_Init
                0x08000db0       0x14 CMakeFiles/Engineer_Chassis_2025.elf.dir/BSP/Src/BSP_Can.c.obj
                0x08000db0                CAN2_Tx_Init
 .text.CAN1_Filter_Init
                0x08000dc4       0x20 CMakeFiles/Engineer_Chassis_2025.elf.dir/BSP/Src/BSP_Can.c.obj
                0x08000dc4                CAN1_Filter_Init
 .text.CAN2_Filter_Init
                0x08000de4       0x20 CMakeFiles/Engineer_Chassis_2025.elf.dir/BSP/Src/BSP_Can.c.obj
                0x08000de4                CAN2_Filter_Init
 .text.CAN1_Filter_ID_Init
                0x08000e04       0x7c CMakeFiles/Engineer_Chassis_2025.elf.dir/BSP/Src/BSP_Can.c.obj
                0x08000e04                CAN1_Filter_ID_Init
 .text.CAN_Send
                0x08000e80       0xdc CMakeFiles/Engineer_Chassis_2025.elf.dir/BSP/Src/BSP_Can.c.obj
                0x08000e80                CAN_Send
 .text.CAN_Complete_Callback
                0x08000f5c       0x28 CMakeFiles/Engineer_Chassis_2025.elf.dir/BSP/Src/BSP_Can.c.obj
                0x08000f5c                CAN_Complete_Callback
 .text.HAL_CAN_TxMailbox0CompleteCallback
                0x08000f84        0x8 CMakeFiles/Engineer_Chassis_2025.elf.dir/BSP/Src/BSP_Can.c.obj
                0x08000f84                HAL_CAN_TxMailbox0CompleteCallback
 .text.HAL_CAN_TxMailbox1CompleteCallback
                0x08000f8c        0x8 CMakeFiles/Engineer_Chassis_2025.elf.dir/BSP/Src/BSP_Can.c.obj
                0x08000f8c                HAL_CAN_TxMailbox1CompleteCallback
 .text.HAL_CAN_TxMailbox2CompleteCallback
                0x08000f94        0x8 CMakeFiles/Engineer_Chassis_2025.elf.dir/BSP/Src/BSP_Can.c.obj
                0x08000f94                HAL_CAN_TxMailbox2CompleteCallback
 .text.HAL_CAN_RxFifo0MsgPendingCallback
                0x08000f9c       0x2c CMakeFiles/Engineer_Chassis_2025.elf.dir/BSP/Src/BSP_Can.c.obj
                0x08000f9c                HAL_CAN_RxFifo0MsgPendingCallback
 .text.HAL_CAN_RxFifo1MsgPendingCallback
                0x08000fc8       0x28 CMakeFiles/Engineer_Chassis_2025.elf.dir/BSP/Src/BSP_Can.c.obj
                0x08000fc8                HAL_CAN_RxFifo1MsgPendingCallback
 .text.DWT_Init
                0x08000ff0       0x68 CMakeFiles/Engineer_Chassis_2025.elf.dir/BSP/Src/BSP_DWT.c.obj
                0x08000ff0                DWT_Init
 .text.DWT_Delay
                0x08001058       0x34 CMakeFiles/Engineer_Chassis_2025.elf.dir/BSP/Src/BSP_DWT.c.obj
                0x08001058                DWT_Delay
 .text.Usart_Send_Buf
                0x0800108c       0x10 CMakeFiles/Engineer_Chassis_2025.elf.dir/BSP/Src/BSP_Usart.c.obj
                0x0800108c                Usart_Send_Buf
 .text.Usart_Send_Buf_DMA
                0x0800109c        0xe CMakeFiles/Engineer_Chassis_2025.elf.dir/BSP/Src/BSP_Usart.c.obj
                0x0800109c                Usart_Send_Buf_DMA
 .text.Usart_Start_Receive_Dma
                0x080010aa       0x16 CMakeFiles/Engineer_Chassis_2025.elf.dir/BSP/Src/BSP_Usart.c.obj
                0x080010aa                Usart_Start_Receive_Dma
 .text.CRC16_Update
                0x080010c0       0x46 CMakeFiles/Engineer_Chassis_2025.elf.dir/Component/Algorithm/Src/CRC.c.obj
                0x080010c0                CRC16_Update
 .text.PID_Init
                0x08001106       0x1a CMakeFiles/Engineer_Chassis_2025.elf.dir/Component/Algorithm/Src/PID.c.obj
                0x08001106                PID_Init
 .text.PID_Error_Calculate_N_Loc
                0x08001120        0xa CMakeFiles/Engineer_Chassis_2025.elf.dir/Component/Algorithm/Src/PID.c.obj
                0x08001120                PID_Error_Calculate_N_Loc
 *fill*         0x0800112a        0x2 
 .text.PID_Error_Calculate_Loc
                0x0800112c       0x9c CMakeFiles/Engineer_Chassis_2025.elf.dir/Component/Algorithm/Src/PID.c.obj
                0x0800112c                PID_Error_Calculate_Loc
 .text.Chassis_Init
                0x080011c8      0x264 CMakeFiles/Engineer_Chassis_2025.elf.dir/Component/Drivers/Function/Src/Drv_Chassis.c.obj
                0x080011c8                Chassis_Init
 .text.Get_DJI_Motor_Raw_Data
                0x0800142c       0x26 CMakeFiles/Engineer_Chassis_2025.elf.dir/Component/Drivers/Peripherals/Src/Drv_DJI_Motor.c.obj
                0x0800142c                Get_DJI_Motor_Raw_Data
 .text.Check_DJI_Motor_Stall
                0x08001452       0x78 CMakeFiles/Engineer_Chassis_2025.elf.dir/Component/Drivers/Peripherals/Src/Drv_DJI_Motor.c.obj
                0x08001452                Check_DJI_Motor_Stall
 .text.DJI_Motor_Zero_Offset
                0x080014ca       0x2a CMakeFiles/Engineer_Chassis_2025.elf.dir/Component/Drivers/Peripherals/Src/Drv_DJI_Motor.c.obj
                0x080014ca                DJI_Motor_Zero_Offset
 .text.Check_DJI_Motor_Loss
                0x080014f4       0x2e CMakeFiles/Engineer_Chassis_2025.elf.dir/Component/Drivers/Peripherals/Src/Drv_DJI_Motor.c.obj
                0x080014f4                Check_DJI_Motor_Loss
 .text.Check_DJI_Motor_Ready
                0x08001522       0x1c CMakeFiles/Engineer_Chassis_2025.elf.dir/Component/Drivers/Peripherals/Src/Drv_DJI_Motor.c.obj
                0x08001522                Check_DJI_Motor_Ready
 *fill*         0x0800153e        0x2 
 .text.DJI_Motor_Init
                0x08001540       0xcc CMakeFiles/Engineer_Chassis_2025.elf.dir/Component/Drivers/Peripherals/Src/Drv_DJI_Motor.c.obj
                0x08001540                DJI_Motor_Init
 .text.DJI_Motor_Update_TX_Data
                0x0800160c        0x8 CMakeFiles/Engineer_Chassis_2025.elf.dir/Component/Drivers/Peripherals/Src/Drv_DJI_Motor.c.obj
                0x0800160c                DJI_Motor_Update_TX_Data
 .text.DJI_Motor_Update_Data
                0x08001614      0x148 CMakeFiles/Engineer_Chassis_2025.elf.dir/Component/Drivers/Peripherals/Src/Drv_DJI_Motor.c.obj
                0x08001614                DJI_Motor_Update_Data
 .text.DJI_Motor_RX_Data_Update_CallBack
                0x0800175c       0x58 CMakeFiles/Engineer_Chassis_2025.elf.dir/Component/Drivers/Peripherals/Src/Drv_DJI_Motor.c.obj
                0x0800175c                DJI_Motor_RX_Data_Update_CallBack
 .text.U2       0x080017b4        0x4 CMakeFiles/Engineer_Chassis_2025.elf.dir/Component/Drivers/Peripherals/Src/Drv_HI229UM.c.obj
 .text.HI229UM_Init
                0x080017b8       0x2c CMakeFiles/Engineer_Chassis_2025.elf.dir/Component/Drivers/Peripherals/Src/Drv_HI229UM.c.obj
                0x080017b8                HI229UM_Init
 .text.HI229UM_Update_Euler
                0x080017e4      0x1ac CMakeFiles/Engineer_Chassis_2025.elf.dir/Component/Drivers/Peripherals/Src/Drv_HI229UM.c.obj
                0x080017e4                HI229UM_Update_Euler
 .text.HI229UM_Update_Data
                0x08001990      0x1f8 CMakeFiles/Engineer_Chassis_2025.elf.dir/Component/Drivers/Peripherals/Src/Drv_HI229UM.c.obj
                0x08001990                HI229UM_Update_Data
 .text.HI229UM_Update_Ready
                0x08001b88       0x28 CMakeFiles/Engineer_Chassis_2025.elf.dir/Component/Drivers/Peripherals/Src/Drv_HI229UM.c.obj
                0x08001b88                HI229UM_Update_Ready
 .text.HI229UM_Receive_DMA
                0x08001bb0       0x14 CMakeFiles/Engineer_Chassis_2025.elf.dir/Component/Drivers/Peripherals/Src/Drv_HI229UM.c.obj
                0x08001bb0                HI229UM_Receive_DMA
 .text.HI229UM_Check_CRC_Passing
                0x08001bc4       0x3c CMakeFiles/Engineer_Chassis_2025.elf.dir/Component/Drivers/Peripherals/Src/Drv_HI229UM.c.obj
                0x08001bc4                HI229UM_Check_CRC_Passing
 .text.HI229UM_Check_Legal
                0x08001c00       0x24 CMakeFiles/Engineer_Chassis_2025.elf.dir/Component/Drivers/Peripherals/Src/Drv_HI229UM.c.obj
                0x08001c00                HI229UM_Check_Legal
 .text.HI229UM_Set_Lost
                0x08001c24       0x18 CMakeFiles/Engineer_Chassis_2025.elf.dir/Component/Drivers/Peripherals/Src/Drv_HI229UM.c.obj
                0x08001c24                HI229UM_Set_Lost
 .text.HI229UM_Set_Connect
                0x08001c3c       0x10 CMakeFiles/Engineer_Chassis_2025.elf.dir/Component/Drivers/Peripherals/Src/Drv_HI229UM.c.obj
                0x08001c3c                HI229UM_Set_Connect
 .text.HI229UM_Set_Nine_Axis_Mode
                0x08001c4c       0x28 CMakeFiles/Engineer_Chassis_2025.elf.dir/Component/Drivers/Peripherals/Src/Drv_HI229UM.c.obj
                0x08001c4c                HI229UM_Set_Nine_Axis_Mode
 .text.Inv_Sqrt
                0x08001c74       0x30 CMakeFiles/Engineer_Chassis_2025.elf.dir/Component/Drivers/Peripherals/Src/Drv_IMU.c.obj
                0x08001c74                Inv_Sqrt
 .text.Mpu_Write_Byte
                0x08001ca4       0x6c CMakeFiles/Engineer_Chassis_2025.elf.dir/Component/Drivers/Peripherals/Src/Drv_IMU.c.obj
                0x08001ca4                Mpu_Write_Byte
 .text.Ist_Reg_Write_By_MPU
                0x08001d10       0x40 CMakeFiles/Engineer_Chassis_2025.elf.dir/Component/Drivers/Peripherals/Src/Drv_IMU.c.obj
 .text.Mpu_Master_I2C_Auto_Read_Config
                0x08001d50       0x8c CMakeFiles/Engineer_Chassis_2025.elf.dir/Component/Drivers/Peripherals/Src/Drv_IMU.c.obj
 .text.Mpu_Read_Byte
                0x08001ddc       0x68 CMakeFiles/Engineer_Chassis_2025.elf.dir/Component/Drivers/Peripherals/Src/Drv_IMU.c.obj
                0x08001ddc                Mpu_Read_Byte
 .text.Ist_Reg_Read_By_MPU
                0x08001e44       0x38 CMakeFiles/Engineer_Chassis_2025.elf.dir/Component/Drivers/Peripherals/Src/Drv_IMU.c.obj
 .text.Mpu_Read_Bytes
                0x08001e7c       0x74 CMakeFiles/Engineer_Chassis_2025.elf.dir/Component/Drivers/Peripherals/Src/Drv_IMU.c.obj
                0x08001e7c                Mpu_Read_Bytes
 .text.Mpu_Read_Bytes_DMA
                0x08001ef0       0x58 CMakeFiles/Engineer_Chassis_2025.elf.dir/Component/Drivers/Peripherals/Src/Drv_IMU.c.obj
                0x08001ef0                Mpu_Read_Bytes_DMA
 .text.Ist8310_Init
                0x08001f48      0x104 CMakeFiles/Engineer_Chassis_2025.elf.dir/Component/Drivers/Peripherals/Src/Drv_IMU.c.obj
                0x08001f48                Ist8310_Init
 .text.Ist8310_Get_Data
                0x0800204c       0x14 CMakeFiles/Engineer_Chassis_2025.elf.dir/Component/Drivers/Peripherals/Src/Drv_IMU.c.obj
                0x0800204c                Ist8310_Get_Data
 .text.MPU6500_Get_Data
                0x08002060       0x14 CMakeFiles/Engineer_Chassis_2025.elf.dir/Component/Drivers/Peripherals/Src/Drv_IMU.c.obj
                0x08002060                MPU6500_Get_Data
 *fill*         0x08002074        0x4 
 .text.Mpu_Get_Data
                0x08002078      0x17c CMakeFiles/Engineer_Chassis_2025.elf.dir/Component/Drivers/Peripherals/Src/Drv_IMU.c.obj
                0x08002078                Mpu_Get_Data
 .text.MPU_Set_Gyro_Fsr
                0x080021f4       0x10 CMakeFiles/Engineer_Chassis_2025.elf.dir/Component/Drivers/Peripherals/Src/Drv_IMU.c.obj
                0x080021f4                MPU_Set_Gyro_Fsr
 .text.MPU_Set_Accel_Fsr
                0x08002204       0x10 CMakeFiles/Engineer_Chassis_2025.elf.dir/Component/Drivers/Peripherals/Src/Drv_IMU.c.obj
                0x08002204                MPU_Set_Accel_Fsr
 .text.MPU_Device_Init
                0x08002214       0x9c CMakeFiles/Engineer_Chassis_2025.elf.dir/Component/Drivers/Peripherals/Src/Drv_IMU.c.obj
                0x08002214                MPU_Device_Init
 .text.MPU_Get_Offset
                0x080022b0      0x424 CMakeFiles/Engineer_Chassis_2025.elf.dir/Component/Drivers/Peripherals/Src/Drv_IMU.c.obj
                0x080022b0                MPU_Get_Offset
 .text.Init_Quaternion
                0x080026d4      0x1b4 CMakeFiles/Engineer_Chassis_2025.elf.dir/Component/Drivers/Peripherals/Src/Drv_IMU.c.obj
                0x080026d4                Init_Quaternion
 .text.IMU_Ahrs_Update
                0x08002888      0x560 CMakeFiles/Engineer_Chassis_2025.elf.dir/Component/Drivers/Peripherals/Src/Drv_IMU.c.obj
                0x08002888                IMU_Ahrs_Update
 .text.IMU_Attitude_Update
                0x08002de8      0x198 CMakeFiles/Engineer_Chassis_2025.elf.dir/Component/Drivers/Peripherals/Src/Drv_IMU.c.obj
                0x08002de8                IMU_Attitude_Update
 .text.IMU_Init
                0x08002f80       0xa4 CMakeFiles/Engineer_Chassis_2025.elf.dir/Component/Drivers/Peripherals/Src/Drv_IMU.c.obj
                0x08002f80                IMU_Init
 .text.IMU_Update_Euler
                0x08003024      0x120 CMakeFiles/Engineer_Chassis_2025.elf.dir/Component/Drivers/Peripherals/Src/Drv_IMU.c.obj
                0x08003024                IMU_Update_Euler
 .text.IMU_Update_Data
                0x08003144       0xa0 CMakeFiles/Engineer_Chassis_2025.elf.dir/Component/Drivers/Peripherals/Src/Drv_IMU.c.obj
                0x08003144                IMU_Update_Data
 .text.IMU_Update_Temperature_Control
                0x080031e4       0x3c CMakeFiles/Engineer_Chassis_2025.elf.dir/Component/Drivers/Peripherals/Src/Drv_IMU.c.obj
                0x080031e4                IMU_Update_Temperature_Control
 .text.IMU_Update_Ready
                0x08003220       0x20 CMakeFiles/Engineer_Chassis_2025.elf.dir/Component/Drivers/Peripherals/Src/Drv_IMU.c.obj
                0x08003220                IMU_Update_Ready
 .text.IMU_Get_Data
                0x08003240       0x10 CMakeFiles/Engineer_Chassis_2025.elf.dir/Component/Drivers/Peripherals/Src/Drv_IMU.c.obj
                0x08003240                IMU_Get_Data
 .text.IMU_Set_Lost
                0x08003250        0xc CMakeFiles/Engineer_Chassis_2025.elf.dir/Component/Drivers/Peripherals/Src/Drv_IMU.c.obj
                0x08003250                IMU_Set_Lost
 .text.IMU_Set_Connected
                0x0800325c        0xc CMakeFiles/Engineer_Chassis_2025.elf.dir/Component/Drivers/Peripherals/Src/Drv_IMU.c.obj
                0x0800325c                IMU_Set_Connected
 .text.RC_Set_Connect
                0x08003268        0xc CMakeFiles/Engineer_Chassis_2025.elf.dir/Component/Drivers/Peripherals/Src/Drv_RemoteCtrl.c.obj
                0x08003268                RC_Set_Connect
 .text.RC_Lost_CntDown
                0x08003274       0x14 CMakeFiles/Engineer_Chassis_2025.elf.dir/Component/Drivers/Peripherals/Src/Drv_RemoteCtrl.c.obj
                0x08003274                RC_Lost_CntDown
 .text.RC_CheckConnection
                0x08003288       0x1c CMakeFiles/Engineer_Chassis_2025.elf.dir/Component/Drivers/Peripherals/Src/Drv_RemoteCtrl.c.obj
                0x08003288                RC_CheckConnection
 .text.RemoteDataProcess
                0x080032a4       0xa0 CMakeFiles/Engineer_Chassis_2025.elf.dir/Component/Drivers/Peripherals/Src/Drv_RemoteCtrl.c.obj
                0x080032a4                RemoteDataProcess
 .text.RC_UpdateData
                0x08003344      0x260 CMakeFiles/Engineer_Chassis_2025.elf.dir/Component/Drivers/Peripherals/Src/Drv_RemoteCtrl.c.obj
                0x08003344                RC_UpdateData
 .text.RC_UpdateEvent
                0x080035a4      0x1ec CMakeFiles/Engineer_Chassis_2025.elf.dir/Component/Drivers/Peripherals/Src/Drv_RemoteCtrl.c.obj
                0x080035a4                RC_UpdateEvent
 .text.Chassis_Task_Init
                0x08003790        0x8 CMakeFiles/Engineer_Chassis_2025.elf.dir/Component/Tasks/Function/Src/Chassis_Task.c.obj
                0x08003790                Chassis_Task_Init
 .text.Chassis_Task
                0x08003798        0xe CMakeFiles/Engineer_Chassis_2025.elf.dir/Component/Tasks/Function/Src/Chassis_Task.c.obj
                0x08003798                Chassis_Task
 .text.CAN1_Task_Init
                0x080037a6       0x10 CMakeFiles/Engineer_Chassis_2025.elf.dir/Component/Tasks/Peripherals/Src/CAN1_Task.c.obj
                0x080037a6                CAN1_Task_Init
 *fill*         0x080037b6        0x2 
 .text.CAN1_Task
                0x080037b8       0x4c CMakeFiles/Engineer_Chassis_2025.elf.dir/Component/Tasks/Peripherals/Src/CAN1_Task.c.obj
                0x080037b8                CAN1_Task
 .text.CAN2_Task_Init
                0x08003804       0x10 CMakeFiles/Engineer_Chassis_2025.elf.dir/Component/Tasks/Peripherals/Src/CAN2_Task.c.obj
                0x08003804                CAN2_Task_Init
 .text.CAN2_Task
                0x08003814       0x4c CMakeFiles/Engineer_Chassis_2025.elf.dir/Component/Tasks/Peripherals/Src/CAN2_Task.c.obj
                0x08003814                CAN2_Task
 .text.HI229UM_RxCallBack
                0x08003860       0x10 CMakeFiles/Engineer_Chassis_2025.elf.dir/Component/Tasks/Peripherals/Src/HI299UM_Task.c.obj
                0x08003860                HI229UM_RxCallBack
 .text.HI229UM_Task_Init
                0x08003870       0x30 CMakeFiles/Engineer_Chassis_2025.elf.dir/Component/Tasks/Peripherals/Src/HI299UM_Task.c.obj
                0x08003870                HI229UM_Task_Init
 .text.HI229UM_Task
                0x080038a0       0x48 CMakeFiles/Engineer_Chassis_2025.elf.dir/Component/Tasks/Peripherals/Src/HI299UM_Task.c.obj
                0x080038a0                HI229UM_Task
 .text.IMURxCallBack
                0x080038e8       0x20 CMakeFiles/Engineer_Chassis_2025.elf.dir/Component/Tasks/Peripherals/Src/IMU_Task.c.obj
                0x080038e8                IMURxCallBack
 .text.IMU_Task
                0x08003908       0xb0 CMakeFiles/Engineer_Chassis_2025.elf.dir/Component/Tasks/Peripherals/Src/IMU_Task.c.obj
                0x08003908                IMU_Task
 .text.RC_RxCallBack
                0x080039b8       0x1c CMakeFiles/Engineer_Chassis_2025.elf.dir/Component/Tasks/Peripherals/Src/RemoteCtrl_Task.c.obj
                0x080039b8                RC_RxCallBack
 .text.RemoteCtrl_Task_Init
                0x080039d4       0x38 CMakeFiles/Engineer_Chassis_2025.elf.dir/Component/Tasks/Peripherals/Src/RemoteCtrl_Task.c.obj
                0x080039d4                RemoteCtrl_Task_Init
 .text.RemoteCtrl_Task
                0x08003a0c       0x50 CMakeFiles/Engineer_Chassis_2025.elf.dir/Component/Tasks/Peripherals/Src/RemoteCtrl_Task.c.obj
                0x08003a0c                RemoteCtrl_Task
 .text.MX_CAN1_Init
                0x08003a5c       0x44 CMakeFiles/Engineer_Chassis_2025.elf.dir/Core/Src/can.c.obj
                0x08003a5c                MX_CAN1_Init
 .text.MX_CAN2_Init
                0x08003aa0       0x44 CMakeFiles/Engineer_Chassis_2025.elf.dir/Core/Src/can.c.obj
                0x08003aa0                MX_CAN2_Init
 .text.HAL_CAN_MspInit
                0x08003ae4      0x144 CMakeFiles/Engineer_Chassis_2025.elf.dir/Core/Src/can.c.obj
                0x08003ae4                HAL_CAN_MspInit
 .text.MX_DMA_Init
                0x08003c28       0xd8 CMakeFiles/Engineer_Chassis_2025.elf.dir/Core/Src/dma.c.obj
                0x08003c28                MX_DMA_Init
 .text.StartDefaultTask
                0x08003d00        0xe CMakeFiles/Engineer_Chassis_2025.elf.dir/Core/Src/freertos.c.obj
                0x08003d00                StartDefaultTask
 .text.IIC_Task
                0x08003d0e        0xa CMakeFiles/Engineer_Chassis_2025.elf.dir/Core/Src/freertos.c.obj
                0x08003d0e                IIC_Task
 .text.MX_FREERTOS_Init
                0x08003d18      0x1dc CMakeFiles/Engineer_Chassis_2025.elf.dir/Core/Src/freertos.c.obj
                0x08003d18                MX_FREERTOS_Init
 .text.MX_GPIO_Init
                0x08003ef4      0x1b4 CMakeFiles/Engineer_Chassis_2025.elf.dir/Core/Src/gpio.c.obj
                0x08003ef4                MX_GPIO_Init
 .text.HAL_TIM_PeriodElapsedCallback
                0x080040a8       0x18 CMakeFiles/Engineer_Chassis_2025.elf.dir/Core/Src/main.c.obj
                0x080040a8                HAL_TIM_PeriodElapsedCallback
 .text.Error_Handler
                0x080040c0        0x4 CMakeFiles/Engineer_Chassis_2025.elf.dir/Core/Src/main.c.obj
                0x080040c0                Error_Handler
 .text.SystemClock_Config
                0x080040c4       0xa8 CMakeFiles/Engineer_Chassis_2025.elf.dir/Core/Src/main.c.obj
                0x080040c4                SystemClock_Config
 .text.main     0x0800416c       0x74 CMakeFiles/Engineer_Chassis_2025.elf.dir/Core/Src/main.c.obj
                0x0800416c                main
 .text.MX_SPI5_Init
                0x080041e0       0x44 CMakeFiles/Engineer_Chassis_2025.elf.dir/Core/Src/spi.c.obj
                0x080041e0                MX_SPI5_Init
 .text.HAL_SPI_MspInit
                0x08004224      0x100 CMakeFiles/Engineer_Chassis_2025.elf.dir/Core/Src/spi.c.obj
                0x08004224                HAL_SPI_MspInit
 .text.HAL_MspInit
                0x08004324       0x44 CMakeFiles/Engineer_Chassis_2025.elf.dir/Core/Src/stm32f4xx_hal_msp.c.obj
                0x08004324                HAL_MspInit
 .text.HAL_InitTick
                0x08004368       0xa4 CMakeFiles/Engineer_Chassis_2025.elf.dir/Core/Src/stm32f4xx_hal_timebase_tim.c.obj
                0x08004368                HAL_InitTick
 .text.NMI_Handler
                0x0800440c        0x2 CMakeFiles/Engineer_Chassis_2025.elf.dir/Core/Src/stm32f4xx_it.c.obj
                0x0800440c                NMI_Handler
 .text.HardFault_Handler
                0x0800440e        0x2 CMakeFiles/Engineer_Chassis_2025.elf.dir/Core/Src/stm32f4xx_it.c.obj
                0x0800440e                HardFault_Handler
 .text.MemManage_Handler
                0x08004410        0x2 CMakeFiles/Engineer_Chassis_2025.elf.dir/Core/Src/stm32f4xx_it.c.obj
                0x08004410                MemManage_Handler
 .text.BusFault_Handler
                0x08004412        0x2 CMakeFiles/Engineer_Chassis_2025.elf.dir/Core/Src/stm32f4xx_it.c.obj
                0x08004412                BusFault_Handler
 .text.UsageFault_Handler
                0x08004414        0x2 CMakeFiles/Engineer_Chassis_2025.elf.dir/Core/Src/stm32f4xx_it.c.obj
                0x08004414                UsageFault_Handler
 .text.DebugMon_Handler
                0x08004416        0x2 CMakeFiles/Engineer_Chassis_2025.elf.dir/Core/Src/stm32f4xx_it.c.obj
                0x08004416                DebugMon_Handler
 .text.DMA1_Stream0_IRQHandler
                0x08004418       0x10 CMakeFiles/Engineer_Chassis_2025.elf.dir/Core/Src/stm32f4xx_it.c.obj
                0x08004418                DMA1_Stream0_IRQHandler
 .text.DMA1_Stream1_IRQHandler
                0x08004428       0x10 CMakeFiles/Engineer_Chassis_2025.elf.dir/Core/Src/stm32f4xx_it.c.obj
                0x08004428                DMA1_Stream1_IRQHandler
 .text.DMA1_Stream3_IRQHandler
                0x08004438       0x10 CMakeFiles/Engineer_Chassis_2025.elf.dir/Core/Src/stm32f4xx_it.c.obj
                0x08004438                DMA1_Stream3_IRQHandler
 .text.DMA1_Stream4_IRQHandler
                0x08004448       0x10 CMakeFiles/Engineer_Chassis_2025.elf.dir/Core/Src/stm32f4xx_it.c.obj
                0x08004448                DMA1_Stream4_IRQHandler
 .text.DMA1_Stream6_IRQHandler
                0x08004458       0x10 CMakeFiles/Engineer_Chassis_2025.elf.dir/Core/Src/stm32f4xx_it.c.obj
                0x08004458                DMA1_Stream6_IRQHandler
 .text.CAN1_TX_IRQHandler
                0x08004468       0x10 CMakeFiles/Engineer_Chassis_2025.elf.dir/Core/Src/stm32f4xx_it.c.obj
                0x08004468                CAN1_TX_IRQHandler
 .text.CAN1_RX0_IRQHandler
                0x08004478       0x10 CMakeFiles/Engineer_Chassis_2025.elf.dir/Core/Src/stm32f4xx_it.c.obj
                0x08004478                CAN1_RX0_IRQHandler
 .text.USART1_IRQHandler
                0x08004488       0x10 CMakeFiles/Engineer_Chassis_2025.elf.dir/Core/Src/stm32f4xx_it.c.obj
                0x08004488                USART1_IRQHandler
 .text.USART3_IRQHandler
                0x08004498       0x10 CMakeFiles/Engineer_Chassis_2025.elf.dir/Core/Src/stm32f4xx_it.c.obj
                0x08004498                USART3_IRQHandler
 .text.TIM7_IRQHandler
                0x080044a8       0x10 CMakeFiles/Engineer_Chassis_2025.elf.dir/Core/Src/stm32f4xx_it.c.obj
                0x080044a8                TIM7_IRQHandler
 .text.DMA2_Stream1_IRQHandler
                0x080044b8       0x10 CMakeFiles/Engineer_Chassis_2025.elf.dir/Core/Src/stm32f4xx_it.c.obj
                0x080044b8                DMA2_Stream1_IRQHandler
 .text.DMA2_Stream2_IRQHandler
                0x080044c8       0x10 CMakeFiles/Engineer_Chassis_2025.elf.dir/Core/Src/stm32f4xx_it.c.obj
                0x080044c8                DMA2_Stream2_IRQHandler
 .text.DMA2_Stream3_IRQHandler
                0x080044d8       0x10 CMakeFiles/Engineer_Chassis_2025.elf.dir/Core/Src/stm32f4xx_it.c.obj
                0x080044d8                DMA2_Stream3_IRQHandler
 .text.DMA2_Stream4_IRQHandler
                0x080044e8       0x10 CMakeFiles/Engineer_Chassis_2025.elf.dir/Core/Src/stm32f4xx_it.c.obj
                0x080044e8                DMA2_Stream4_IRQHandler
 .text.CAN2_TX_IRQHandler
                0x080044f8       0x10 CMakeFiles/Engineer_Chassis_2025.elf.dir/Core/Src/stm32f4xx_it.c.obj
                0x080044f8                CAN2_TX_IRQHandler
 .text.CAN2_RX1_IRQHandler
                0x08004508       0x10 CMakeFiles/Engineer_Chassis_2025.elf.dir/Core/Src/stm32f4xx_it.c.obj
                0x08004508                CAN2_RX1_IRQHandler
 .text.OTG_FS_IRQHandler
                0x08004518       0x10 CMakeFiles/Engineer_Chassis_2025.elf.dir/Core/Src/stm32f4xx_it.c.obj
                0x08004518                OTG_FS_IRQHandler
 .text.DMA2_Stream6_IRQHandler
                0x08004528       0x10 CMakeFiles/Engineer_Chassis_2025.elf.dir/Core/Src/stm32f4xx_it.c.obj
                0x08004528                DMA2_Stream6_IRQHandler
 .text.USART6_IRQHandler
                0x08004538       0x10 CMakeFiles/Engineer_Chassis_2025.elf.dir/Core/Src/stm32f4xx_it.c.obj
                0x08004538                USART6_IRQHandler
 .text.UART7_IRQHandler
                0x08004548       0x10 CMakeFiles/Engineer_Chassis_2025.elf.dir/Core/Src/stm32f4xx_it.c.obj
                0x08004548                UART7_IRQHandler
 .text.UART8_IRQHandler
                0x08004558       0x10 CMakeFiles/Engineer_Chassis_2025.elf.dir/Core/Src/stm32f4xx_it.c.obj
                0x08004558                UART8_IRQHandler
 .text.SPI5_IRQHandler
                0x08004568       0x10 CMakeFiles/Engineer_Chassis_2025.elf.dir/Core/Src/stm32f4xx_it.c.obj
                0x08004568                SPI5_IRQHandler
 .text._sbrk    0x08004578       0x48 CMakeFiles/Engineer_Chassis_2025.elf.dir/Core/Src/sysmem.c.obj
                0x08004578                _sbrk
 .text.SystemInit
                0x080045c0       0x14 CMakeFiles/Engineer_Chassis_2025.elf.dir/Core/Src/system_stm32f4xx.c.obj
                0x080045c0                SystemInit
 .text.HAL_TIM_PWM_MspInit
                0x080045d4       0x30 CMakeFiles/Engineer_Chassis_2025.elf.dir/Core/Src/tim.c.obj
                0x080045d4                HAL_TIM_PWM_MspInit
 .text.HAL_TIM_Base_MspInit
                0x08004604       0x30 CMakeFiles/Engineer_Chassis_2025.elf.dir/Core/Src/tim.c.obj
                0x08004604                HAL_TIM_Base_MspInit
 .text.HAL_TIM_MspPostInit
                0x08004634       0x98 CMakeFiles/Engineer_Chassis_2025.elf.dir/Core/Src/tim.c.obj
                0x08004634                HAL_TIM_MspPostInit
 .text.MX_TIM3_Init
                0x080046cc       0x84 CMakeFiles/Engineer_Chassis_2025.elf.dir/Core/Src/tim.c.obj
                0x080046cc                MX_TIM3_Init
 .text.MX_TIM12_Init
                0x08004750       0x94 CMakeFiles/Engineer_Chassis_2025.elf.dir/Core/Src/tim.c.obj
                0x08004750                MX_TIM12_Init
 .text.MX_UART7_Init
                0x080047e4       0x34 CMakeFiles/Engineer_Chassis_2025.elf.dir/Core/Src/usart.c.obj
                0x080047e4                MX_UART7_Init
 .text.MX_UART8_Init
                0x08004818       0x34 CMakeFiles/Engineer_Chassis_2025.elf.dir/Core/Src/usart.c.obj
                0x08004818                MX_UART8_Init
 .text.MX_USART1_UART_Init
                0x0800484c       0x40 CMakeFiles/Engineer_Chassis_2025.elf.dir/Core/Src/usart.c.obj
                0x0800484c                MX_USART1_UART_Init
 .text.MX_USART3_UART_Init
                0x0800488c       0x34 CMakeFiles/Engineer_Chassis_2025.elf.dir/Core/Src/usart.c.obj
                0x0800488c                MX_USART3_UART_Init
 .text.MX_USART6_UART_Init
                0x080048c0       0x34 CMakeFiles/Engineer_Chassis_2025.elf.dir/Core/Src/usart.c.obj
                0x080048c0                MX_USART6_UART_Init
 .text.HAL_UART_MspInit
                0x080048f4      0x420 CMakeFiles/Engineer_Chassis_2025.elf.dir/Core/Src/usart.c.obj
                0x080048f4                HAL_UART_MspInit
 .text.Reset_Handler
                0x08004d14       0x50 CMakeFiles/Engineer_Chassis_2025.elf.dir/Core/Startup/startup_stm32f427iihx.s.obj
                0x08004d14                Reset_Handler
 .text.Default_Handler
                0x08004d64        0x2 CMakeFiles/Engineer_Chassis_2025.elf.dir/Core/Startup/startup_stm32f427iihx.s.obj
                0x08004d64                RTC_Alarm_IRQHandler
                0x08004d64                HASH_RNG_IRQHandler
                0x08004d64                EXTI2_IRQHandler
                0x08004d64                TIM8_CC_IRQHandler
                0x08004d64                SPI4_IRQHandler
                0x08004d64                TIM1_CC_IRQHandler
                0x08004d64                DMA2_Stream5_IRQHandler
                0x08004d64                DMA1_Stream5_IRQHandler
                0x08004d64                PVD_IRQHandler
                0x08004d64                SDIO_IRQHandler
                0x08004d64                TAMP_STAMP_IRQHandler
                0x08004d64                EXTI3_IRQHandler
                0x08004d64                TIM8_TRG_COM_TIM14_IRQHandler
                0x08004d64                TIM1_UP_TIM10_IRQHandler
                0x08004d64                TIM8_UP_TIM13_IRQHandler
                0x08004d64                I2C3_ER_IRQHandler
                0x08004d64                EXTI0_IRQHandler
                0x08004d64                I2C2_EV_IRQHandler
                0x08004d64                DMA1_Stream2_IRQHandler
                0x08004d64                FPU_IRQHandler
                0x08004d64                OTG_HS_WKUP_IRQHandler
                0x08004d64                CAN2_SCE_IRQHandler
                0x08004d64                SPI1_IRQHandler
                0x08004d64                TIM6_DAC_IRQHandler
                0x08004d64                TIM1_BRK_TIM9_IRQHandler
                0x08004d64                DCMI_IRQHandler
                0x08004d64                CAN2_RX0_IRQHandler
                0x08004d64                CAN1_RX1_IRQHandler
                0x08004d64                UART5_IRQHandler
                0x08004d64                DMA2_Stream0_IRQHandler
                0x08004d64                TIM4_IRQHandler
                0x08004d64                I2C1_EV_IRQHandler
                0x08004d64                UART4_IRQHandler
                0x08004d64                TIM3_IRQHandler
                0x08004d64                RCC_IRQHandler
                0x08004d64                TIM8_BRK_TIM12_IRQHandler
                0x08004d64                Default_Handler
                0x08004d64                EXTI15_10_IRQHandler
                0x08004d64                ADC_IRQHandler
                0x08004d64                DMA1_Stream7_IRQHandler
                0x08004d64                TIM5_IRQHandler
                0x08004d64                DMA2_Stream7_IRQHandler
                0x08004d64                I2C3_EV_IRQHandler
                0x08004d64                EXTI9_5_IRQHandler
                0x08004d64                RTC_WKUP_IRQHandler
                0x08004d64                ETH_WKUP_IRQHandler
                0x08004d64                SPI2_IRQHandler
                0x08004d64                OTG_HS_EP1_IN_IRQHandler
                0x08004d64                EXTI4_IRQHandler
                0x08004d64                ETH_IRQHandler
                0x08004d64                OTG_HS_EP1_OUT_IRQHandler
                0x08004d64                WWDG_IRQHandler
                0x08004d64                SPI6_IRQHandler
                0x08004d64                TIM2_IRQHandler
                0x08004d64                OTG_FS_WKUP_IRQHandler
                0x08004d64                TIM1_TRG_COM_TIM11_IRQHandler
                0x08004d64                OTG_HS_IRQHandler
                0x08004d64                DMA2D_IRQHandler
                0x08004d64                EXTI1_IRQHandler
                0x08004d64                USART2_IRQHandler
                0x08004d64                I2C2_ER_IRQHandler
                0x08004d64                CAN1_SCE_IRQHandler
                0x08004d64                FLASH_IRQHandler
                0x08004d64                SPI3_IRQHandler
                0x08004d64                I2C1_ER_IRQHandler
                0x08004d64                FMC_IRQHandler
                0x08004d64                SAI1_IRQHandler
 *fill*         0x08004d66        0x2 
 .text.HAL_Init
                0x08004d68       0x34 CMakeFiles/Engineer_Chassis_2025.elf.dir/Drivers/STM32F4xx_HAL_Driver/Src/stm32f4xx_hal.c.obj
                0x08004d68                HAL_Init
 .text.HAL_IncTick
                0x08004d9c       0x18 CMakeFiles/Engineer_Chassis_2025.elf.dir/Drivers/STM32F4xx_HAL_Driver/Src/stm32f4xx_hal.c.obj
                0x08004d9c                HAL_IncTick
 .text.HAL_GetTick
                0x08004db4        0xc CMakeFiles/Engineer_Chassis_2025.elf.dir/Drivers/STM32F4xx_HAL_Driver/Src/stm32f4xx_hal.c.obj
                0x08004db4                HAL_GetTick
 .text.HAL_Delay
                0x08004dc0       0x28 CMakeFiles/Engineer_Chassis_2025.elf.dir/Drivers/STM32F4xx_HAL_Driver/Src/stm32f4xx_hal.c.obj
                0x08004dc0                HAL_Delay
 .text.HAL_CAN_Init
                0x08004de8      0x14c CMakeFiles/Engineer_Chassis_2025.elf.dir/Drivers/STM32F4xx_HAL_Driver/Src/stm32f4xx_hal_can.c.obj
                0x08004de8                HAL_CAN_Init
 .text.HAL_CAN_ConfigFilter
                0x08004f34      0x138 CMakeFiles/Engineer_Chassis_2025.elf.dir/Drivers/STM32F4xx_HAL_Driver/Src/stm32f4xx_hal_can.c.obj
                0x08004f34                HAL_CAN_ConfigFilter
 .text.HAL_CAN_Start
                0x0800506c       0x5c CMakeFiles/Engineer_Chassis_2025.elf.dir/Drivers/STM32F4xx_HAL_Driver/Src/stm32f4xx_hal_can.c.obj
                0x0800506c                HAL_CAN_Start
 .text.HAL_CAN_AddTxMessage
                0x080050c8       0xea CMakeFiles/Engineer_Chassis_2025.elf.dir/Drivers/STM32F4xx_HAL_Driver/Src/stm32f4xx_hal_can.c.obj
                0x080050c8                HAL_CAN_AddTxMessage
 .text.HAL_CAN_GetRxMessage
                0x080051b2      0x16a CMakeFiles/Engineer_Chassis_2025.elf.dir/Drivers/STM32F4xx_HAL_Driver/Src/stm32f4xx_hal_can.c.obj
                0x080051b2                HAL_CAN_GetRxMessage
 .text.HAL_CAN_ActivateNotification
                0x0800531c       0x24 CMakeFiles/Engineer_Chassis_2025.elf.dir/Drivers/STM32F4xx_HAL_Driver/Src/stm32f4xx_hal_can.c.obj
                0x0800531c                HAL_CAN_ActivateNotification
 .text.HAL_CAN_TxMailbox0AbortCallback
                0x08005340        0x2 CMakeFiles/Engineer_Chassis_2025.elf.dir/Drivers/STM32F4xx_HAL_Driver/Src/stm32f4xx_hal_can.c.obj
                0x08005340                HAL_CAN_TxMailbox0AbortCallback
 .text.HAL_CAN_TxMailbox1AbortCallback
                0x08005342        0x2 CMakeFiles/Engineer_Chassis_2025.elf.dir/Drivers/STM32F4xx_HAL_Driver/Src/stm32f4xx_hal_can.c.obj
                0x08005342                HAL_CAN_TxMailbox1AbortCallback
 .text.HAL_CAN_TxMailbox2AbortCallback
                0x08005344        0x2 CMakeFiles/Engineer_Chassis_2025.elf.dir/Drivers/STM32F4xx_HAL_Driver/Src/stm32f4xx_hal_can.c.obj
                0x08005344                HAL_CAN_TxMailbox2AbortCallback
 .text.HAL_CAN_RxFifo0FullCallback
                0x08005346        0x2 CMakeFiles/Engineer_Chassis_2025.elf.dir/Drivers/STM32F4xx_HAL_Driver/Src/stm32f4xx_hal_can.c.obj
                0x08005346                HAL_CAN_RxFifo0FullCallback
 .text.HAL_CAN_RxFifo1FullCallback
                0x08005348        0x2 CMakeFiles/Engineer_Chassis_2025.elf.dir/Drivers/STM32F4xx_HAL_Driver/Src/stm32f4xx_hal_can.c.obj
                0x08005348                HAL_CAN_RxFifo1FullCallback
 .text.HAL_CAN_SleepCallback
                0x0800534a        0x2 CMakeFiles/Engineer_Chassis_2025.elf.dir/Drivers/STM32F4xx_HAL_Driver/Src/stm32f4xx_hal_can.c.obj
                0x0800534a                HAL_CAN_SleepCallback
 .text.HAL_CAN_WakeUpFromRxMsgCallback
                0x0800534c        0x2 CMakeFiles/Engineer_Chassis_2025.elf.dir/Drivers/STM32F4xx_HAL_Driver/Src/stm32f4xx_hal_can.c.obj
                0x0800534c                HAL_CAN_WakeUpFromRxMsgCallback
 .text.HAL_CAN_ErrorCallback
                0x0800534e        0x2 CMakeFiles/Engineer_Chassis_2025.elf.dir/Drivers/STM32F4xx_HAL_Driver/Src/stm32f4xx_hal_can.c.obj
                0x0800534e                HAL_CAN_ErrorCallback
 .text.HAL_CAN_IRQHandler
                0x08005350      0x250 CMakeFiles/Engineer_Chassis_2025.elf.dir/Drivers/STM32F4xx_HAL_Driver/Src/stm32f4xx_hal_can.c.obj
                0x08005350                HAL_CAN_IRQHandler
 .text.__NVIC_EnableIRQ
                0x080055a0       0x1c CMakeFiles/Engineer_Chassis_2025.elf.dir/Drivers/STM32F4xx_HAL_Driver/Src/stm32f4xx_hal_cortex.c.obj
 .text.__NVIC_SetPriority
                0x080055bc       0x28 CMakeFiles/Engineer_Chassis_2025.elf.dir/Drivers/STM32F4xx_HAL_Driver/Src/stm32f4xx_hal_cortex.c.obj
 .text.NVIC_EncodePriority
                0x080055e4       0x3e CMakeFiles/Engineer_Chassis_2025.elf.dir/Drivers/STM32F4xx_HAL_Driver/Src/stm32f4xx_hal_cortex.c.obj
 *fill*         0x08005622        0x2 
 .text.HAL_NVIC_SetPriorityGrouping
                0x08005624       0x24 CMakeFiles/Engineer_Chassis_2025.elf.dir/Drivers/STM32F4xx_HAL_Driver/Src/stm32f4xx_hal_cortex.c.obj
                0x08005624                HAL_NVIC_SetPriorityGrouping
 .text.HAL_NVIC_SetPriority
                0x08005648       0x20 CMakeFiles/Engineer_Chassis_2025.elf.dir/Drivers/STM32F4xx_HAL_Driver/Src/stm32f4xx_hal_cortex.c.obj
                0x08005648                HAL_NVIC_SetPriority
 .text.HAL_NVIC_EnableIRQ
                0x08005668        0x8 CMakeFiles/Engineer_Chassis_2025.elf.dir/Drivers/STM32F4xx_HAL_Driver/Src/stm32f4xx_hal_cortex.c.obj
                0x08005668                HAL_NVIC_EnableIRQ
 .text.DMA_SetConfig
                0x08005670       0x2c CMakeFiles/Engineer_Chassis_2025.elf.dir/Drivers/STM32F4xx_HAL_Driver/Src/stm32f4xx_hal_dma.c.obj
 .text.DMA_CalcBaseAndBitshift
                0x0800569c       0x3c CMakeFiles/Engineer_Chassis_2025.elf.dir/Drivers/STM32F4xx_HAL_Driver/Src/stm32f4xx_hal_dma.c.obj
 .text.DMA_CheckFifoParam
                0x080056d8       0x8e CMakeFiles/Engineer_Chassis_2025.elf.dir/Drivers/STM32F4xx_HAL_Driver/Src/stm32f4xx_hal_dma.c.obj
 *fill*         0x08005766        0x2 
 .text.HAL_DMA_Init
                0x08005768       0xcc CMakeFiles/Engineer_Chassis_2025.elf.dir/Drivers/STM32F4xx_HAL_Driver/Src/stm32f4xx_hal_dma.c.obj
                0x08005768                HAL_DMA_Init
 .text.HAL_DMA_Start_IT
                0x08005834       0x6a CMakeFiles/Engineer_Chassis_2025.elf.dir/Drivers/STM32F4xx_HAL_Driver/Src/stm32f4xx_hal_dma.c.obj
                0x08005834                HAL_DMA_Start_IT
 .text.HAL_DMA_Abort
                0x0800589e       0x94 CMakeFiles/Engineer_Chassis_2025.elf.dir/Drivers/STM32F4xx_HAL_Driver/Src/stm32f4xx_hal_dma.c.obj
                0x0800589e                HAL_DMA_Abort
 .text.HAL_DMA_Abort_IT
                0x08005932       0x26 CMakeFiles/Engineer_Chassis_2025.elf.dir/Drivers/STM32F4xx_HAL_Driver/Src/stm32f4xx_hal_dma.c.obj
                0x08005932                HAL_DMA_Abort_IT
 .text.HAL_DMA_IRQHandler
                0x08005958      0x1dc CMakeFiles/Engineer_Chassis_2025.elf.dir/Drivers/STM32F4xx_HAL_Driver/Src/stm32f4xx_hal_dma.c.obj
                0x08005958                HAL_DMA_IRQHandler
 .text.HAL_GPIO_Init
                0x08005b34      0x208 CMakeFiles/Engineer_Chassis_2025.elf.dir/Drivers/STM32F4xx_HAL_Driver/Src/stm32f4xx_hal_gpio.c.obj
                0x08005b34                HAL_GPIO_Init
 .text.HAL_GPIO_WritePin
                0x08005d3c        0xc CMakeFiles/Engineer_Chassis_2025.elf.dir/Drivers/STM32F4xx_HAL_Driver/Src/stm32f4xx_hal_gpio.c.obj
                0x08005d3c                HAL_GPIO_WritePin
 .text.PCD_WriteEmptyTxFifo
                0x08005d48       0xd0 CMakeFiles/Engineer_Chassis_2025.elf.dir/Drivers/STM32F4xx_HAL_Driver/Src/stm32f4xx_hal_pcd.c.obj
 .text.HAL_PCD_Init
                0x08005e18      0x102 CMakeFiles/Engineer_Chassis_2025.elf.dir/Drivers/STM32F4xx_HAL_Driver/Src/stm32f4xx_hal_pcd.c.obj
                0x08005e18                HAL_PCD_Init
 .text.HAL_PCD_Start
                0x08005f1a       0x44 CMakeFiles/Engineer_Chassis_2025.elf.dir/Drivers/STM32F4xx_HAL_Driver/Src/stm32f4xx_hal_pcd.c.obj
                0x08005f1a                HAL_PCD_Start
 *fill*         0x08005f5e        0x2 
 .text.PCD_EP_OutXfrComplete_int
                0x08005f60      0x104 CMakeFiles/Engineer_Chassis_2025.elf.dir/Drivers/STM32F4xx_HAL_Driver/Src/stm32f4xx_hal_pcd.c.obj
 .text.PCD_EP_OutSetupPacket_int
                0x08006064       0x50 CMakeFiles/Engineer_Chassis_2025.elf.dir/Drivers/STM32F4xx_HAL_Driver/Src/stm32f4xx_hal_pcd.c.obj
 .text.HAL_PCD_SetAddress
                0x080060b4       0x26 CMakeFiles/Engineer_Chassis_2025.elf.dir/Drivers/STM32F4xx_HAL_Driver/Src/stm32f4xx_hal_pcd.c.obj
                0x080060b4                HAL_PCD_SetAddress
 .text.HAL_PCD_EP_Open
                0x080060da       0x8c CMakeFiles/Engineer_Chassis_2025.elf.dir/Drivers/STM32F4xx_HAL_Driver/Src/stm32f4xx_hal_pcd.c.obj
                0x080060da                HAL_PCD_EP_Open
 .text.HAL_PCD_EP_Close
                0x08006166       0x70 CMakeFiles/Engineer_Chassis_2025.elf.dir/Drivers/STM32F4xx_HAL_Driver/Src/stm32f4xx_hal_pcd.c.obj
                0x08006166                HAL_PCD_EP_Close
 .text.HAL_PCD_EP_Receive
                0x080061d6       0x4a CMakeFiles/Engineer_Chassis_2025.elf.dir/Drivers/STM32F4xx_HAL_Driver/Src/stm32f4xx_hal_pcd.c.obj
                0x080061d6                HAL_PCD_EP_Receive
 .text.HAL_PCD_EP_GetRxCount
                0x08006220       0x12 CMakeFiles/Engineer_Chassis_2025.elf.dir/Drivers/STM32F4xx_HAL_Driver/Src/stm32f4xx_hal_pcd.c.obj
                0x08006220                HAL_PCD_EP_GetRxCount
 .text.HAL_PCD_EP_Transmit
                0x08006232       0x4a CMakeFiles/Engineer_Chassis_2025.elf.dir/Drivers/STM32F4xx_HAL_Driver/Src/stm32f4xx_hal_pcd.c.obj
                0x08006232                HAL_PCD_EP_Transmit
 .text.HAL_PCD_EP_SetStall
                0x0800627c       0x86 CMakeFiles/Engineer_Chassis_2025.elf.dir/Drivers/STM32F4xx_HAL_Driver/Src/stm32f4xx_hal_pcd.c.obj
                0x0800627c                HAL_PCD_EP_SetStall
 .text.HAL_PCD_EP_ClrStall
                0x08006302       0x74 CMakeFiles/Engineer_Chassis_2025.elf.dir/Drivers/STM32F4xx_HAL_Driver/Src/stm32f4xx_hal_pcd.c.obj
                0x08006302                HAL_PCD_EP_ClrStall
 .text.HAL_PCD_EP_Abort
                0x08006376       0x34 CMakeFiles/Engineer_Chassis_2025.elf.dir/Drivers/STM32F4xx_HAL_Driver/Src/stm32f4xx_hal_pcd.c.obj
                0x08006376                HAL_PCD_EP_Abort
 .text.HAL_PCD_IRQHandler
                0x080063aa      0x5c0 CMakeFiles/Engineer_Chassis_2025.elf.dir/Drivers/STM32F4xx_HAL_Driver/Src/stm32f4xx_hal_pcd.c.obj
                0x080063aa                HAL_PCD_IRQHandler
 .text.HAL_PCDEx_SetTxFiFo
                0x0800696a       0x4c CMakeFiles/Engineer_Chassis_2025.elf.dir/Drivers/STM32F4xx_HAL_Driver/Src/stm32f4xx_hal_pcd_ex.c.obj
                0x0800696a                HAL_PCDEx_SetTxFiFo
 .text.HAL_PCDEx_SetRxFiFo
                0x080069b6        0x8 CMakeFiles/Engineer_Chassis_2025.elf.dir/Drivers/STM32F4xx_HAL_Driver/Src/stm32f4xx_hal_pcd_ex.c.obj
                0x080069b6                HAL_PCDEx_SetRxFiFo
 .text.HAL_PCDEx_LPM_Callback
                0x080069be        0x2 CMakeFiles/Engineer_Chassis_2025.elf.dir/Drivers/STM32F4xx_HAL_Driver/Src/stm32f4xx_hal_pcd_ex.c.obj
                0x080069be                HAL_PCDEx_LPM_Callback
 .text.HAL_RCC_OscConfig
                0x080069c0      0x3f8 CMakeFiles/Engineer_Chassis_2025.elf.dir/Drivers/STM32F4xx_HAL_Driver/Src/stm32f4xx_hal_rcc.c.obj
                0x080069c0                HAL_RCC_OscConfig
 .text.HAL_RCC_GetSysClockFreq
                0x08006db8       0xa8 CMakeFiles/Engineer_Chassis_2025.elf.dir/Drivers/STM32F4xx_HAL_Driver/Src/stm32f4xx_hal_rcc.c.obj
                0x08006db8                HAL_RCC_GetSysClockFreq
 .text.HAL_RCC_ClockConfig
                0x08006e60      0x160 CMakeFiles/Engineer_Chassis_2025.elf.dir/Drivers/STM32F4xx_HAL_Driver/Src/stm32f4xx_hal_rcc.c.obj
                0x08006e60                HAL_RCC_ClockConfig
 .text.HAL_RCC_GetHCLKFreq
                0x08006fc0        0xc CMakeFiles/Engineer_Chassis_2025.elf.dir/Drivers/STM32F4xx_HAL_Driver/Src/stm32f4xx_hal_rcc.c.obj
                0x08006fc0                HAL_RCC_GetHCLKFreq
 .text.HAL_RCC_GetPCLK1Freq
                0x08006fcc       0x20 CMakeFiles/Engineer_Chassis_2025.elf.dir/Drivers/STM32F4xx_HAL_Driver/Src/stm32f4xx_hal_rcc.c.obj
                0x08006fcc                HAL_RCC_GetPCLK1Freq
 .text.HAL_RCC_GetPCLK2Freq
                0x08006fec       0x20 CMakeFiles/Engineer_Chassis_2025.elf.dir/Drivers/STM32F4xx_HAL_Driver/Src/stm32f4xx_hal_rcc.c.obj
                0x08006fec                HAL_RCC_GetPCLK2Freq
 .text.HAL_RCC_GetClockConfig
                0x0800700c       0x3c CMakeFiles/Engineer_Chassis_2025.elf.dir/Drivers/STM32F4xx_HAL_Driver/Src/stm32f4xx_hal_rcc.c.obj
                0x0800700c                HAL_RCC_GetClockConfig
 .text.HAL_SPI_TxCpltCallback
                0x08007048        0x2 CMakeFiles/Engineer_Chassis_2025.elf.dir/Drivers/STM32F4xx_HAL_Driver/Src/stm32f4xx_hal_spi.c.obj
                0x08007048                HAL_SPI_TxCpltCallback
 .text.HAL_SPI_RxCpltCallback
                0x0800704a        0x2 CMakeFiles/Engineer_Chassis_2025.elf.dir/Drivers/STM32F4xx_HAL_Driver/Src/stm32f4xx_hal_spi.c.obj
                0x0800704a                HAL_SPI_RxCpltCallback
 .text.HAL_SPI_TxRxCpltCallback
                0x0800704c        0x2 CMakeFiles/Engineer_Chassis_2025.elf.dir/Drivers/STM32F4xx_HAL_Driver/Src/stm32f4xx_hal_spi.c.obj
                0x0800704c                HAL_SPI_TxRxCpltCallback
 .text.HAL_SPI_TxHalfCpltCallback
                0x0800704e        0x2 CMakeFiles/Engineer_Chassis_2025.elf.dir/Drivers/STM32F4xx_HAL_Driver/Src/stm32f4xx_hal_spi.c.obj
                0x0800704e                HAL_SPI_TxHalfCpltCallback
 .text.HAL_SPI_RxHalfCpltCallback
                0x08007050        0x2 CMakeFiles/Engineer_Chassis_2025.elf.dir/Drivers/STM32F4xx_HAL_Driver/Src/stm32f4xx_hal_spi.c.obj
                0x08007050                HAL_SPI_RxHalfCpltCallback
 .text.HAL_SPI_TxRxHalfCpltCallback
                0x08007052        0x2 CMakeFiles/Engineer_Chassis_2025.elf.dir/Drivers/STM32F4xx_HAL_Driver/Src/stm32f4xx_hal_spi.c.obj
                0x08007052                HAL_SPI_TxRxHalfCpltCallback
 .text.HAL_SPI_ErrorCallback
                0x08007054        0x2 CMakeFiles/Engineer_Chassis_2025.elf.dir/Drivers/STM32F4xx_HAL_Driver/Src/stm32f4xx_hal_spi.c.obj
                0x08007054                HAL_SPI_ErrorCallback
 .text.HAL_SPI_AbortCpltCallback
                0x08007056        0x2 CMakeFiles/Engineer_Chassis_2025.elf.dir/Drivers/STM32F4xx_HAL_Driver/Src/stm32f4xx_hal_spi.c.obj
                0x08007056                HAL_SPI_AbortCpltCallback
 .text.SPI_DMAHalfReceiveCplt
                0x08007058        0xa CMakeFiles/Engineer_Chassis_2025.elf.dir/Drivers/STM32F4xx_HAL_Driver/Src/stm32f4xx_hal_spi.c.obj
 .text.SPI_DMAHalfTransmitReceiveCplt
                0x08007062        0xa CMakeFiles/Engineer_Chassis_2025.elf.dir/Drivers/STM32F4xx_HAL_Driver/Src/stm32f4xx_hal_spi.c.obj
 .text.SPI_DMAError
                0x0800706c       0x22 CMakeFiles/Engineer_Chassis_2025.elf.dir/Drivers/STM32F4xx_HAL_Driver/Src/stm32f4xx_hal_spi.c.obj
 .text.SPI_DMAAbortOnError
                0x0800708e       0x10 CMakeFiles/Engineer_Chassis_2025.elf.dir/Drivers/STM32F4xx_HAL_Driver/Src/stm32f4xx_hal_spi.c.obj
 *fill*         0x0800709e        0x2 
 .text.SPI_WaitFlagStateUntilTimeout
                0x080070a0       0xc8 CMakeFiles/Engineer_Chassis_2025.elf.dir/Drivers/STM32F4xx_HAL_Driver/Src/stm32f4xx_hal_spi.c.obj
 .text.SPI_EndRxTxTransaction
                0x08007168       0x80 CMakeFiles/Engineer_Chassis_2025.elf.dir/Drivers/STM32F4xx_HAL_Driver/Src/stm32f4xx_hal_spi.c.obj
 .text.SPI_EndRxTransaction
                0x080071e8       0x8c CMakeFiles/Engineer_Chassis_2025.elf.dir/Drivers/STM32F4xx_HAL_Driver/Src/stm32f4xx_hal_spi.c.obj
 .text.SPI_DMAReceiveCplt
                0x08007274       0x6e CMakeFiles/Engineer_Chassis_2025.elf.dir/Drivers/STM32F4xx_HAL_Driver/Src/stm32f4xx_hal_spi.c.obj
 .text.SPI_DMATransmitReceiveCplt
                0x080072e2       0x5e CMakeFiles/Engineer_Chassis_2025.elf.dir/Drivers/STM32F4xx_HAL_Driver/Src/stm32f4xx_hal_spi.c.obj
 .text.HAL_SPI_Init
                0x08007340      0x10c CMakeFiles/Engineer_Chassis_2025.elf.dir/Drivers/STM32F4xx_HAL_Driver/Src/stm32f4xx_hal_spi.c.obj
                0x08007340                HAL_SPI_Init
 .text.HAL_SPI_RegisterCallback
                0x0800744c       0xc6 CMakeFiles/Engineer_Chassis_2025.elf.dir/Drivers/STM32F4xx_HAL_Driver/Src/stm32f4xx_hal_spi.c.obj
                0x0800744c                HAL_SPI_RegisterCallback
 .text.HAL_SPI_TransmitReceive
                0x08007512      0x254 CMakeFiles/Engineer_Chassis_2025.elf.dir/Drivers/STM32F4xx_HAL_Driver/Src/stm32f4xx_hal_spi.c.obj
                0x08007512                HAL_SPI_TransmitReceive
 *fill*         0x08007766        0x2 
 .text.HAL_SPI_TransmitReceive_DMA
                0x08007768      0x160 CMakeFiles/Engineer_Chassis_2025.elf.dir/Drivers/STM32F4xx_HAL_Driver/Src/stm32f4xx_hal_spi.c.obj
                0x08007768                HAL_SPI_TransmitReceive_DMA
 .text.HAL_SPI_IRQHandler
                0x080078c8      0x124 CMakeFiles/Engineer_Chassis_2025.elf.dir/Drivers/STM32F4xx_HAL_Driver/Src/stm32f4xx_hal_spi.c.obj
                0x080078c8                HAL_SPI_IRQHandler
 .text.TIM_OC1_SetConfig
                0x080079ec       0x70 CMakeFiles/Engineer_Chassis_2025.elf.dir/Drivers/STM32F4xx_HAL_Driver/Src/stm32f4xx_hal_tim.c.obj
 .text.TIM_OC3_SetConfig
                0x08007a5c       0x70 CMakeFiles/Engineer_Chassis_2025.elf.dir/Drivers/STM32F4xx_HAL_Driver/Src/stm32f4xx_hal_tim.c.obj
 .text.TIM_OC4_SetConfig
                0x08007acc       0x50 CMakeFiles/Engineer_Chassis_2025.elf.dir/Drivers/STM32F4xx_HAL_Driver/Src/stm32f4xx_hal_tim.c.obj
 .text.TIM_TI1_ConfigInputStage
                0x08007b1c       0x26 CMakeFiles/Engineer_Chassis_2025.elf.dir/Drivers/STM32F4xx_HAL_Driver/Src/stm32f4xx_hal_tim.c.obj
 .text.TIM_TI2_ConfigInputStage
                0x08007b42       0x28 CMakeFiles/Engineer_Chassis_2025.elf.dir/Drivers/STM32F4xx_HAL_Driver/Src/stm32f4xx_hal_tim.c.obj
 .text.TIM_ITRx_SetConfig
                0x08007b6a       0x10 CMakeFiles/Engineer_Chassis_2025.elf.dir/Drivers/STM32F4xx_HAL_Driver/Src/stm32f4xx_hal_tim.c.obj
 *fill*         0x08007b7a        0x2 
 .text.HAL_TIM_Base_Start_IT
                0x08007b7c       0x88 CMakeFiles/Engineer_Chassis_2025.elf.dir/Drivers/STM32F4xx_HAL_Driver/Src/stm32f4xx_hal_tim.c.obj
                0x08007b7c                HAL_TIM_Base_Start_IT
 .text.HAL_TIM_OC_DelayElapsedCallback
                0x08007c04        0x2 CMakeFiles/Engineer_Chassis_2025.elf.dir/Drivers/STM32F4xx_HAL_Driver/Src/stm32f4xx_hal_tim.c.obj
                0x08007c04                HAL_TIM_OC_DelayElapsedCallback
 .text.HAL_TIM_IC_CaptureCallback
                0x08007c06        0x2 CMakeFiles/Engineer_Chassis_2025.elf.dir/Drivers/STM32F4xx_HAL_Driver/Src/stm32f4xx_hal_tim.c.obj
                0x08007c06                HAL_TIM_IC_CaptureCallback
 .text.HAL_TIM_PWM_PulseFinishedCallback
                0x08007c08        0x2 CMakeFiles/Engineer_Chassis_2025.elf.dir/Drivers/STM32F4xx_HAL_Driver/Src/stm32f4xx_hal_tim.c.obj
                0x08007c08                HAL_TIM_PWM_PulseFinishedCallback
 .text.HAL_TIM_TriggerCallback
                0x08007c0a        0x2 CMakeFiles/Engineer_Chassis_2025.elf.dir/Drivers/STM32F4xx_HAL_Driver/Src/stm32f4xx_hal_tim.c.obj
                0x08007c0a                HAL_TIM_TriggerCallback
 .text.HAL_TIM_IRQHandler
                0x08007c0c      0x15e CMakeFiles/Engineer_Chassis_2025.elf.dir/Drivers/STM32F4xx_HAL_Driver/Src/stm32f4xx_hal_tim.c.obj
                0x08007c0c                HAL_TIM_IRQHandler
 *fill*         0x08007d6a        0x2 
 .text.TIM_Base_SetConfig
                0x08007d6c       0xd8 CMakeFiles/Engineer_Chassis_2025.elf.dir/Drivers/STM32F4xx_HAL_Driver/Src/stm32f4xx_hal_tim.c.obj
                0x08007d6c                TIM_Base_SetConfig
 .text.HAL_TIM_Base_Init
                0x08007e44       0x58 CMakeFiles/Engineer_Chassis_2025.elf.dir/Drivers/STM32F4xx_HAL_Driver/Src/stm32f4xx_hal_tim.c.obj
                0x08007e44                HAL_TIM_Base_Init
 .text.HAL_TIM_PWM_Init
                0x08007e9c       0x58 CMakeFiles/Engineer_Chassis_2025.elf.dir/Drivers/STM32F4xx_HAL_Driver/Src/stm32f4xx_hal_tim.c.obj
                0x08007e9c                HAL_TIM_PWM_Init
 .text.TIM_OC2_SetConfig
                0x08007ef4       0x70 CMakeFiles/Engineer_Chassis_2025.elf.dir/Drivers/STM32F4xx_HAL_Driver/Src/stm32f4xx_hal_tim.c.obj
                0x08007ef4                TIM_OC2_SetConfig
 .text.HAL_TIM_PWM_ConfigChannel
                0x08007f64       0xdc CMakeFiles/Engineer_Chassis_2025.elf.dir/Drivers/STM32F4xx_HAL_Driver/Src/stm32f4xx_hal_tim.c.obj
                0x08007f64                HAL_TIM_PWM_ConfigChannel
 .text.TIM_ETR_SetConfig
                0x08008040       0x1a CMakeFiles/Engineer_Chassis_2025.elf.dir/Drivers/STM32F4xx_HAL_Driver/Src/stm32f4xx_hal_tim.c.obj
                0x08008040                TIM_ETR_SetConfig
 .text.HAL_TIM_ConfigClockSource
                0x0800805a       0xfe CMakeFiles/Engineer_Chassis_2025.elf.dir/Drivers/STM32F4xx_HAL_Driver/Src/stm32f4xx_hal_tim.c.obj
                0x0800805a                HAL_TIM_ConfigClockSource
 .text.TIM_CCxChannelCmd
                0x08008158       0x1e CMakeFiles/Engineer_Chassis_2025.elf.dir/Drivers/STM32F4xx_HAL_Driver/Src/stm32f4xx_hal_tim.c.obj
                0x08008158                TIM_CCxChannelCmd
 *fill*         0x08008176        0x2 
 .text.HAL_TIM_PWM_Start
                0x08008178      0x104 CMakeFiles/Engineer_Chassis_2025.elf.dir/Drivers/STM32F4xx_HAL_Driver/Src/stm32f4xx_hal_tim.c.obj
                0x08008178                HAL_TIM_PWM_Start
 .text.HAL_TIMEx_MasterConfigSynchronization
                0x0800827c       0x8c CMakeFiles/Engineer_Chassis_2025.elf.dir/Drivers/STM32F4xx_HAL_Driver/Src/stm32f4xx_hal_tim_ex.c.obj
                0x0800827c                HAL_TIMEx_MasterConfigSynchronization
 .text.HAL_TIMEx_CommutCallback
                0x08008308        0x2 CMakeFiles/Engineer_Chassis_2025.elf.dir/Drivers/STM32F4xx_HAL_Driver/Src/stm32f4xx_hal_tim_ex.c.obj
                0x08008308                HAL_TIMEx_CommutCallback
 .text.HAL_TIMEx_BreakCallback
                0x0800830a        0x2 CMakeFiles/Engineer_Chassis_2025.elf.dir/Drivers/STM32F4xx_HAL_Driver/Src/stm32f4xx_hal_tim_ex.c.obj
                0x0800830a                HAL_TIMEx_BreakCallback
 .text.HAL_UART_TxCpltCallback
                0x0800830c        0x2 CMakeFiles/Engineer_Chassis_2025.elf.dir/Drivers/STM32F4xx_HAL_Driver/Src/stm32f4xx_hal_uart.c.obj
                0x0800830c                HAL_UART_TxCpltCallback
 .text.HAL_UART_TxHalfCpltCallback
                0x0800830e        0x2 CMakeFiles/Engineer_Chassis_2025.elf.dir/Drivers/STM32F4xx_HAL_Driver/Src/stm32f4xx_hal_uart.c.obj
                0x0800830e                HAL_UART_TxHalfCpltCallback
 .text.HAL_UART_RxCpltCallback
                0x08008310        0x2 CMakeFiles/Engineer_Chassis_2025.elf.dir/Drivers/STM32F4xx_HAL_Driver/Src/stm32f4xx_hal_uart.c.obj
                0x08008310                HAL_UART_RxCpltCallback
 .text.HAL_UART_RxHalfCpltCallback
                0x08008312        0x2 CMakeFiles/Engineer_Chassis_2025.elf.dir/Drivers/STM32F4xx_HAL_Driver/Src/stm32f4xx_hal_uart.c.obj
                0x08008312                HAL_UART_RxHalfCpltCallback
 .text.HAL_UART_ErrorCallback
                0x08008314        0x2 CMakeFiles/Engineer_Chassis_2025.elf.dir/Drivers/STM32F4xx_HAL_Driver/Src/stm32f4xx_hal_uart.c.obj
                0x08008314                HAL_UART_ErrorCallback
 .text.HAL_UART_AbortCpltCallback
                0x08008316        0x2 CMakeFiles/Engineer_Chassis_2025.elf.dir/Drivers/STM32F4xx_HAL_Driver/Src/stm32f4xx_hal_uart.c.obj
                0x08008316                HAL_UART_AbortCpltCallback
 .text.HAL_UART_AbortTransmitCpltCallback
                0x08008318        0x2 CMakeFiles/Engineer_Chassis_2025.elf.dir/Drivers/STM32F4xx_HAL_Driver/Src/stm32f4xx_hal_uart.c.obj
                0x08008318                HAL_UART_AbortTransmitCpltCallback
 .text.HAL_UART_AbortReceiveCpltCallback
                0x0800831a        0x2 CMakeFiles/Engineer_Chassis_2025.elf.dir/Drivers/STM32F4xx_HAL_Driver/Src/stm32f4xx_hal_uart.c.obj
                0x0800831a                HAL_UART_AbortReceiveCpltCallback
 .text.HAL_UARTEx_RxEventCallback
                0x0800831c        0x2 CMakeFiles/Engineer_Chassis_2025.elf.dir/Drivers/STM32F4xx_HAL_Driver/Src/stm32f4xx_hal_uart.c.obj
                0x0800831c                HAL_UARTEx_RxEventCallback
 .text.UART_DMATransmitCplt
                0x0800831e       0x4c CMakeFiles/Engineer_Chassis_2025.elf.dir/Drivers/STM32F4xx_HAL_Driver/Src/stm32f4xx_hal_uart.c.obj
 .text.UART_DMATxHalfCplt
                0x0800836a        0xa CMakeFiles/Engineer_Chassis_2025.elf.dir/Drivers/STM32F4xx_HAL_Driver/Src/stm32f4xx_hal_uart.c.obj
 .text.UART_DMAReceiveCplt
                0x08008374       0x9a CMakeFiles/Engineer_Chassis_2025.elf.dir/Drivers/STM32F4xx_HAL_Driver/Src/stm32f4xx_hal_uart.c.obj
 .text.UART_DMARxHalfCplt
                0x0800840e       0x1e CMakeFiles/Engineer_Chassis_2025.elf.dir/Drivers/STM32F4xx_HAL_Driver/Src/stm32f4xx_hal_uart.c.obj
 .text.UART_EndTxTransfer
                0x0800842c       0x20 CMakeFiles/Engineer_Chassis_2025.elf.dir/Drivers/STM32F4xx_HAL_Driver/Src/stm32f4xx_hal_uart.c.obj
 .text.UART_EndRxTransfer
                0x0800844c       0x5c CMakeFiles/Engineer_Chassis_2025.elf.dir/Drivers/STM32F4xx_HAL_Driver/Src/stm32f4xx_hal_uart.c.obj
 .text.UART_DMAError
                0x080084a8       0x58 CMakeFiles/Engineer_Chassis_2025.elf.dir/Drivers/STM32F4xx_HAL_Driver/Src/stm32f4xx_hal_uart.c.obj
 .text.UART_DMAAbortOnError
                0x08008500       0x10 CMakeFiles/Engineer_Chassis_2025.elf.dir/Drivers/STM32F4xx_HAL_Driver/Src/stm32f4xx_hal_uart.c.obj
 .text.UART_Transmit_IT
                0x08008510       0x60 CMakeFiles/Engineer_Chassis_2025.elf.dir/Drivers/STM32F4xx_HAL_Driver/Src/stm32f4xx_hal_uart.c.obj
 .text.UART_EndTransmit_IT
                0x08008570       0x1a CMakeFiles/Engineer_Chassis_2025.elf.dir/Drivers/STM32F4xx_HAL_Driver/Src/stm32f4xx_hal_uart.c.obj
 .text.UART_Receive_IT
                0x0800858a       0xe6 CMakeFiles/Engineer_Chassis_2025.elf.dir/Drivers/STM32F4xx_HAL_Driver/Src/stm32f4xx_hal_uart.c.obj
 .text.UART_SetConfig
                0x08008670      0x110 CMakeFiles/Engineer_Chassis_2025.elf.dir/Drivers/STM32F4xx_HAL_Driver/Src/stm32f4xx_hal_uart.c.obj
 .text.UART_WaitOnFlagUntilTimeout
                0x08008780       0x86 CMakeFiles/Engineer_Chassis_2025.elf.dir/Drivers/STM32F4xx_HAL_Driver/Src/stm32f4xx_hal_uart.c.obj
 .text.HAL_UART_RegisterRxEventCallback
                0x08008806       0x44 CMakeFiles/Engineer_Chassis_2025.elf.dir/Drivers/STM32F4xx_HAL_Driver/Src/stm32f4xx_hal_uart.c.obj
                0x08008806                HAL_UART_RegisterRxEventCallback
 .text.HAL_UART_Transmit
                0x0800884a       0xcc CMakeFiles/Engineer_Chassis_2025.elf.dir/Drivers/STM32F4xx_HAL_Driver/Src/stm32f4xx_hal_uart.c.obj
                0x0800884a                HAL_UART_Transmit
 *fill*         0x08008916        0x2 
 .text.HAL_UART_Transmit_DMA
                0x08008918       0x84 CMakeFiles/Engineer_Chassis_2025.elf.dir/Drivers/STM32F4xx_HAL_Driver/Src/stm32f4xx_hal_uart.c.obj
                0x08008918                HAL_UART_Transmit_DMA
 .text.HAL_UART_IRQHandler
                0x0800899c      0x284 CMakeFiles/Engineer_Chassis_2025.elf.dir/Drivers/STM32F4xx_HAL_Driver/Src/stm32f4xx_hal_uart.c.obj
                0x0800899c                HAL_UART_IRQHandler
 .text.UART_InitCallbacksToDefault
                0x08008c20       0x4c CMakeFiles/Engineer_Chassis_2025.elf.dir/Drivers/STM32F4xx_HAL_Driver/Src/stm32f4xx_hal_uart.c.obj
                0x08008c20                UART_InitCallbacksToDefault
 .text.HAL_UART_Init
                0x08008c6c       0x78 CMakeFiles/Engineer_Chassis_2025.elf.dir/Drivers/STM32F4xx_HAL_Driver/Src/stm32f4xx_hal_uart.c.obj
                0x08008c6c                HAL_UART_Init
 .text.UART_Start_Receive_DMA
                0x08008ce4       0xa4 CMakeFiles/Engineer_Chassis_2025.elf.dir/Drivers/STM32F4xx_HAL_Driver/Src/stm32f4xx_hal_uart.c.obj
                0x08008ce4                UART_Start_Receive_DMA
 .text.HAL_UARTEx_ReceiveToIdle_DMA
                0x08008d88       0x66 CMakeFiles/Engineer_Chassis_2025.elf.dir/Drivers/STM32F4xx_HAL_Driver/Src/stm32f4xx_hal_uart.c.obj
                0x08008d88                HAL_UARTEx_ReceiveToIdle_DMA
 .text.USB_CoreReset
                0x08008dee       0x4a CMakeFiles/Engineer_Chassis_2025.elf.dir/Drivers/STM32F4xx_HAL_Driver/Src/stm32f4xx_ll_usb.c.obj
 .text.USB_CoreInit
                0x08008e38       0x92 CMakeFiles/Engineer_Chassis_2025.elf.dir/Drivers/STM32F4xx_HAL_Driver/Src/stm32f4xx_ll_usb.c.obj
                0x08008e38                USB_CoreInit
 *fill*         0x08008eca        0x2 
 .text.USB_SetTurnaroundTime
                0x08008ecc       0xe4 CMakeFiles/Engineer_Chassis_2025.elf.dir/Drivers/STM32F4xx_HAL_Driver/Src/stm32f4xx_ll_usb.c.obj
                0x08008ecc                USB_SetTurnaroundTime
 .text.USB_EnableGlobalInt
                0x08008fb0        0xc CMakeFiles/Engineer_Chassis_2025.elf.dir/Drivers/STM32F4xx_HAL_Driver/Src/stm32f4xx_ll_usb.c.obj
                0x08008fb0                USB_EnableGlobalInt
 .text.USB_DisableGlobalInt
                0x08008fbc        0xc CMakeFiles/Engineer_Chassis_2025.elf.dir/Drivers/STM32F4xx_HAL_Driver/Src/stm32f4xx_ll_usb.c.obj
                0x08008fbc                USB_DisableGlobalInt
 .text.USB_FlushTxFifo
                0x08008fc8       0x4a CMakeFiles/Engineer_Chassis_2025.elf.dir/Drivers/STM32F4xx_HAL_Driver/Src/stm32f4xx_ll_usb.c.obj
                0x08008fc8                USB_FlushTxFifo
 .text.USB_FlushRxFifo
                0x08009012       0x46 CMakeFiles/Engineer_Chassis_2025.elf.dir/Drivers/STM32F4xx_HAL_Driver/Src/stm32f4xx_ll_usb.c.obj
                0x08009012                USB_FlushRxFifo
 .text.USB_SetDevSpeed
                0x08009058        0xe CMakeFiles/Engineer_Chassis_2025.elf.dir/Drivers/STM32F4xx_HAL_Driver/Src/stm32f4xx_ll_usb.c.obj
                0x08009058                USB_SetDevSpeed
 *fill*         0x08009066        0x2 
 .text.USB_DevInit
                0x08009068      0x194 CMakeFiles/Engineer_Chassis_2025.elf.dir/Drivers/STM32F4xx_HAL_Driver/Src/stm32f4xx_ll_usb.c.obj
                0x08009068                USB_DevInit
 .text.USB_GetDevSpeed
                0x080091fc       0x22 CMakeFiles/Engineer_Chassis_2025.elf.dir/Drivers/STM32F4xx_HAL_Driver/Src/stm32f4xx_ll_usb.c.obj
                0x080091fc                USB_GetDevSpeed
 .text.USB_ActivateEndpoint
                0x0800921e       0x9a CMakeFiles/Engineer_Chassis_2025.elf.dir/Drivers/STM32F4xx_HAL_Driver/Src/stm32f4xx_ll_usb.c.obj
                0x0800921e                USB_ActivateEndpoint
 .text.USB_DeactivateEndpoint
                0x080092b8       0xe0 CMakeFiles/Engineer_Chassis_2025.elf.dir/Drivers/STM32F4xx_HAL_Driver/Src/stm32f4xx_ll_usb.c.obj
                0x080092b8                USB_DeactivateEndpoint
 .text.USB_EPStopXfer
                0x08009398       0xbe CMakeFiles/Engineer_Chassis_2025.elf.dir/Drivers/STM32F4xx_HAL_Driver/Src/stm32f4xx_ll_usb.c.obj
                0x08009398                USB_EPStopXfer
 .text.USB_WritePacket
                0x08009456       0x2e CMakeFiles/Engineer_Chassis_2025.elf.dir/Drivers/STM32F4xx_HAL_Driver/Src/stm32f4xx_ll_usb.c.obj
                0x08009456                USB_WritePacket
 .text.USB_EPStartXfer
                0x08009484      0x244 CMakeFiles/Engineer_Chassis_2025.elf.dir/Drivers/STM32F4xx_HAL_Driver/Src/stm32f4xx_ll_usb.c.obj
                0x08009484                USB_EPStartXfer
 .text.USB_ReadPacket
                0x080096c8       0x46 CMakeFiles/Engineer_Chassis_2025.elf.dir/Drivers/STM32F4xx_HAL_Driver/Src/stm32f4xx_ll_usb.c.obj
                0x080096c8                USB_ReadPacket
 .text.USB_EPSetStall
                0x0800970e       0x5a CMakeFiles/Engineer_Chassis_2025.elf.dir/Drivers/STM32F4xx_HAL_Driver/Src/stm32f4xx_ll_usb.c.obj
                0x0800970e                USB_EPSetStall
 .text.USB_EPClearStall
                0x08009768       0x5c CMakeFiles/Engineer_Chassis_2025.elf.dir/Drivers/STM32F4xx_HAL_Driver/Src/stm32f4xx_ll_usb.c.obj
                0x08009768                USB_EPClearStall
 .text.USB_SetDevAddress
                0x080097c4       0x20 CMakeFiles/Engineer_Chassis_2025.elf.dir/Drivers/STM32F4xx_HAL_Driver/Src/stm32f4xx_ll_usb.c.obj
                0x080097c4                USB_SetDevAddress
 .text.USB_DevConnect
                0x080097e4       0x1c CMakeFiles/Engineer_Chassis_2025.elf.dir/Drivers/STM32F4xx_HAL_Driver/Src/stm32f4xx_ll_usb.c.obj
                0x080097e4                USB_DevConnect
 .text.USB_DevDisconnect
                0x08009800       0x1c CMakeFiles/Engineer_Chassis_2025.elf.dir/Drivers/STM32F4xx_HAL_Driver/Src/stm32f4xx_ll_usb.c.obj
                0x08009800                USB_DevDisconnect
 .text.USB_ReadInterrupts
                0x0800981c        0x8 CMakeFiles/Engineer_Chassis_2025.elf.dir/Drivers/STM32F4xx_HAL_Driver/Src/stm32f4xx_ll_usb.c.obj
                0x0800981c                USB_ReadInterrupts
 .text.USB_ReadDevAllOutEpInterrupt
                0x08009824       0x10 CMakeFiles/Engineer_Chassis_2025.elf.dir/Drivers/STM32F4xx_HAL_Driver/Src/stm32f4xx_ll_usb.c.obj
                0x08009824                USB_ReadDevAllOutEpInterrupt
 .text.USB_ReadDevAllInEpInterrupt
                0x08009834       0x10 CMakeFiles/Engineer_Chassis_2025.elf.dir/Drivers/STM32F4xx_HAL_Driver/Src/stm32f4xx_ll_usb.c.obj
                0x08009834                USB_ReadDevAllInEpInterrupt
 .text.USB_ReadDevOutEPInterrupt
                0x08009844       0x12 CMakeFiles/Engineer_Chassis_2025.elf.dir/Drivers/STM32F4xx_HAL_Driver/Src/stm32f4xx_ll_usb.c.obj
                0x08009844                USB_ReadDevOutEPInterrupt
 .text.USB_ReadDevInEPInterrupt
                0x08009856       0x24 CMakeFiles/Engineer_Chassis_2025.elf.dir/Drivers/STM32F4xx_HAL_Driver/Src/stm32f4xx_ll_usb.c.obj
                0x08009856                USB_ReadDevInEPInterrupt
 .text.USB_GetMode
                0x0800987a        0x8 CMakeFiles/Engineer_Chassis_2025.elf.dir/Drivers/STM32F4xx_HAL_Driver/Src/stm32f4xx_ll_usb.c.obj
                0x0800987a                USB_GetMode
 .text.USB_SetCurrentMode
                0x08009882       0x62 CMakeFiles/Engineer_Chassis_2025.elf.dir/Drivers/STM32F4xx_HAL_Driver/Src/stm32f4xx_ll_usb.c.obj
                0x08009882                USB_SetCurrentMode
 .text.USB_ActivateSetup
                0x080098e4       0x1c CMakeFiles/Engineer_Chassis_2025.elf.dir/Drivers/STM32F4xx_HAL_Driver/Src/stm32f4xx_ll_usb.c.obj
                0x080098e4                USB_ActivateSetup
 .text.USB_EP0_OutStart
                0x08009900       0x60 CMakeFiles/Engineer_Chassis_2025.elf.dir/Drivers/STM32F4xx_HAL_Driver/Src/stm32f4xx_ll_usb.c.obj
                0x08009900                USB_EP0_OutStart
 .text.USBD_CDC_EP0_RxReady
                0x08009960       0x40 CMakeFiles/Engineer_Chassis_2025.elf.dir/Middlewares/ST/STM32_USB_Device_Library/Class/CDC/Src/usbd_cdc.c.obj
 .text.USBD_CDC_GetDeviceQualifierDescriptor
                0x080099a0        0xc CMakeFiles/Engineer_Chassis_2025.elf.dir/Middlewares/ST/STM32_USB_Device_Library/Class/CDC/Src/usbd_cdc.c.obj
                0x080099a0                USBD_CDC_GetDeviceQualifierDescriptor
 .text.USBD_CDC_GetOtherSpeedCfgDesc
                0x080099ac       0x48 CMakeFiles/Engineer_Chassis_2025.elf.dir/Middlewares/ST/STM32_USB_Device_Library/Class/CDC/Src/usbd_cdc.c.obj
 .text.USBD_CDC_GetFSCfgDesc
                0x080099f4       0x48 CMakeFiles/Engineer_Chassis_2025.elf.dir/Middlewares/ST/STM32_USB_Device_Library/Class/CDC/Src/usbd_cdc.c.obj
 .text.USBD_CDC_GetHSCfgDesc
                0x08009a3c       0x48 CMakeFiles/Engineer_Chassis_2025.elf.dir/Middlewares/ST/STM32_USB_Device_Library/Class/CDC/Src/usbd_cdc.c.obj
 .text.USBD_CDC_DataOut
                0x08009a84       0x38 CMakeFiles/Engineer_Chassis_2025.elf.dir/Middlewares/ST/STM32_USB_Device_Library/Class/CDC/Src/usbd_cdc.c.obj
 .text.USBD_CDC_DataIn
                0x08009abc       0x7c CMakeFiles/Engineer_Chassis_2025.elf.dir/Middlewares/ST/STM32_USB_Device_Library/Class/CDC/Src/usbd_cdc.c.obj
 .text.USBD_CDC_Setup
                0x08009b38      0x11a CMakeFiles/Engineer_Chassis_2025.elf.dir/Middlewares/ST/STM32_USB_Device_Library/Class/CDC/Src/usbd_cdc.c.obj
 .text.USBD_CDC_DeInit
                0x08009c52       0x64 CMakeFiles/Engineer_Chassis_2025.elf.dir/Middlewares/ST/STM32_USB_Device_Library/Class/CDC/Src/usbd_cdc.c.obj
 .text.USBD_CDC_Init
                0x08009cb6       0xee CMakeFiles/Engineer_Chassis_2025.elf.dir/Middlewares/ST/STM32_USB_Device_Library/Class/CDC/Src/usbd_cdc.c.obj
 .text.USBD_CDC_RegisterInterface
                0x08009da4       0x16 CMakeFiles/Engineer_Chassis_2025.elf.dir/Middlewares/ST/STM32_USB_Device_Library/Class/CDC/Src/usbd_cdc.c.obj
                0x08009da4                USBD_CDC_RegisterInterface
 .text.USBD_CDC_SetTxBuffer
                0x08009dba       0x1c CMakeFiles/Engineer_Chassis_2025.elf.dir/Middlewares/ST/STM32_USB_Device_Library/Class/CDC/Src/usbd_cdc.c.obj
                0x08009dba                USBD_CDC_SetTxBuffer
 .text.USBD_CDC_SetRxBuffer
                0x08009dd6       0x18 CMakeFiles/Engineer_Chassis_2025.elf.dir/Middlewares/ST/STM32_USB_Device_Library/Class/CDC/Src/usbd_cdc.c.obj
                0x08009dd6                USBD_CDC_SetRxBuffer
 .text.USBD_CDC_ReceivePacket
                0x08009dee       0x38 CMakeFiles/Engineer_Chassis_2025.elf.dir/Middlewares/ST/STM32_USB_Device_Library/Class/CDC/Src/usbd_cdc.c.obj
                0x08009dee                USBD_CDC_ReceivePacket
 .text.USBD_Init
                0x08009e26       0x2e CMakeFiles/Engineer_Chassis_2025.elf.dir/Middlewares/ST/STM32_USB_Device_Library/Core/Src/usbd_core.c.obj
                0x08009e26                USBD_Init
 .text.USBD_RegisterClass
                0x08009e54       0x40 CMakeFiles/Engineer_Chassis_2025.elf.dir/Middlewares/ST/STM32_USB_Device_Library/Core/Src/usbd_core.c.obj
                0x08009e54                USBD_RegisterClass
 .text.USBD_Start
                0x08009e94        0x8 CMakeFiles/Engineer_Chassis_2025.elf.dir/Middlewares/ST/STM32_USB_Device_Library/Core/Src/usbd_core.c.obj
                0x08009e94                USBD_Start
 .text.USBD_SetClassConfig
                0x08009e9c       0x12 CMakeFiles/Engineer_Chassis_2025.elf.dir/Middlewares/ST/STM32_USB_Device_Library/Core/Src/usbd_core.c.obj
                0x08009e9c                USBD_SetClassConfig
 .text.USBD_ClrClassConfig
                0x08009eae       0x12 CMakeFiles/Engineer_Chassis_2025.elf.dir/Middlewares/ST/STM32_USB_Device_Library/Core/Src/usbd_core.c.obj
                0x08009eae                USBD_ClrClassConfig
 .text.USBD_LL_SetupStage
                0x08009ec0       0x58 CMakeFiles/Engineer_Chassis_2025.elf.dir/Middlewares/ST/STM32_USB_Device_Library/Core/Src/usbd_core.c.obj
                0x08009ec0                USBD_LL_SetupStage
 .text.USBD_LL_Reset
                0x08009f18       0x64 CMakeFiles/Engineer_Chassis_2025.elf.dir/Middlewares/ST/STM32_USB_Device_Library/Core/Src/usbd_core.c.obj
                0x08009f18                USBD_LL_Reset
 .text.USBD_LL_SetSpeed
                0x08009f7c        0x6 CMakeFiles/Engineer_Chassis_2025.elf.dir/Middlewares/ST/STM32_USB_Device_Library/Core/Src/usbd_core.c.obj
                0x08009f7c                USBD_LL_SetSpeed
 .text.USBD_LL_Suspend
                0x08009f82       0x1e CMakeFiles/Engineer_Chassis_2025.elf.dir/Middlewares/ST/STM32_USB_Device_Library/Core/Src/usbd_core.c.obj
                0x08009f82                USBD_LL_Suspend
 .text.USBD_LL_Resume
                0x08009fa0       0x1a CMakeFiles/Engineer_Chassis_2025.elf.dir/Middlewares/ST/STM32_USB_Device_Library/Core/Src/usbd_core.c.obj
                0x08009fa0                USBD_LL_Resume
 .text.USBD_LL_SOF
                0x08009fba       0x22 CMakeFiles/Engineer_Chassis_2025.elf.dir/Middlewares/ST/STM32_USB_Device_Library/Core/Src/usbd_core.c.obj
                0x08009fba                USBD_LL_SOF
 .text.USBD_LL_IsoINIncomplete
                0x08009fdc       0x2e CMakeFiles/Engineer_Chassis_2025.elf.dir/Middlewares/ST/STM32_USB_Device_Library/Core/Src/usbd_core.c.obj
                0x08009fdc                USBD_LL_IsoINIncomplete
 .text.USBD_LL_IsoOUTIncomplete
                0x0800a00a       0x2e CMakeFiles/Engineer_Chassis_2025.elf.dir/Middlewares/ST/STM32_USB_Device_Library/Core/Src/usbd_core.c.obj
                0x0800a00a                USBD_LL_IsoOUTIncomplete
 .text.USBD_LL_DevConnected
                0x0800a038        0x4 CMakeFiles/Engineer_Chassis_2025.elf.dir/Middlewares/ST/STM32_USB_Device_Library/Core/Src/usbd_core.c.obj
                0x0800a038                USBD_LL_DevConnected
 .text.USBD_LL_DevDisconnected
                0x0800a03c       0x20 CMakeFiles/Engineer_Chassis_2025.elf.dir/Middlewares/ST/STM32_USB_Device_Library/Core/Src/usbd_core.c.obj
                0x0800a03c                USBD_LL_DevDisconnected
 .text.USBD_CoreFindIF
                0x0800a05c        0x4 CMakeFiles/Engineer_Chassis_2025.elf.dir/Middlewares/ST/STM32_USB_Device_Library/Core/Src/usbd_core.c.obj
                0x0800a05c                USBD_CoreFindIF
 .text.USBD_CoreFindEP
                0x0800a060        0x4 CMakeFiles/Engineer_Chassis_2025.elf.dir/Middlewares/ST/STM32_USB_Device_Library/Core/Src/usbd_core.c.obj
                0x0800a060                USBD_CoreFindEP
 .text.USBD_LL_DataOutStage
                0x0800a064       0xc4 CMakeFiles/Engineer_Chassis_2025.elf.dir/Middlewares/ST/STM32_USB_Device_Library/Core/Src/usbd_core.c.obj
                0x0800a064                USBD_LL_DataOutStage
 .text.USBD_LL_DataInStage
                0x0800a128       0xd6 CMakeFiles/Engineer_Chassis_2025.elf.dir/Middlewares/ST/STM32_USB_Device_Library/Core/Src/usbd_core.c.obj
                0x0800a128                USBD_LL_DataInStage
 .text.USBD_GetNextDesc
                0x0800a1fe        0xe CMakeFiles/Engineer_Chassis_2025.elf.dir/Middlewares/ST/STM32_USB_Device_Library/Core/Src/usbd_core.c.obj
                0x0800a1fe                USBD_GetNextDesc
 .text.USBD_GetEpDesc
                0x0800a20c       0x3e CMakeFiles/Engineer_Chassis_2025.elf.dir/Middlewares/ST/STM32_USB_Device_Library/Core/Src/usbd_core.c.obj
                0x0800a20c                USBD_GetEpDesc
 .text.USBD_GetLen
                0x0800a24a       0x14 CMakeFiles/Engineer_Chassis_2025.elf.dir/Middlewares/ST/STM32_USB_Device_Library/Core/Src/usbd_ctlreq.c.obj
 .text.USBD_ParseSetupRequest
                0x0800a25e       0x28 CMakeFiles/Engineer_Chassis_2025.elf.dir/Middlewares/ST/STM32_USB_Device_Library/Core/Src/usbd_ctlreq.c.obj
                0x0800a25e                USBD_ParseSetupRequest
 .text.USBD_CtlError
                0x0800a286       0x14 CMakeFiles/Engineer_Chassis_2025.elf.dir/Middlewares/ST/STM32_USB_Device_Library/Core/Src/usbd_ctlreq.c.obj
                0x0800a286                USBD_CtlError
 .text.USBD_GetDescriptor
                0x0800a29a      0x18a CMakeFiles/Engineer_Chassis_2025.elf.dir/Middlewares/ST/STM32_USB_Device_Library/Core/Src/usbd_ctlreq.c.obj
 .text.USBD_SetAddress
                0x0800a424       0x50 CMakeFiles/Engineer_Chassis_2025.elf.dir/Middlewares/ST/STM32_USB_Device_Library/Core/Src/usbd_ctlreq.c.obj
 .text.USBD_SetConfig
                0x0800a474       0xcc CMakeFiles/Engineer_Chassis_2025.elf.dir/Middlewares/ST/STM32_USB_Device_Library/Core/Src/usbd_ctlreq.c.obj
 .text.USBD_GetConfig
                0x0800a540       0x40 CMakeFiles/Engineer_Chassis_2025.elf.dir/Middlewares/ST/STM32_USB_Device_Library/Core/Src/usbd_ctlreq.c.obj
 .text.USBD_GetStatus
                0x0800a580       0x38 CMakeFiles/Engineer_Chassis_2025.elf.dir/Middlewares/ST/STM32_USB_Device_Library/Core/Src/usbd_ctlreq.c.obj
 .text.USBD_SetFeature
                0x0800a5b8       0x2a CMakeFiles/Engineer_Chassis_2025.elf.dir/Middlewares/ST/STM32_USB_Device_Library/Core/Src/usbd_ctlreq.c.obj
 .text.USBD_ClrFeature
                0x0800a5e2       0x26 CMakeFiles/Engineer_Chassis_2025.elf.dir/Middlewares/ST/STM32_USB_Device_Library/Core/Src/usbd_ctlreq.c.obj
 .text.USBD_StdDevReq
                0x0800a608       0x76 CMakeFiles/Engineer_Chassis_2025.elf.dir/Middlewares/ST/STM32_USB_Device_Library/Core/Src/usbd_ctlreq.c.obj
                0x0800a608                USBD_StdDevReq
 .text.USBD_StdItfReq
                0x0800a67e       0x84 CMakeFiles/Engineer_Chassis_2025.elf.dir/Middlewares/ST/STM32_USB_Device_Library/Core/Src/usbd_ctlreq.c.obj
                0x0800a67e                USBD_StdItfReq
 .text.USBD_StdEPReq
                0x0800a702      0x230 CMakeFiles/Engineer_Chassis_2025.elf.dir/Middlewares/ST/STM32_USB_Device_Library/Core/Src/usbd_ctlreq.c.obj
                0x0800a702                USBD_StdEPReq
 .text.USBD_GetString
                0x0800a932       0x46 CMakeFiles/Engineer_Chassis_2025.elf.dir/Middlewares/ST/STM32_USB_Device_Library/Core/Src/usbd_ctlreq.c.obj
                0x0800a932                USBD_GetString
 .text.USBD_CtlSendData
                0x0800a978       0x1a CMakeFiles/Engineer_Chassis_2025.elf.dir/Middlewares/ST/STM32_USB_Device_Library/Core/Src/usbd_ioreq.c.obj
                0x0800a978                USBD_CtlSendData
 .text.USBD_CtlContinueSendData
                0x0800a992       0x10 CMakeFiles/Engineer_Chassis_2025.elf.dir/Middlewares/ST/STM32_USB_Device_Library/Core/Src/usbd_ioreq.c.obj
                0x0800a992                USBD_CtlContinueSendData
 .text.USBD_CtlPrepareRx
                0x0800a9a2       0x1e CMakeFiles/Engineer_Chassis_2025.elf.dir/Middlewares/ST/STM32_USB_Device_Library/Core/Src/usbd_ioreq.c.obj